IDFðets Jun  8 2016 00:22:57
[2019-08-29 17:26:22] 
[2019-08-29 17:26:22] rst:0x1 (POWERON_RESET),boot:0x13 (SPI_FAST_FLASH_BOOT)
[2019-08-29 17:26:22] configsip: 0, SPIWP:0xee
[2019-08-29 17:26:22] clk_drv:0x00,q_drv:0x00,d_drv:0x00,cs0_drv:0x00,hd_drv:0x00,wp_drv:0x00
[2019-08-29 17:26:22] mode:DIO, clock div:2
[2019-08-29 17:26:22] load:0x3fff0018,len:4
[2019-08-29 17:26:22] load:0x3fff001c,len:6192
[2019-08-29 17:26:22] ho 0 tail 12 room 4
[2019-08-29 17:26:22] load:0x40078000,len:10272
[2019-08-29 17:26:22] load:0x40080400,len:6608
[2019-08-29 17:26:22] entry 0x40080764
[2019-08-29 17:26:22] [0;32mI (30) boot: ESP-IDF v3.2.2-42-g4a9f33944-dirty 2nd stage bootloader[0m
[2019-08-29 17:26:22] [0;32mI (30) boot: compile time 18:15:19[0m
[2019-08-29 17:26:22] [0;32mI (30) boot: Enabling RNG early entropy source...[0m
[2019-08-29 17:26:22] [0;32mI (36) boot: SPI Speed      : 40MHz[0m
[2019-08-29 17:26:22] [0;32mI (41) boot: SPI Mode       : DIO[0m
[2019-08-29 17:26:22] [0;32mI (45) boot: SPI Flash Size : 4MB[0m
[2019-08-29 17:26:22] [0;32mI (49) boot: Partition Table:[0m
[2019-08-29 17:26:22] [0;32mI (52) boot: ## Label            Usage          Type ST Offset   Length[0m
[2019-08-29 17:26:22] [0;32mI (59) boot:  0 nvs              WiFi data        01 02 00009000 00004000[0m
[2019-08-29 17:26:22] [0;32mI (67) boot:  1 otadata          OTA data         01 00 0000d000 00002000[0m
[2019-08-29 17:26:22] [0;32mI (74) boot:  2 phy_init         RF data          01 01 0000f000 00001000[0m
[2019-08-29 17:26:22] [0;32mI (82) boot:  3 ota_0            OTA app          00 10 00010000 001e0000[0m
[2019-08-29 17:26:22] [0;32mI (89) boot:  4 ota_1            OTA app          00 11 001f0000 001e0000[0m
[2019-08-29 17:26:22] [0;32mI (97) boot:  5 coredump         Unknown data     01 03 003d0000 00010000[0m
[2019-08-29 17:26:22] [0;32mI (104) boot:  6 reserved         Unknown data     01 fe 003e0000 00020000[0m
[2019-08-29 17:26:22] [0;32mI (112) boot: End of partition table[0m
[2019-08-29 17:26:22] [0;32mI (116) boot: No factory image, trying OTA 0[0m
[2019-08-29 17:26:22] [0;32mI (121) esp_image: segment 0: paddr=0x00010020 vaddr=0x3f400020 size=0x26dc0 (159168) map[0m
[2019-08-29 17:26:22] [0;32mI (186) esp_image: segment 1: paddr=0x00036de8 vaddr=0x3ffb0000 size=0x02d4c ( 11596) load[0m
[2019-08-29 17:26:22] [0;32mI (191) esp_image: segment 2: paddr=0x00039b3c vaddr=0x40080000 size=0x00400 (  1024) load[0m
[2019-08-29 17:26:22] [0;32mI (193) esp_image: segment 3: paddr=0x00039f44 vaddr=0x40080400 size=0x060cc ( 24780) load[0m
[2019-08-29 17:26:22] [0;32mI (212) esp_image: segment 4: paddr=0x00040018 vaddr=0x400d0018 size=0xa7d64 (687460) map[0m
[2019-08-29 17:26:22] [0;32mI (453) esp_image: segment 5: paddr=0x000e7d84 vaddr=0x400864cc size=0x0a590 ( 42384) load[0m
[2019-08-29 17:26:22] [0;32mI (480) boot: Loaded app from partition at offset 0x10000[0m
[2019-08-29 17:26:22] [0;32mI (481) boot: Disabling RNG early entropy source...[0m
[2019-08-29 17:26:22] [0;32mI (481) cpu_start: Pro cpu up.[0m
[2019-08-29 17:26:22] [0;32mI (485) cpu_start: Single core mode[0m
[2019-08-29 17:26:22] [0;32mI (489) heap_init: Initializing. RAM available for dynamic allocation:[0m
[2019-08-29 17:26:22] [0;32mI (496) heap_init: At 3FFAE6E0 len 00001920 (6 KiB): DRAM[0m
[2019-08-29 17:26:23] [0;32mI (502) heap_init: At 3FFB9C90 len 00026370 (152 KiB): DRAM[0m
[2019-08-29 17:26:23] [0;32mI (508) heap_init: At 3FFE0440 len 0001FBC0 (126 KiB): D/IRAM[0m
[2019-08-29 17:26:23] [0;32mI (515) heap_init: At 40078000 len 00008000 (32 KiB): IRAM[0m
[2019-08-29 17:26:23] [0;32mI (521) heap_init: At 40090A5C len 0000F5A4 (61 KiB): IRAM[0m
[2019-08-29 17:26:23] [0;32mI (527) cpu_start: Pro cpu start user code[0m
[2019-08-29 17:26:23] 
[2019-08-29 17:26:23] Brownout detector was triggered
[2019-08-29 17:26:23] 
[2019-08-29 17:26:23] ets Jun  8 2016 00:22:57
[2019-08-29 17:26:23] 
[2019-08-29 17:26:23] rst:0xc (SW_CPU_RESET),boot:0x13 (SPI_FAST_FLASH_BOOT)
[2019-08-29 17:26:23] configsip: 0, SPIWP:0xee
[2019-08-29 17:26:23] clk_drv:0x00,q_drv:0x00,d_drv:0x00,cs0_drv:0x00,hd_drv:0x00,wp_drv:0x00
[2019-08-29 17:26:23] mode:DIO, clock div:2
[2019-08-29 17:26:23] load:0x3fff0018,len:4
[2019-08-29 17:26:23] load:0x3fff001c,len:6192
[2019-08-29 17:26:23] ho 0 tail 12 room 4
[2019-08-29 17:26:23] load:0x40078000,len:10272
[2019-08-29 17:26:23] load:0x40080400,len:6608
[2019-08-29 17:26:23] entry 0x40080764
[2019-08-29 17:26:23] [0;32mI (31) boot: ESP-IDF v3.2.2-42-g4a9f33944-dirty 2nd stage bootloader[0m
[2019-08-29 17:26:23] [0;32mI (31) boot: compile time 18:15:19[0m
[2019-08-29 17:26:23] [0;32mI (31) boot: Enabling RNG early entropy source...[0m
[2019-08-29 17:26:23] [0;32mI (37) boot: SPI Speed      : 40MHz[0m
[2019-08-29 17:26:23] [0;32mI (41) boot: SPI Mode       : DIO[0m
[2019-08-29 17:26:23] [0;32mI (45) boot: SPI Flash Size : 4MB[0m
[2019-08-29 17:26:23] [0;32mI (49) boot: Partition Table:[0m
[2019-08-29 17:26:23] [0;32mI (53) boot: ## Label            Usage          Type ST Offset   Length[0m
[2019-08-29 17:26:23] [0;32mI (60) boot:  0 nvs              WiFi data        01 02 00009000 00004000[0m
[2019-08-29 17:26:23] [0;32mI (68) boot:  1 otadata          OTA data         01 00 0000d000 00002000[0m
[2019-08-29 17:26:23] [0;32mI (75) boot:  2 phy_init         RF data          01 01 0000f000 00001000[0m
[2019-08-29 17:26:23] [0;32mI (83) boot:  3 ota_0            OTA app          00 10 00010000 001e0000[0m
[2019-08-29 17:26:23] [0;32mI (90) boot:  4 ota_1            OTA app          00 11 001f0000 001e0000[0m
[2019-08-29 17:26:23] [0;32mI (98) boot:  5 coredump         Unknown data     01 03 003d0000 00010000[0m
[2019-08-29 17:26:23] [0;32mI (105) boot:  6 reserved         Unknown data     01 fe 003e0000 00020000[0m
[2019-08-29 17:26:23] [0;32mI (113) boot: End of partition table[0m
[2019-08-29 17:26:23] [0;32mI (117) boot: No factory image, trying OTA 0[0m
[2019-08-29 17:26:23] [0;32mI (122) esp_image: segment 0: paddr=0x00010020 vaddr=0x3f400020 size=0x26dc0 (159168) map[0m
[2019-08-29 17:26:23] [0;32mI (187) esp_image: segment 1: paddr=0x00036de8 vaddr=0x3ffb0000 size=0x02d4c ( 11596) load[0m
[2019-08-29 17:26:23] [0;32mI (191) esp_image: segment 2: paddr=0x00039b3c vaddr=0x40080000 size=0x00400 (  1024) load[0m
[2019-08-29 17:26:23] [0;32mI (194) esp_image: segment 3: paddr=0x00039f44 vaddr=0x40080400 size=0x060cc ( 24780) load[0m
[2019-08-29 17:26:23] [0;32mI (213) esp_image: segment 4: paddr=0x00040018 vaddr=0x400d0018 size=0xa7d64 (687460) map[0m
[2019-08-29 17:26:23] [0;32mI (454) esp_image: segment 5: paddr=0x000e7d84 vaddr=0x400864cc size=0x0a590 ( 42384) load[0m
[2019-08-29 17:26:23] [0;32mI (481) boot: Loaded app from partition at offset 0x10000[0m
[2019-08-29 17:26:23] [0;32mI (481) boot: Disabling RNG early entropy source...[0m
[2019-08-29 17:26:23] [0;32mI (482) cpu_start: Pro cpu up.[0m
[2019-08-29 17:26:23] [0;32mI (485) cpu_start: Single core mode[0m
[2019-08-29 17:26:23] [0;32mI (490) heap_init: Initializing. RAM available for dynamic allocation:[0m
[2019-08-29 17:26:23] [0;32mI (497) heap_init: At 3FFAE6E0 len 00001920 (6 KiB): DRAM[0m
[2019-08-29 17:26:23] [0;32mI (503) heap_init: At 3FFB9C90 len 00026370 (152 KiB): DRAM[0m
[2019-08-29 17:26:23] [0;32mI (509) heap_init: At 3FFE0440 len 0001FBC0 (126 KiB): D/IRAM[0m
[2019-08-29 17:26:23] [0;32mI (515) heap_init: At 40078000 len 00008000 (32 KiB): IRAM[0m
[2019-08-29 17:26:23] [0;32mI (522) heap_init: At 40090A5C len 0000F5A4 (61 KiB): IRAM[0m
[2019-08-29 17:26:23] [0;32mI (528) cpu_start: Pro cpu start user code[0m
[2019-08-29 17:26:23] 
[2019-08-29 17:26:23] Brownout detector was triggered
[2019-08-29 17:26:23] 
[2019-08-29 17:26:23] ets Jun  8 2016 00:22:57
[2019-08-29 17:26:23] 
[2019-08-29 17:26:23] rst:0xc (SW_CPU_RESET),boot:0x13 (SPI_FAST_FLASH_BOOT)
[2019-08-29 17:26:23] configsip: 0, SPIWP:0xee
[2019-08-29 17:26:23] clk_drv:0x00,q_drv:0x00,d_drv:0x00,cs0_drv:0x00,hd_drv:0x00,wp_drv:0x00
[2019-08-29 17:26:23] mode:DIO, clock div:2
[2019-08-29 17:26:23] load:0x3fff0018,len:4
[2019-08-29 17:26:23] load:0x3fff001c,len:6192
[2019-08-29 17:26:23] ho 0 tail 12 room 4
[2019-08-29 17:26:23] load:0x40078000,len:10272
[2019-08-29 17:26:23] load:0x40080400,len:6608
[2019-08-29 17:26:23] entry 0x40080764
[2019-08-29 17:26:23] [0;32mI (31) boot: ESP-IDF v3.2.2-42-g4a9f33944-dirty 2nd stage bootloader[0m
[2019-08-29 17:26:23] [0;32mI (31) boot: compile time 18:15:19[0m
[2019-08-29 17:26:23] [0;32mI (31) boot: Enabling RNG early entropy source...[0m
[2019-08-29 17:26:23] [0;32mI (37) boot: SPI Speed      : 40MHz[0m
[2019-08-29 17:26:23] [0;32mI ¨