64çets Jun  8 2016 00:22:57
[2019-08-22 16:11:31] 
[2019-08-22 16:11:31] rst:0x1 (POWERON_RESET),boot:0x13 (SPI_FAST_FLASH_BOOT)
[2019-08-22 16:11:31] configsip: 0, SPIWP:0xee
[2019-08-22 16:11:31] clk_drv:0x00,q_drv:0x00,d_drv:0x00,cs0_drv:0x00,hd_drv:0x00,wp_drv:0x00
[2019-08-22 16:11:31] mode:DIO, clock div:2
[2019-08-22 16:11:31] load:0x3fff0018,len:4
[2019-08-22 16:11:31] load:0x3fff001c,len:6192
[2019-08-22 16:11:31] ho 0 tail 12 room 4
[2019-08-22 16:11:31] load:0x40078000,len:10272
[2019-08-22 16:11:31] load:0x40080400,len:6608
[2019-08-22 16:11:31] entry 0x40080764
[2019-08-22 16:11:31] [0;32mI (30) boot: ESP-IDF v3.2.2-42-g4a9f33944-dirty 2nd stage bootloader[0m
[2019-08-22 16:11:31] [0;32mI (30) boot: compile time 16:09:36[0m
[2019-08-22 16:11:31] [0;32mI (30) boot: Enabling RNG early entropy source...[0m
[2019-08-22 16:11:31] [0;32mI (37) boot: SPI Speed      : 40MHz[0m
[2019-08-22 16:11:31] [0;32mI (41) boot: SPI Mode       : DIO[0m
[2019-08-22 16:11:31] [0;32mI (45) boot: SPI Flash Size : 4MB[0m
[2019-08-22 16:11:31] [0;32mI (49) boot: Partition Table:[0m
[2019-08-22 16:11:31] [0;32mI (52) boot: ## Label            Usage          Type ST Offset   Length[0m
[2019-08-22 16:11:31] [0;32mI (60) boot:  0 nvs              WiFi data        01 02 00009000 00004000[0m
[2019-08-22 16:11:31] [0;32mI (67) boot:  1 otadata          OTA data         01 00 0000d000 00002000[0m
[2019-08-22 16:11:31] [0;32mI (75) boot:  2 phy_init         RF data          01 01 0000f000 00001000[0m
[2019-08-22 16:11:31] [0;32mI (82) boot:  3 ota_0            OTA app          00 10 00010000 001e0000[0m
[2019-08-22 16:11:31] [0;32mI (90) boot:  4 ota_1            OTA app          00 11 001f0000 001e0000[0m
[2019-08-22 16:11:31] [0;32mI (97) boot:  5 coredump         Unknown data     01 03 003d0000 00010000[0m
[2019-08-22 16:11:31] [0;32mI (105) boot:  6 reserved         Unknown data     01 fe 003e0000 00020000[0m
[2019-08-22 16:11:31] [0;32mI (112) boot: End of partition table[0m
[2019-08-22 16:11:31] [0;32mI (116) boot: No factory image, trying OTA 0[0m
[2019-08-22 16:11:31] [0;32mI (121) esp_image: segment 0: paddr=0x00010020 vaddr=0x3f400020 size=0x2c178 (180600) map[0m
[2019-08-22 16:11:31] [0;32mI (194) esp_image: segment 1: paddr=0x0003c1a0 vaddr=0x3ffb0000 size=0x02cbc ( 11452) load[0m
[2019-08-22 16:11:31] [0;32mI (198) esp_image: segment 2: paddr=0x0003ee64 vaddr=0x40080000 size=0x00400 (  1024) load[0m
[2019-08-22 16:11:31] [0;32mI (201) esp_image: segment 3: paddr=0x0003f26c vaddr=0x40080400 size=0x00da4 (  3492) load[0m
[2019-08-22 16:11:31] [0;32mI (211) esp_image: segment 4: paddr=0x00040018 vaddr=0x400d0018 size=0xca334 (828212) map[0m
[2019-08-22 16:11:31] [0;32mI (508) esp_image: segment 5: paddr=0x0010a354 vaddr=0x400811a4 size=0x0ec18 ( 60440) load[0m
[2019-08-22 16:11:31] [0;32mI (543) boot: Loaded app from partition at offset 0x10000[0m
[2019-08-22 16:11:31] [0;32mI (543) boot: Disabling RNG early entropy source...[0m
[2019-08-22 16:11:31] [0;32mI (543) cpu_start: Pro cpu up.[0m
[2019-08-22 16:11:31] [0;32mI (547) cpu_start: Single core mode[0m
[2019-08-22 16:11:31] [0;32mI (551) heap_init: Initializing. RAM available for dynamic allocation:[0m
[2019-08-22 16:11:31] [0;32mI (558) heap_init: At 3FFAE6E0 len 00001920 (6 KiB): DRAM[0m
[2019-08-22 16:11:31] [0;32mI (564) heap_init: At 3FFBA018 len 00025FE8 (151 KiB): DRAM[0m
[2019-08-22 16:11:31] [0;32mI (571) heap_init: At 3FFE0440 len 0001FBC0 (126 KiB): D/IRAM[0m
[2019-08-22 16:11:31] [0;32mI (577) heap_init: At 40078000 len 00008000 (32 KiB): IRAM[0m
[2019-08-22 16:11:31] [0;32mI (583) heap_init: At 4008FDBC len 00010244 (64 KiB): IRAM[0m
[2019-08-22 16:11:31] [0;32mI (589) cpu_start: Pro cpu start user code[0m
[2019-08-22 16:11:31] D (271) [mupgrade_check, 142]: Add an identifier to the firmware: ** MUPGRADE_FIRMWARE_FLAG **[0m
[2019-08-22 16:11:31] [0;32mI (282) cpu_start: Starting scheduler on PRO CPU.[0m
[2019-08-22 16:11:31] [0;32mI (283) sc: START GET WIFI INFO...[0m
[2019-08-22 16:11:31] [0;32mI (283) sc: TRY LOAD WIFI INFO[0m
[2019-08-22 16:11:31] [0;32mI (285) sc: WIFI SSID PASSWD LOAD ERR[0m
[2019-08-22 16:11:31] [0;32mI (289) sc: START initialise_wifi...[0m
[2019-08-22 16:11:31] I (297) wifi: wifi driver task: 3ffc1060, prio:23, stack:3584, core=0
[2019-08-22 16:11:31] [0;32mI (300) system_api: Base MAC address is not set, read default base MAC address from BLK0 of EFUSE[0m
[2019-08-22 16:11:31] [0;32mI (309) system_api: Base MAC address is not set, read default base MAC address from BLK0 of EFUSE[0m
[2019-08-22 16:11:31] I (330) wifi: wifi firmware version: 0c3a77a
[2019-08-22 16:11:31] I (331) wifi: config NVS flash: enabled
[2019-08-22 16:11:31] I (331) wifi: config nano formating: disabled
[2019-08-22 16:11:31] I (333) wifi: Init dynamic tx buffer num: 32
[2019-08-22 16:11:31] I (337) wifi: Init data frame dynamic rx buffer num: 32
[2019-08-22 16:11:31] I (341) wifi: Init management frame dynamic rx buffer num: 32
[2019-08-22 16:11:31] I (347) wifi: Init management short buffer num: 32
[2019-08-22 16:11:31] I (352) wifi: Init static rx buffer size: 1600
[2019-08-22 16:11:32] I (356) wifi: Init static rx buffer num: 10
[2019-08-22 16:11:32] I (360) wifi: Init dynamic rx buffer num: 32
[2019-08-22 16:11:32] [0;33mW (365) phy_init: failed to load RF calibration data (0x1102), falling back to full calibration[0m
[2019-08-22 16:11:32] 
[2019-08-22 16:11:32] Brownout detector was triggered
[2019-08-22 16:11:32] 
[2019-08-22 16:11:32] ets Jun  8 2016 00:22:57
[2019-08-22 16:11:32] 
[2019-08-22 16:11:32] rst:0xc (SW_CPU_RESET),boot:0x13 (SPI_FAST_FLASH_BOOT)
[2019-08-22 16:11:32] configsip: 0, SPIWP:0xee
[2019-08-22 16:11:32] clk_drv:0x00,q_drv:0x00,d_drv:0x00,cs0_drv:0x00,hd_drv:0x00,wp_drv:0x00
[2019-08-22 16:11:32] mode:DIO, clock div:2
[2019-08-22 16:11:32] load:0x3fff0018,len:4
[2019-08-22 16:11:32] load:0x3fff001c,len:6192
[2019-08-22 16:11:32] ho 0 tail 12 room 4
[2019-08-22 16:11:32] load:0x40078000,len:10272
[2019-08-22 16:11:32] load:0x40080400,len:6608
[2019-08-22 16:11:32] entry 0x40080764
[2019-08-22 16:11:32] [0;32mI (31) boot: ESP-IDF v3.2.2-42-g4a9f33944-dirty 2nd stage bootloader[0m
[2019-08-22 16:11:32] [0;32mI (31) boot: compile time 16:09:36[0m
[2019-08-22 16:11:32] [0;32mI (31) boot: Enabling RNG early entropy source...[0m
[2019-08-22 16:11:32] [0;32mI (37) boot: SPI Speed      : 40MHz[0m
[2019-08-22 16:11:32] [0;32mI (41) boot: SPI Mode       : DIO[0m
[2019-08-22 16:11:32] [0;32mI (45) boot: SPI Flash Size : 4MB[0m
[2019-08-22 16:11:32] [0;32mI (49) boot: Partition Table:[0m
[2019-08-22 16:11:32] [0;32mI (53) boot: ## Label            Usage          Type ST Offset   Length[0m
[2019-08-22 16:11:32] [0;32mI (60) boot:  0 nvs              WiFi data        01 02 00009000 00004000[0m
[2019-08-22 16:11:32] [0;32mI (68) boot:  1 otadata          OTA data         01 00 0000d000 00002000[0m
[2019-08-22 16:11:32] [0;32mI (75) boot:  2 phy_init         RF data          01 01 0000f000 00001000[0m
[2019-08-22 16:11:32] [0;32mI (83) boot:  3 ota_0            OTA app          00 10 00010000 001e0000[0m
[2019-08-22 16:11:32] [0;32mI (90) boot:  4 ota_1            OTA app          00 11 001f0000 001e0000[0m
[2019-08-22 16:11:32] [0;32mI (98) boot:  5 coredump         Unknown data     01 03 003d0000 00010000[0m
[2019-08-22 16:11:32] [0;32mI (105) boot:  6 reserved         Unknown data     01 fe 003e0000 00020000[0m
[2019-08-22 16:11:32] [0;32mI (113) boot: End of partition table[0m
[2019-08-22 16:11:32] [0;32mI (117) boot: No factory image, trying OTA 0[0m
[2019-08-22 16:11:32] [0;32mI (122) esp_image: segment 0: paddr=0x00010020 vaddr=0x3f400020 size=0x2c178 (180600) map[0m
[2019-08-22 16:11:32] [0;32mI (194) esp_image: segment 1: paddr=0x0003c1a0 vaddr=0x3ffb0000 size=0x02cbc ( 11452) load[0m
[2019-08-22 16:11:32] [0;32mI (199) esp_image: segment 2: paddr=0x0003ee64 vaddr=0x40080000 size=0x00400 (  1024) load[0m
[2019-08-22 16:11:32] [0;32mI (201) esp_image: segment 3: paddr=0x0003f26c vaddr=0x40080400 size=0x00da4 (  3492) load[0m
[2019-08-22 16:11:32] [0;32mI (211) esp_image: segment 4: paddr=0x00040018 vaddr=0x400d0018 size=0xca334 (828212) map[0m
[2019-08-22 16:11:32] [0;32mI (509) esp_image: segment 5: paddr=0x0010a354 vaddr=0x400811a4 size=0x0ec18 ( 60440) load[0m
[2019-08-22 16:11:32] [0;32mI (543) boot: Loaded app from partition at offset 0x10000[0m
[2019-08-22 16:11:32] [0;32mI (543) boot: Disabling RNG early entropy source...[0m
[2019-08-22 16:11:32] [0;32mI (544) cpu_start: Pro cpu up.[0m
[2019-08-22 16:11:32] [0;32mI (547) cpu_start: Single core mode[0m
[2019-08-22 16:11:32] [0;32mI (552) heap_init: Initializing. RAM available for dynamic allocation:[0m
[2019-08-22 16:11:32] [0;32mI (559) heap_init: At 3FFAE6E0 len 00001920 (6 KiB): DRAM[0m
[2019-08-22 16:11:32] [0;32mI (565) heap_init: At 3FFBA018 len 00025FE8 (151 KiB): DRAM[0m
[2019-08-22 16:11:32] [0;32mI (571) heap_init: At 3FFE0440 len 0001FBC0 (126 KiB): D/IRAM[0m
[2019-08-22 16:11:32] [0;32mI (578) heap_init: At 40078000 len 00008000 (32 KiB): IRAM[0m
[2019-08-22 16:11:32] [0;32mI (584) heap_init: At 4008FDBC len 00010244 (64 KiB): IRAM[0m
[2019-08-22 16:11:32] [0;32mI (590) cpu_start: Pro cpu start user code[0m
[2019-08-22 16:11:32] D (272) [mupgrade_check, 142]: Add an identifier to the firmware: ** MUPGRADE_FIRMWARE_FLAG **[0m
[2019-08-22 16:11:32] [0;33mW (285) [mupgrade_check, 96]: restart reason: 12, count: 2[0m
[2019-08-22 16:11:32] [0;32mI (288) cpu_start: Starting scheduler on PRO CPU.[0m
[2019-08-22 16:11:32] [0;32mI (288) sc: START GET WIFI INFO...[0m
[2019-08-22 16:11:32] [0;32mI (290) sc: TRY LOAD WIFI INFO[0m
[2019-08-22 16:11:32] [0;32mI (294) sc: WIFI SSID PASSWD LOAD ERR[0m
[2019-08-22 16:11:32] [0;32mI (298) sc: START initialise_wifi...[0m
[2019-08-22 16:11:32] I (305) wifi: wifi driver task: 3ffc10a8, prio:23, stack:3584, core=0
[2019-08-22 16:11:32] [0;32mI (309) system_api: Base MAC address is not set, read default base MAC address from BLK0 of EFUSE[0m
[2019-08-22 16:11:32] [0;32mI (318) system_api: Base MAC address is not set, read default base MAC address from BLK0 of EFUSE[0m
[2019-08-22 16:11:32] I (335) wifi: wifi firmware version: 0c3a77a
[2019-08-22 16:11:32] I (335) wifi: config NVS flash: enabled
[2019-08-22 16:11:32] I (335) wifi: config nano formating: disabled
[2019-08-22 16:11:32] I (339) wifi: Init dynamic tx buffer num: 32
[2019-08-22 16:11:32] I (343) wifi: Init data frame dynamic rx buffer num: 32
[2019-08-22 16:11:32] I (348) wifi: Init management frame dynamic rx buffer num: 32
[2019-08-22 16:11:32] I (353) wifi: Init management short buffer num: 32
[2019-08-22 16:11:32] I (358) wifi: Init static rx buffer size: 1600
[2019-08-22 16:11:32] I (362) wifi: Init static rx buffer num: 10
[2019-08-22 16:11:32] I (366) wifi: Init dynamic rx buffer num: 32
[2019-08-22 16:11:32] [0;33mW (371) phy_init: failed to load RF calibration data (0x1102), falling back to full calibration[0m
[2019-08-22 16:11:32] 
[2019-08-22 16:11:32] Brownout detector was triggered
[2019-08-22 16:11:32] 
[2019-08-22 16:11:32] ets Jun  8 2016 00:22:57
[2019-08-22 16:11:32] 
[2019-08-22 16:11:32] rst:0xc (SW_CPU_RESET),boot:0x13 (SPI_FAST_FLASH_BOOT)
[2019-08-22 16:11:32] configsip: 0, SPIWP:0xee
[2019-08-22 16:11:32] clk_drv:0x00,q_drv:0x00,d_drv:0x00,cs0_drv:0x00,hd_drv:0x00,wp_drv:0x00
[2019-08-22 16:11:32] mode:DIO, clock div:2
[2019-08-22 16:11:32] load:0x3fff0018,len:4
[2019-08-22 16:11:32] load:0x3fff001c,len:6192
[2019-08-22 16:11:32] ho 0 tail 12 room 4
[2019-08-22 16:11:32] load:0x40078000,len:10272
[2019-08-22 16:11:32] load:0x40080400,len:6608
[2019-08-22 16:11:32] entry 0x40080764
[2019-08-22 16:11:32] [0;32mI (31) boot: ESP-IDF v3.2.2-42-g4a9f33944-dirty 2nd stage bootloader[0m
[2019-08-22 16:11:32] [0;32mI (31) boot: compile time 16:09:36[0m
[2019-08-22 16:11:32] [0;32mI (31) boot: Enabling RNG early entropy source...[0m
[2019-08-22 16:11:32] [0;32mI (37) boot: SPI Speed      : 40MHz[0m
[2019-08-22 16:11:32] [0;32mI (41) boot: SPI Mode       : DIO[0m
[2019-08-22 16:11:32] [0;32mI (45) boot: SPI Flash Size : 4MB[0m
[2019-08-22 16:11:32] [0;32mI (49) boot: Partition Table:[0m
[2019-08-22 16:11:32] [0;32mI (53) boot: ## Label            Usage          Type ST Offset   Length[0m
[2019-08-22 16:11:32] [0;32mI (60) boot:  0 nvs              WiFi data        01 02 00009000 00004000[0m
[2019-08-22 16:11:32] [0;32mI (68) boot:  1 otadata          OTA data         01 00 0000d000 00002000[0m
[2019-08-22 16:11:32] [0;32mI (75) boot:  2 phy_init         RF data          01 01 0000f000 00001000[0m
[2019-08-22 16:11:32] [0;32mI (83) boot:  3 ota_0            OTA app          00 10 00010000 001e0000[0m
[2019-08-22 16:11:32] [0;32mI (90) boot:  4 ota_1            OTA app          00 11 001f0000 001e0000[0m
[2019-08-22 16:11:32] [0;32mI (98) boot:  5 coredump         Unknown data     01 03 003d0000 00010000[0m
[2019-08-22 16:11:32] [0;32mI (105) boot:  6 reserved         Unknown data     01 fe 003e0000 00020000[0m
[2019-08-22 16:11:32] [0;32mI (113) boot: End of partition table[0m
[2019-08-22 16:11:32] [0;32mI (117) boot: No factory image, trying OTA 0[0m
[2019-08-22 16:11:32] [0;32mI (122) esp_image: segment 0: paddr=0x00010020 vaddr=0x3f400020 size=0x2c178 (180600) map[0m
[2019-08-22 16:11:32] [0;32mI (194) esp_image: segment 1: paddr=0x0003c1a0 vaddr=0x3ffb0000 size=0x02cbc ( 11452) load[0m
[2019-08-22 16:11:32] [0;32mI (199) esp_image: segment 2: paddr=0x0003ee64 vaddr=0x40080000 size=0x00400 (  1024) load[0m
[2019-08-22 16:11:33] [0;32mI (201) esp_image: segment 3: paddr=0x0003f26c vaddr=0x40080400 size=0x00da4 (  3492) load[0m
[2019-08-22 16:11:33] [0;32mI (211) esp_image: segment 4: paddr=0x00040018 vaddr=0x400d0018 size=0xca334 (828212) map[0m
[2019-08-22 16:11:33] [0;32mI (509) esp_image: segment 5: paddr=0x0010a354 vaddr=0x400811a4 size=0x0ec18 ( 60440) load[0m
[2019-08-22 16:11:33] [0;32mI (543) boot: Loaded app from partition at offset 0x10000[0m
[2019-08-22 16:11:33] [0;32mI (543) boot: Disabling RNG early entropy source...[0m
[2019-08-22 16:11:33] [0;32mI (544) cpu_start: Pro cpu up.[0m
[2019-08-22 16:11:33] [0;32mI (547) cpu_start: Single core mode[0m
[2019-08-22 16:11:33] [0;32mI (552) heap_init: Initializing. RAM available for dynamic allocation:[0m
[2019-08-22 16:11:33] [0;32mI (559) heap_init: At 3FFAE6E0 len 00001920 (6 KiB): DRAM[0m
[2019-08-22 16:11:33] [0;32mI (565) heap_init: At 3FFBA018 len 00025FE8 (151 KiB): DRAM[0m
[2019-08-22 16:11:33] [0;32mI (571) heap_init: At 3FFE0440 len 0001FBC0 (126 KiB): D/IRAM[0m
[2019-08-22 16:11:33] [0;32mI (578) heap_init: At 40078000 len 00008000 (32 KiB): IRAM[0m
[2019-08-22 16:11:33] [0;32mI (584) heap_init: At 4008FDBC len 00010244 (64 KiB): IRAM[0m
[2019-08-22 16:11:33] [0;32mI (590) cpu_start: Pro cpu start user code[0m
[2019-08-22 16:11:33] D (272) [mupgrade_check, 142]: Add an identifier to the firmware: ** MUPGRADE_FIRMWARE_FLAG **[0m
[2019-08-22 16:11:33] [0;33mW (285) [mupgrade_check, 96]: restart reason: 12, count: 3[0m
[2019-08-22 16:11:33] [0;32mI (288) cpu_start: Starting scheduler on PRO CPU.[0m
[2019-08-22 16:11:33] [0;32mI (288) sc: START GET WIFI INFO...[0m
[2019-08-22 16:11:33] [0;32mI (290) sc: TRY LOAD WIFI INFO[0m
[2019-08-22 16:11:33] [0;32mI (294) sc: WIFI SSID PASSWD LOAD ERR[0m
[2019-08-22 16:11:33] [0;32mI (298) sc: START initialise_wifi...[0m
[2019-08-22 16:11:33] I (305) wifi: wifi driver task: 3ffc10a8, prio:23, stack:3584, core=0
[2019-08-22 16:11:33] [0;32mI (309) system_api: Base MAC address is not set, read default base MAC address from BLK0 of EFUSE[0m
[2019-08-22 16:11:33] [0;32mI (318) system_api: Base MAC address is not set, read default base MAC address from BLK0 of EFUSE[0m
[2019-08-22 16:11:33] I (335) wifi: wifi firmware version: 0c3a77a
[2019-08-22 16:11:33] I (335) wifi: config NVS flash: enabled
[2019-08-22 16:11:33] I (335) wifi: config nano formating: disabled
[2019-08-22 16:11:33] I (339) wifi: Init dynamic tx buffer num: 32
[2019-08-22 16:11:33] I (343) wifi: Init data frame dynamic rx buffer num: 32
[2019-08-22 16:11:33] I (348) wifi: Init management frame dynamic rx buffer num: 32
[2019-08-22 16:11:33] I (353) wifi: Init management short buffer num: 32
[2019-08-22 16:11:33] I (358) wifi: Init static rx buffer size: 1600
[2019-08-22 16:11:33] I (362) wifi: Init static rx buffer num: 10
[2019-08-22 16:11:33] I (366) wifi: Init dynamic rx buffer num: 32
[2019-08-22 16:11:33] [0;33mW (371) phy_init: failed to load RF calibration data (0x1102), falling back to full calibration[0m
[2019-08-22 16:11:33] 
[2019-08-22 16:11:33] Brownout detector was triggered
[2019-08-22 16:11:33] 
[2019-08-22 16:11:33] ets Jun  8 2016 00:22:57
[2019-08-22 16:11:33] 
[2019-08-22 16:11:33] rst:0xc (SW_CPU_RESET),boot:0x13 (SPI_FAST_FLASH_BOOT)
[2019-08-22 16:11:33] configsip: 0, SPIWP:0xee
[2019-08-22 16:11:33] clk_drv:0x00,q_drv:0x00,d_drv:0x00,cs0_drv:0x00,hd_drv:0x00,wp_drv:0x00
[2019-08-22 16:11:33] mode:DIO, clock div:2
[2019-08-22 16:11:33] load:0x3fff0018,len:4
[2019-08-22 16:11:33] load:0x3fff001c,len:6192
[2019-08-22 16:11:33] ho 0 tail 12 room 4
[2019-08-22 16:11:33] load:0x40078000,len:10272
[2019-08-22 16:11:33] load:0x40080400,len:6608
[2019-08-22 16:11:33] entry 0x40080764
[2019-08-22 16:11:33] [0;32mI (31) boot: ESP-IDF v3.2.2-42-g4a9f33944-dirty 2nd stage bootloader[0m
[2019-08-22 16:11:33] [0;32mI (31) boot: compile time 16:09:36[0m
[2019-08-22 16:11:33] [0;32mI (31) boot: Enabling RNG early entropy source...[0m
[2019-08-22 16:11:33] [0;32mI (37) boot: SPI Speed      : 40MHz[0m
[2019-08-22 16:11:33] [0;32mI (41) boot: SPI Mode       : DIO[0m
[2019-08-22 16:11:33] [0;32mI (45) boot: SPI Flash Size : 4MB[0m
[2019-08-22 16:11:33] [0;32mI (49) boot: Partition Table:[0m
[2019-08-22 16:11:33] [0;32mI (53) boot: ## Label            Usage          Type ST Offset   Length[0m
[2019-08-22 16:11:33] [0;32mI (60) boot:  0 nvs              WiFi data        01 02 00009000 00004000[0m
[2019-08-22 16:11:33] [0;32mI (68) boot:  1 otadata          OTA data         01 00 0000d000 00002000[0m
[2019-08-22 16:11:33] [0;32mI (75) boot:  2 phy_init         RF data          01 01 0000f000 00001000[0m
[2019-08-22 16:11:33] [0;32mI (83) boot:  3 ota_0            OTA app          00 10 00010000 001e0000[0m
[2019-08-22 16:11:33] [0;32mI (90) boot:  4 ota_1            OTA app          00 11 001f0000 001e0000[0m
[2019-08-22 16:11:33] [0;32mI (98) boot:  5 coredump         Unknown data     01 03 003d0000 00010000[0m
[2019-08-22 16:11:33] [0;32mI (105) boot:  6 reserved         Unknown data     01 fe 003e0000 00020000[0m
[2019-08-22 16:11:33] [0;32mI (113) boot: End of partition table[0m
[2019-08-22 16:11:33] [0;32mI (117) boot: No factory image, trying OTA 0[0m
[2019-08-22 16:11:33] [0;32mI (122) esp_image: segment 0: paddr=0x00010020 vaddr=0x3f400020 size=0x2c178 (180600) map[0m
[2019-08-22 16:11:33] [0;32mI (194) esp_image: segment 1: paddr=0x0003c1a0 vaddr=0x3ffb0000 size=0x02cbc ( 11452) load[0m
[2019-08-22 16:11:33] [0;32mI (199) esp_image: segment 2: paddr=0x0003ee64 vaddr=0x40080000 size=0x00400 (  1024) load[0m
[2019-08-22 16:11:33] [0;32mI (201) esp_image: segment 3: paddr=0x0003f26c vaddr=0x40080400 size=0x00da4 (  3492) load[0m
[2019-08-22 16:11:33] [0;32mI (211) esp_image: segment 4: paddr=0x00040018 vaddr=0x400d0018 size=0xca334 (828212) map[0m
[2019-08-22 16:11:33] [0;32mI (509) esp_image: segment 5: paddr=0x0010a354 vaddr=0x400811a4 size=0x0ec18 ( 60440) load[0m
[2019-08-22 16:11:34] [0;32mI (543) boot: Loaded app from partition at offset 0x10000[0m
[2019-08-22 16:11:34] [0;32mI (543) boot: Disabling RNG early entropy source...[0m
[2019-08-22 16:11:34] [0;32mI (544) cpu_start: Pro cpu up.[0m
[2019-08-22 16:11:34] [0;32mI (547) cpu_start: Single core mode[0m
[2019-08-22 16:11:34] [0;32mI (552) heap_init: Initializing. RAM available for dynamic allocation:[0m
[2019-08-22 16:11:34] [0;32mI (559) heap_init: At 3FFAE6E0 len 00001920 (6 KiB): DRAM[0m
[2019-08-22 16:11:34] [0;32mI (565) heap_init: At 3FFBA018 len 00025FE8 (151 KiB): DRAM[0m
[2019-08-22 16:11:34] [0;32mI (571) heap_init: At 3FFE0440 len 0001FBC0 (126 KiB): D/IRAM[0m
[2019-08-22 16:11:34] [0;32mI (578) heap_init: At 40078000 len 00008000 (32 KiB): IRAM[0m
[2019-08-22 16:11:34] [0;32mI (584) heap_init: At 4008FDBC len 00010244 (64 KiB): IRAM[0m
[2019-08-22 16:11:34] [0;32mI (590) cpu_start: Pro cpu start user code[0m
[2019-08-22 16:11:34] D (272) [mupgrade_check, 142]: Add an identifier to the firmware: ** MUPGRADE_FIRMWARE_FLAG **[0m
[2019-08-22 16:11:34] [0;33mW (285) [mupgrade_check, 96]: restart reason: 12, count: 4[0m
[2019-08-22 16:11:34] [0;32mI (288) cpu_start: Starting scheduler on PRO CPU.[0m
[2019-08-22 16:11:34] [0;32mI (288) sc: START GET WIFI INFO...[0m
[2019-08-22 16:11:34] [0;32mI (290) sc: TRY LOAD WIFI INFO[0m
[2019-08-22 16:11:34] [0;32mI (294) sc: WIFI SSID PASSWD LOAD ERR[0m
[2019-08-22 16:11:34] [0;32mI (298) sc: START initialise_wifi...[0m
[2019-08-22 16:11:34] I (305) wifi: wifi driver task: 3ffc10a8, prio:23, stack:3584, core=0
[2019-08-22 16:11:34] [0;32mI (309) system_api: Base MAC address is not set, read default base MAC address from BLK0 of EFUSE[0m
[2019-08-22 16:11:34] [0;32mI (318) system_api: Base MAC address is not set, read default base MAC address from BLK0 of EFUSE[0m
[2019-08-22 16:11:34] I (335) wifi: wifi firmware version: 0c3a77a
[2019-08-22 16:11:34] I (335) wifi: config NVS flash: enabled
[2019-08-22 16:11:34] I (335) wifi: config nano formating: disabled
[2019-08-22 16:11:34] I (339) wifi: Init dynamic tx buffer num: 32
[2019-08-22 16:11:34] I (343) wifi: Init data frame dynamic rx buffer num: 32
[2019-08-22 16:11:34] I (348) wifi: Init management frame dynamic rx buffer num: 32
[2019-08-22 16:11:34] I (353) wifi: Init management short buffer num: 32
[2019-08-22 16:11:34] I (358) wifi: Init static rx buffer size: 1600
[2019-08-22 16:11:34] I (362) wifi: Init static rx buffer num: 10
[2019-08-22 16:11:34] I (366) wifi: Init dynamic rx buffer num: 32
[2019-08-22 16:11:34] [0;33mW (371) phy_init: failed to load RF calibration data (0x1102), falling back to full calibration[0m
[2019-08-22 16:11:34] 
[2019-08-22 16:11:34] Brownout detector was triggered
[2019-08-22 16:11:34] 
[2019-08-22 16:11:34] ets Jun  8 2016 00:22:57
[2019-08-22 16:11:34] 
[2019-08-22 16:11:34] rst:0xc (SW_CPU_RESET),boot:0x13 (SPI_FAST_FLASH_BOOT)
[2019-08-22 16:11:34] configsip: 0, SPIWP:0xee
[2019-08-22 16:11:34] clk_drv:0x00,q_drv:0x00,d_drv:0x00,cs0_drv:0x00,hd_drv:0x00,wp_drv:0x00
[2019-08-22 16:11:34] mode:DIO, clock div:2
[2019-08-22 16:11:34] load:0x3fff0018,len:4
[2019-08-22 16:11:34] load:0x3fff001c,len:6192
[2019-08-22 16:11:34] ho 0 tail 12 room 4
[2019-08-22 16:11:34] load:0x40078000,len:10272
[2019-08-22 16:11:34] load:0x40080400,len:6608
[2019-08-22 16:11:34] entry 0x40080764
[2019-08-22 16:11:34] [0;32mI (31) boot: ESP-IDF v3.2.2-42-g4a9f33944-dirty 2nd stage bootloader[0m
[2019-08-22 16:11:34] [0;32mI (31) boot: compile time 16:09:36[0m
[2019-08-22 16:11:34] [0;32mI (31) boot: Enabling RNG early entropy source...[0m
[2019-08-22 16:11:34] [0;32mI (37) boot: SPI Speed      : 40MHz[0m
[2019-08-22 16:11:34] [0;32mI (41) boot: SPI Mode       : DIO[0m
[2019-08-22 16:11:34] [0;32mI (45) boot: SPI Flash Size : 4MB[0m
[2019-08-22 16:11:34] [0;32mI (49) boot: Partition Table:[0m
[2019-08-22 16:11:34] [0;32mI (53) boot: ## Label            Usage          Type ST Offset   Length[0m
[2019-08-22 16:11:34] [0;32mI (60) boot:  0 nvs              WiFi data        01 02 00009000 00004000[0m
[2019-08-22 16:11:34] [0;32mI (68) boot:  1 otadata          OTA data         01 00 0000d000 00002000[0m
[2019-08-22 16:11:34] [0;32mI (75) boot:  2 phy_init         RF data          01 01 0000f000 00001000[0m
[2019-08-22 16:11:34] [0;32mI (83) boot:  3 ota_0            OTA app          00 10 00010000 001e0000[0m
[2019-08-22 16:11:34] [0;32mI (90) boot:  4 ota_1            OTA app          00 11 001f0000 001e0000[0m
[2019-08-22 16:11:34] [0;32mI (98) boot:  5 coredump         Unknown data     01 03 003d0000 00010000[0m
[2019-08-22 16:11:34] [0;32mI (105) boot:  6 reserved         Unknown data     01 fe 003e0000 00020000[0m
[2019-08-22 16:11:34] [0;32mI (113) boot: End of partition table[0m
[2019-08-22 16:11:34] [0;32mI (117) boot: No factory image, trying OTA 0[0m
[2019-08-22 16:11:34] [0;32mI (122) esp_image: segment 0: paddr=0x00010020 vaddr=0x3f400020 size=0x2c178 (180600) map[0m
[2019-08-22 16:11:34] [0;32mI (194) esp_image: segment 1: paddr=0x0003c1a0 vaddr=0x3ffb0000 size=0x02cbc ( 11452) load[0m
[2019-08-22 16:11:34] [0;32mI (199) esp_image: segment 2: paddr=0x0003ee64 vaddr=0x40080000 size=0x00400 (  1024) load[0m
[2019-08-22 16:11:34] [0;32mI (201) esp_image: segment 3: paddr=0x0003f26c vaddr=0x40080400 size=0x00da4 (  3492) load[0m
[2019-08-22 16:11:34] [0;32mI (211) esp_image: segment 4: paddr=0x00040018 vaddr=0x400d0018 size=0xca334 (828212) map[0m
[2019-08-22 16:11:34] [0;32mI (509) esp_image: segment 5: paddr=0x0010a354 vaddr=0x400811a4 size=0x0ec18 ( 60440) load[0m
[2019-08-22 16:11:34] [0;32mI (543) boot: Loaded app from partition at offset 0x10000[0m
[2019-08-22 16:11:34] [0;32mI (543) boot: Disabling RNG early entropy source...[0m
[2019-08-22 16:11:34] [0;32mI (544) cpu_start: Pro cpu up.[0m
[2019-08-22 16:11:34] [0;32mI (547) cpu_start: Single core mode[0m
[2019-08-22 16:11:34] [0;32mI (552) heap_init: Initializing. RAM available for dynamic allocation:[0m
[2019-08-22 16:11:34] [0;32mI (559) heap_init: At 3FFAE6E0 len 00001920 (6 KiB): DRAM[0m
[2019-08-22 16:11:34] [0;32mI (565) heap_init: At 3FFBA018 len 00025FE8 (151 KiB): DRAM[0m
[2019-08-22 16:11:34] [0;32mI (571) heap_init: At 3FFE0440 len 0001FBC0 (126 KiB): D/IRAM[0m
[2019-08-22 16:11:34] [0;32mI (578) heap_init: At 40078000 len 00008000 (32 KiB): IRAM[0m
[2019-08-22 16:11:34] [0;32mI (584) heap_init: At 4008FDBC len 00010244 (64 KiB): IRAM[0m
[2019-08-22 16:11:34] [0;32mI (590) cpu_start: Pro cpu start user code[0m
[2019-08-22 16:11:34] D (272) [mupgrade_check, 142]: Add an identifier to the firmware: ** MUPGRADE_FIRMWARE_FLAG **[0m
[2019-08-22 16:11:34] [0;33mW (285) [mupgrade_check, 96]: restart reason: 12, count: 5[0m
[2019-08-22 16:11:34] [0;32mI (288) cpu_start: Starting scheduler on PRO CPU.[0m
[2019-08-22 16:11:34] [0;32mI (288) sc: START GET WIFI INFO...[0m
[2019-08-22 16:11:34] [0;32mI (290) sc: TRY LOAD WIFI INFO[0m
[2019-08-22 16:11:34] [0;32mI (293) sc: WIFI SSID PASSWD LOAD ERR[0m
[2019-08-22 16:11:34] [0;32mI (298) sc: START initialise_wifi...[0m
[2019-08-22 16:11:34] I (305) wifi: wifi driver task: 3ffc1130, prio:23, stack:3584, core=0
[2019-08-22 16:11:34] [0;32mI (308) system_api: Base MAC address is not set, read default base MAC address from BLK0 of EFUSE[0m
[2019-08-22 16:11:34] [0;32mI (318) system_api: Base MAC address is not set, read default base MAC address from BLK0 of EFUSE[0m
[2019-08-22 16:11:34] I (335) wifi: wifi firmware version: 0c3a77a
[2019-08-22 16:11:34] I (335) wifi: config NVS flash: enabled
[2019-08-22 16:11:34] I (335) wifi: config nano formating: disabled
[2019-08-22 16:11:34] I (339) wifi: Init dynamic tx buffer num: 32
[2019-08-22 16:11:35] I (343) wifi: Init data frame dynamic rx buffer num: 32
[2019-08-22 16:11:35] I (348) wifi: Init management frame dynamic rx buffer num: 32
[2019-08-22 16:11:35] I (353) wifi: Init management short buffer num: 32
[2019-08-22 16:11:35] I (358) wifi: Init static rx buffer size: 1600
[2019-08-22 16:11:35] I (362) wifi: Init static rx buffer num: 10
[2019-08-22 16:11:35] I (366) wifi: Init dynamic rx buffer num: 32
[2019-08-22 16:11:35] [0;33mW (371) phy_init: failed to load RF calibration data (0x1102), falling back to full calibration[0m
[2019-08-22 16:11:35] 
[2019-08-22 16:11:35] Brownout detector was triggered
[2019-08-22 16:11:35] 
[2019-08-22 16:11:35] ets Jun  8 2016 00:22:57
[2019-08-22 16:11:35] 
[2019-08-22 16:11:35] rst:0xc (SW_CPU_RESET),boot:0x13 (SPI_FAST_FLASH_BOOT)
[2019-08-22 16:11:35] configsip: 0, SPIWP:0xee
[2019-08-22 16:11:35] clk_drv:0x00,q_drv:0x00,d_drv:0x00,cs0_drv:0x00,hd_drv:0x00,wp_drv:0x00
[2019-08-22 16:11:35] mode:DIO, clock div:2
[2019-08-22 16:11:35] load:0x3fff0018,len:4
[2019-08-22 16:11:35] load:0x3fff001c,len:6192
[2019-08-22 16:11:35] ho 0 tail 12 room 4
[2019-08-22 16:11:35] load:0x40078000,len:10272
[2019-08-22 16:11:35] load:0x40080400,len:6608
[2019-08-22 16:11:35] entry 0x40080764
[2019-08-22 16:11:35] [0;32mI (31) boot: ESP-IDF v3.2.2-42-g4a9f33944-dirty 2nd stage bootloader[0m
[2019-08-22 16:11:35] [0;32mI (31) boot: compile time 16:09:36[0m
[2019-08-22 16:11:35] [0;32mI (31) boot: Enabling RNG early entropy source...[0m
[2019-08-22 16:11:35] [0;32mI (37) boot: SPI Speed      : 40MHz[0m
[2019-08-22 16:11:35] [0;32mI (41) boot: SPI Mode       : DIO[0m
[2019-08-22 16:11:35] [0;32mI (45) boot: SPI Flash Size : 4MB[0m
[2019-08-22 16:11:35] [0;32mI (49) boot: Partition Table:[0m
[2019-08-22 16:11:35] [0;32mI (53) boot: ## Label            Usage          Type ST Offset   Length[0m
[2019-08-22 16:11:35] [0;32mI (60) boot:  0 nvs              WiFi data        01 02 00009000 00004000[0m
[2019-08-22 16:11:35] [0;32mI (68) boot:  1 otadata          OTA data         01 00 0000d000 00002000[0m
[2019-08-22 16:11:35] [0;32mI (75) boot:  2 phy_init         RF data          01 01 0000f000 00001000[0m
[2019-08-22 16:11:35] [0;32mI (83) boot:  3 ota_0            OTA app          00 10 00010000 001e0000[0m
[2019-08-22 16:11:35] [0;32mI (90) boot:  4 ota_1            OTA app          00 11 001f0000 001e0000[0m
[2019-08-22 16:11:35] [0;32mI (98) boot:  5 coredump         Unknown data     01 03 003d0000 00010000[0m
[2019-08-22 16:11:35] [0;32mI (105) boot:  6 reserved         Unknown data     01 fe 003e0000 00020000[0m
[2019-08-22 16:11:35] [0;32mI (113) boot: End of partition table[0m
[2019-08-22 16:11:35] [0;32mI (117) boot: No factory image, trying OTA 0[0m
[2019-08-22 16:11:35] [0;32mI (122) esp_image: segment 0: paddr=0x00010020 vaddr=0x3f400020 size=0x2c178 (180600) map[0m
[2019-08-22 16:11:35] [0;32mI (194) esp_image: segment 1: paddr=0x0003c1a0 vaddr=0x3ffb0000 size=0x02cbc ( 11452) load[0m
[2019-08-22 16:11:35] [0;32mI (199) esp_image: segment 2: paddr=0x0003ee64 vaddr=0x40080000 size=0x00400 (  1024) load[0m
[2019-08-22 16:11:35] [0;32mI (201) esp_image: segment 3: paddr=0x0003f26c vaddr=0x40080400 size=0x00da4 (  3492) load[0m
[2019-08-22 16:11:35] [0;32mI (211) esp_image: segment 4: paddr=0x00040018 vaddr=0x400d0018 size=0xca334 (828212) map[0m
[2019-08-22 16:11:35] [0;32mI (509) esp_image: segment 5: paddr=0x0010a354 vaddr=0x400811a4 size=0x0ec18 ( 60440) load[0m
[2019-08-22 16:11:35] [0;32mI (543) boot: Loaded app from partition at offset 0x10000[0m
[2019-08-22 16:11:35] [0;32mI (543) boot: Disabling RNG early entropy source...[0m
[2019-08-22 16:11:35] [0;32mI (544) cpu_start: Pro cpu up.[0m
[2019-08-22 16:11:35] [0;32mI (547) cpu_start: Single core mode[0m
[2019-08-22 16:11:35] [0;32mI (552) heap_init: Initializing. RAM available for dynamic allocation:[0m
[2019-08-22 16:11:35] [0;32mI (559) heap_init: At 3FFAE6E0 len 00001920 (6 KiB): DRAM[0m
[2019-08-22 16:11:35] [0;32mI (565) heap_init: At 3FFBA018 len 00025FE8 (151 KiB): DRAM[0m
[2019-08-22 16:11:35] [0;32mI (571) heap_init: At 3FFE0440 len 0001FBC0 (126 KiB): D/IRAM[0m
[2019-08-22 16:11:35] [0;32mI (578) heap_init: At 40078000 len 00008000 (32 KiB): IRAM[0m
[2019-08-22 16:11:35] [0;32mI (584) heap_init: At 4008FDBC len 00010244 (64 KiB): IRAM[0m
[2019-08-22 16:11:35] [0;32mI (590) cpu_start: Pro cpu start user code[0m
[2019-08-22 16:11:35] D (272) [mupgrade_check, 142]: Add an identifier to the firmware: ** MUPGRADE_FIRMWARE_FLAG **[0m
[2019-08-22 16:11:35] [0;33mW (282) [mupgrade_check, 96]: restart reason: 12, count: 6[0m
[2019-08-22 16:11:35] [0;32mI (285) cpu_start: Starting scheduler on PRO CPU.[0m
[2019-08-22 16:11:35] [0;32mI (285) sc: START GET WIFI INFO...[0m
[2019-08-22 16:11:35] [0;32mI (287) sc: TRY LOAD WIFI INFO[0m
[2019-08-22 16:11:35] [0;32mI (291) sc: WIFI SSID PASSWD LOAD ERR[0m
[2019-08-22 16:11:35] [0;32mI (295) sc: START initialise_wifi...[0m
[2019-08-22 16:11:35] I (303) wifi: wifi driver task: 3ffc112c, prio:23, stack:3584, core=0
[2019-08-22 16:11:35] [0;32mI (306) system_api: Base MAC address is not set, read default base MAC address from BLK0 of EFUSE[0m
[2019-08-22 16:11:35] [0;32mI (315) system_api: Base MAC address is not set, read default base MAC address from BLK0 of EFUSE[0m
[2019-08-22 16:11:35] I (332) wifi: wifi firmware version: 0c3a77a
[2019-08-22 16:11:35] I (333) wifi: config NVS flash: enabled
[2019-08-22 16:11:35] I (333) wifi: config nano formating: disabled
[2019-08-22 16:11:35] I (337) wifi: Init dynamic tx buffer num: 32
[2019-08-22 16:11:35] I (341) wifi: Init data frame dynamic rx buffer num: 32
[2019-08-22 16:11:35] I (346) wifi: Init management frame dynamic rx buffer num: 32
[2019-08-22 16:11:35] I (351) wifi: Init management short buffer num: 32
[2019-08-22 16:11:35] I (356) wifi: Init static rx buffer size: 1600
[2019-08-22 16:11:35] I (360) wifi: Init static rx buffer num: 10
[2019-08-22 16:11:35] I (364) wifi: Init dynamic rx buffer num: 32
[2019-08-22 16:11:35] [0;33mW (369) phy_init: failed to load RF calibration data (0x1102), falling back to full calibration[0m
[2019-08-22 16:11:35] 
[2019-08-22 16:11:35] Brownout detector was triggered
[2019-08-22 16:11:35] 
[2019-08-22 16:11:35] ets Jun  8 2016 00:22:57
[2019-08-22 16:11:35] 
[2019-08-22 16:11:35] rst:0xc (SW_CPU_RESET),boot:0x13 (SPI_FAST_FLASH_BOOT)
[2019-08-22 16:11:35] configsip: 0, SPIWP:0xee
[2019-08-22 16:11:35] clk_drv:0x00,q_drv:0x00,d_drv:0x00,cs0_drv:0x00,hd_drv:0x00,wp_drv:0x00
[2019-08-22 16:11:35] mode:DIO, clock div:2
[2019-08-22 16:11:35] load:0x3fff0018,len:4
[2019-08-22 16:11:35] load:0x3fff001c,len:6192
[2019-08-22 16:11:35] ho 0 tail 12 room 4
[2019-08-22 16:11:35] load:0x40078000,len:10272
[2019-08-22 16:11:35] load:0x40080400,len:6608
[2019-08-22 16:11:35] entry 0x40080764
[2019-08-22 16:11:35] [0;32mI (31) boot: ESP-IDF v3.2.2-42-g4a9f33944-dirty 2nd stage bootloader[0m
[2019-08-22 16:11:35] [0;32mI (31) boot: compile time 16:09:36[0m
[2019-08-22 16:11:35] [0;32mI (31) boot: Enabling RNG early entropy source...[0m
[2019-08-22 16:11:35] [0;32mI (37) boot: SPI Speed      : 40MHz[0m
[2019-08-22 16:11:35] [0;32mI (41) boot: SPI Mode       : DIO[0m
[2019-08-22 16:11:35] [0;32mI (45) boot: SPI Flash Size : 4MB[0m
[2019-08-22 16:11:35] [0;32mI (49) boot: Partition Table:[0m
[2019-08-22 16:11:35] [0;32mI (53) boot: ## Label            Usage          Type ST Offset   Length[0m
[2019-08-22 16:11:35] [0;32mI (60) boot:  0 nvs              WiFi data        01 02 00009000 00004000[0m
[2019-08-22 16:11:35] [0;32mI (68) boot:  1 otadata          OTA data         01 00 0000d000 00002000[0m
[2019-08-22 16:11:35] [0;32mI (75) boot:  2 phy_init         RF data          01 01 0000f000 00001000[0m
[2019-08-22 16:11:35] [0;32mI (83) boot:  3 ota_0            OTA app          00 10 00010000 001e0000[0m
[2019-08-22 16:11:35] [0;32mI (90) boot:  4 ota_1            OTA app          00 11 001f0000 001e0000[0m
[2019-08-22 16:11:35] [0;32mI (98) boot:  5 coredump         Unknown data     01 03 003d0000 00010000[0m
[2019-08-22 16:11:35] [0;32mI (105) boot:  6 reserved         Unknown data     01 fe 003e0000 00020000[0m
[2019-08-22 16:11:35] [0;32mI (113) boot: End of partition table[0m
[2019-08-22 16:11:35] [0;32mI (117) boot: No factory image, trying OTA 0[0m
[2019-08-22 16:11:35] [0;32mI (122) esp_image: segment 0: paddr=0x00010020 vaddr=0x3f400020 size=0x2c178 (180600) map[0m
[2019-08-22 16:11:35] [0;32mI (194) esp_image: segment 1: paddr=0x0003c1a0 vaddr=0x3ffb0000 size=0x02cbc ( 11452) load[0m
[2019-08-22 16:11:36] [0;32mI (199) esp_image: segment 2: paddr=0x0003ee64 vaddr=0x40080000 size=0x00400 (  1024) load[0m
[2019-08-22 16:11:36] [0;32mI (201) esp_image: segment 3: paddr=0x0003f26c vaddr=0x40080400 size=0x00da4 (  3492) load[0m
[2019-08-22 16:11:36] [0;32mI (211) esp_image: segment 4: paddr=0x00040018 vaddr=0x400d0018 size=0xca334 (828212) map[0m
[2019-08-22 16:11:36] [0;32mI (509) esp_image: segment 5: paddr=0x0010a354 vaddr=0x400811a4 size=0x0ec18 ( 60440) load[0m
[2019-08-22 16:11:36] [0;32mI (543) boot: Loaded app from partition at offset 0x10000[0m
[2019-08-22 16:11:36] [0;32mI (543) boot: Disabling RNG early entropy source...[0m
[2019-08-22 16:11:36] [0;32mI (544) cpu_start: Pro cpu up.[0m
[2019-08-22 16:11:36] [0;32mI (547) cpu_start: Single core mode[0m
[2019-08-22 16:11:36] [0;32mI (552) heap_init: Initializing. RAM available for dynamic allocation:[0m
[2019-08-22 16:11:36] [0;32mI (559) heap_init: At 3FFAE6E0 len 00001920 (6 KiB): DRAM[0m
[2019-08-22 16:11:36] [0;32mI (565) heap_init: At 3FFBA018 len 00025FE8 (151 KiB): DRAM[0m
[2019-08-22 16:11:36] [0;32mI (571) heap_init: At 3FFE0440 len 0001FBC0 (126 KiB): D/IRAM[0m
[2019-08-22 16:11:36] [0;32mI (578) heap_init: At 40078000 len 00008000 (32 KiB): IRAM[0m
[2019-08-22 16:11:36] [0;32mI (584) heap_init: At 4008FDBC len 00010244 (64 KiB): IRAM[0m
[2019-08-22 16:11:36] [0;32mI (590) cpu_start: Pro cpu start user code[0m
[2019-08-22 16:11:36] D (272) [mupgrade_check, 142]: Add an identifier to the firmware: ** MUPGRADE_FIRMWARE_FLAG **[0m
[2019-08-22 16:11:36] [0;33mW (282) [mupgrade_check, 96]: restart reason: 12, count: 7[0m
[2019-08-22 16:11:36] [0;32mI (285) cpu_start: Starting scheduler on PRO CPU.[0m
[2019-08-22 16:11:36] [0;32mI (285) sc: START GET WIFI INFO...[0m
[2019-08-22 16:11:36] [0;32mI (287) sc: TRY LOAD WIFI INFO[0m
[2019-08-22 16:11:36] [0;32mI (291) sc: WIFI SSID PASSWD LOAD ERR[0m
[2019-08-22 16:11:36] [0;32mI (295) sc: START initialise_wifi...[0m
[2019-08-22 16:11:36] I (303) wifi: wifi driver task: 3ffc112c, prio:23, stack:3584, core=0
[2019-08-22 16:11:36] [0;32mI (306) system_api: Base MAC address is not set, read default base MAC address from BLK0 of EFUSE[0m
[2019-08-22 16:11:36] [0;32mI (315) system_api: Base MAC address is not set, read default base MAC address from BLK0 of EFUSE[0m
[2019-08-22 16:11:36] I (332) wifi: wifi firmware version: 0c3a77a
[2019-08-22 16:11:36] I (333) wifi: config NVS flash: enabled
[2019-08-22 16:11:36] I (333) wifi: config nano formating: disabled
[2019-08-22 16:11:36] I (337) wifi: Init dynamic tx buffer num: 32
[2019-08-22 16:11:36] I (341) wifi: Init data frame dynamic rx buffer num: 32
[2019-08-22 16:11:36] I (346) wifi: Init management frame dynamic rx buffer num: 32
[2019-08-22 16:11:36] I (351) wifi: Init management short buffer num: 32
[2019-08-22 16:11:36] I (356) wifi: Init static rx buffer size: 1600
[2019-08-22 16:11:36] I (360) wifi: Init static rx buffer num: 10
[2019-08-22 16:11:36] I (364) wifi: Init dynamic rx buffer num: 32
[2019-08-22 16:11:36] [0;33mW (369) phy_init: failed to load RF calibration data (0x1102), falling back to full calibration[0m
[2019-08-22 16:11:36] 
[2019-08-22 16:11:36] Brownout detector was triggered
[2019-08-22 16:11:36] 
[2019-08-22 16:11:36] ets Jun  8 2016 00:22:57
[2019-08-22 16:11:36] 
[2019-08-22 16:11:36] rst:0xc (SW_CPU_RESET),boot:0x13 (SPI_FAST_FLASH_BOOT)
[2019-08-22 16:11:36] configsip: 0, SPIWP:0xee
[2019-08-22 16:11:36] clk_drv:0x00,q_drv:0x00,d_drv:0x00,cs0_drv:0x00,hd_drv:0x00,wp_drv:0x00
[2019-08-22 16:11:36] mode:DIO, clock div:2
[2019-08-22 16:11:36] load:0x3fff0018,len:4
[2019-08-22 16:11:36] load:0x3fff001c,len:6192
[2019-08-22 16:11:36] ho 0 tail 12 room 4
[2019-08-22 16:11:36] load:0x40078000,len:10272
[2019-08-22 16:11:36] load:0x40080400,len:6608
[2019-08-22 16:11:36] entry 0x40080764
[2019-08-22 16:11:36] [0;32mI (31) boot: ESP-IDF v3.2.2-42-g4a9f33944-dirty 2nd stage bootloader[0m
[2019-08-22 16:11:36] [0;32mI (31) boot: compile time 16:09:36[0m
[2019-08-22 16:11:36] [0;32mI (31) boot: Enabling RNG early entropy source...[0m
[2019-08-22 16:11:36] [0;32mI (37) boot: SPI Speed      : 40MHz[0m
[2019-08-22 16:11:36] [0;32mI (41) boot: SPI Mode       : DIO[0m
[2019-08-22 16:11:36] [0;32mI (45) boot: SPI Flash Size : 4MB[0m
[2019-08-22 16:11:36] [0;32mI (49) boot: Partition Table:[0m
[2019-08-22 16:11:36] [0;32mI (53) boot: ## Label            Usage          Type ST Offset   Length[0m
[2019-08-22 16:11:36] [0;32mI (60) boot:  0 nvs              WiFi data        01 02 00009000 00004000[0m
[2019-08-22 16:11:36] [0;32mI (68) boot:  1 otadata          OTA data         01 00 0000d000 00002000[0m
[2019-08-22 16:11:36] [0;32mI (75) boot:  2 phy_init         RF data          01 01 0000f000 00001000[0m
[2019-08-22 16:11:36] [0;32mI (83) boot:  3 ota_0            OTA app          00 10 00010000 001e0000[0m
[2019-08-22 16:11:36] [0;32mI (90) boot:  4 ota_1            OTA app          00 11 001f0000 001e0000[0m
[2019-08-22 16:11:36] [0;32mI (98) boot:  5 coredump         Unknown data     01 03 003d0000 00010000[0m
[2019-08-22 16:11:36] [0;32mI (105) boot:  6 reserved         Unknown data     01 fe 003e0000 00020000[0m
[2019-08-22 16:11:36] [0;32mI (113) boot: End of partition table[0m
[2019-08-22 16:11:36] [0;32mI (117) boot: No factory image, trying OTA 0[0m
[2019-08-22 16:11:36] [0;32mI (122) esp_image: segment 0: paddr=0x00010020 vaddr=0x3f400020 size=0x2c178 (180600) map[0m
[2019-08-22 16:11:36] [0;32mI (194) esp_image: segment 1: paddr=0x0003c1a0 vaddr=0x3ffb0000 size=0x02cbc ( 11452) load[0m
[2019-08-22 16:11:36] [0;32mI (199) esp_image: segment 2: paddr=0x0003ee64 vaddr=0x40080000 size=0x00400 (  1024) load[0m
[2019-08-22 16:11:36] [0;32mI (201) esp_image: segment 3: paddr=0x0003f26c vaddr=0x40080400 size=0x00da4 (  3492) load[0m
[2019-08-22 16:11:36] [0;32mI (211) esp_image: segment 4: paddr=0x00040018 vaddr=0x400d0018 size=0xca334 (828212) map[0m
[2019-08-22 16:11:36] [0;32mI (509) esp_image: segment 5: paddr=0x0010a354 vaddr=0x400811a4 size=0x0ec18 ( 60440) load[0m
[2019-08-22 16:11:37] [0;32mI (543) boot: Loaded app from partition at offset 0x10000[0m
[2019-08-22 16:11:37] [0;32mI (543) boot: Disabling RNG early entropy source...[0m
[2019-08-22 16:11:37] [0;32mI (544) cpu_start: Pro cpu up.[0m
[2019-08-22 16:11:37] [0;32mI (547) cpu_start: Single core mode[0m
[2019-08-22 16:11:37] [0;32mI (552) heap_init: Initializing. RAM available for dynamic allocation:[0m
[2019-08-22 16:11:37] [0;32mI (559) heap_init: At 3FFAE6E0 len 00001920 (6 KiB): DRAM[0m
[2019-08-22 16:11:37] [0;32mI (565) heap_init: At 3FFBA018 len 00025FE8 (151 KiB): DRAM[0m
[2019-08-22 16:11:37] [0;32mI (571) heap_init: At 3FFE0440 len 0001FBC0 (126 KiB): D/IRAM[0m
[2019-08-22 16:11:37] [0;32mI (578) heap_init: At 40078000 len 00008000 (32 KiB): IRAM[0m
[2019-08-22 16:11:37] [0;32mI (584) heap_init: At 4008FDBC len 00010244 (64 KiB): IRAM[0m
[2019-08-22 16:11:37] [0;32mI (590) cpu_start: Pro cpu start user code[0m
[2019-08-22 16:11:37] D (272) [mupgrade_check, 142]: Add an identifier to the firmware: ** MUPGRADE_FIRMWARE_FLAG **[0m
[2019-08-22 16:11:37] [0;33mW (282) [mupgrade_check, 96]: restart reason: 12, count: 8[0m
[2019-08-22 16:11:37] [0;32mI (285) cpu_start: Starting scheduler on PRO CPU.[0m
[2019-08-22 16:11:37] [0;32mI (285) sc: START GET WIFI INFO...[0m
[2019-08-22 16:11:37] [0;32mI (287) sc: TRY LOAD WIFI INFO[0m
[2019-08-22 16:11:37] [0;32mI (291) sc: WIFI SSID PASSWD LOAD ERR[0m
[2019-08-22 16:11:37] [0;32mI (295) sc: START initialise_wifi...[0m
[2019-08-22 16:11:37] I (303) wifi: wifi driver task: 3ffc112c, prio:23, stack:3584, core=0
[2019-08-22 16:11:37] [0;32mI (306) system_api: Base MAC address is not set, read default base MAC address from BLK0 of EFUSE[0m
[2019-08-22 16:11:37] [0;32mI (315) system_api: Base MAC address is not set, read default base MAC address from BLK0 of EFUSE[0m
[2019-08-22 16:11:37] I (332) wifi: wifi firmware version: 0c3a77a
[2019-08-22 16:11:37] I (333) wifi: config NVS flash: enabled
[2019-08-22 16:11:37] I (333) wifi: config nano formating: disabled
[2019-08-22 16:11:37] I (337) wifi: Init dynamic tx buffer num: 32
[2019-08-22 16:11:37] I (341) wifi: Init data frame dynamic rx buffer num: 32
[2019-08-22 16:11:37] I (346) wifi: Init management frame dynamic rx buffer num: 32
[2019-08-22 16:11:37] I (351) wifi: Init management short buffer num: 32
[2019-08-22 16:11:37] I (356) wifi: Init static rx buffer size: 1600
[2019-08-22 16:11:37] I (360) wifi: Init static rx buffer num: 10
[2019-08-22 16:11:37] I (364) wifi: Init dynamic rx buffer num: 32
[2019-08-22 16:11:37] [0;33mW (369) phy_init: failed to load RF calibration data (0x1102), falling back to full calibration[0m
[2019-08-22 16:11:37] 
[2019-08-22 16:11:37] Brownout detector was triggered
[2019-08-22 16:11:37] 
[2019-08-22 16:11:37] ets Jun  8 2016 00:22:57
[2019-08-22 16:11:37] 
[2019-08-22 16:11:37] rst:0xc (SW_CPU_RESET),boot:0x13 (SPI_FAST_FLASH_BOOT)
[2019-08-22 16:11:37] configsip: 0, SPIWP:0xee
[2019-08-22 16:11:37] clk_drv:0x00,q_drv:0x00,d_drv:0x00,cs0_drv:0x00,hd_drv:0x00,wp_drv:0x00
[2019-08-22 16:11:37] mode:DIO, clock div:2
[2019-08-22 16:11:37] load:0x3fff0018,len:4
[2019-08-22 16:11:37] load:0x3fff001c,len:6192
[2019-08-22 16:11:37] ho 0 tail 12 room 4
[2019-08-22 16:11:37] load:0x40078000,len:10272
[2019-08-22 16:11:37] load:0x40080400,len:6608
[2019-08-22 16:11:37] entry 0x40080764
[2019-08-22 16:11:37] [0;32mI (31) boot: ESP-IDF v3.2.2-42-g4a9f33944-dirty 2nd stage bootloader[0m
[2019-08-22 16:11:37] [0;32mI (31) boot: compile time 16:09:36[0m
[2019-08-22 16:11:37] [0;32mI (31) boot: Enabling RNG early entropy source...[0m
[2019-08-22 16:11:37] [0;32mI (37) boot: SPI Speed      : 40MHz[0m
[2019-08-22 16:11:37] [0;32mI (41) boot: SPI Mode       : DIO[0m
[2019-08-22 16:11:37] [0;32mI (45) boot: SPI Flash Size : 4MB[0m
[2019-08-22 16:11:37] [0;32mI (49) boot: Partition Table:[0m
[2019-08-22 16:11:37] [0;32mI (53) boot: ## Label            Usage          Type ST Offset   L