ntr˘ets Jun  8 2016 00:22:57
[2019-08-20 14:22:26] 
[2019-08-20 14:22:26] rst:0x1 (POWERON_RESET),boot:0x13 (SPI_FAST_FLASH_BOOT)
[2019-08-20 14:22:26] configsip: 0, SPIWP:0xee
[2019-08-20 14:22:26] clk_drv:0x00,q_drv:0x00,d_drv:0x00,cs0_drv:0x00,hd_drv:0x00,wp_drv:0x00
[2019-08-20 14:22:26] mode:DIO, clock div:2
[2019-08-20 14:22:26] load:0x3fff0018,len:4
[2019-08-20 14:22:26] load:0x3fff001c,len:6192
[2019-08-20 14:22:26] ho 0 tail 12 room 4
[2019-08-20 14:22:26] load:0x40078000,len:10272
[2019-08-20 14:22:26] load:0x40080400,len:6608
[2019-08-20 14:22:26] entry 0x40080764
[2019-08-20 14:22:26] [0;32mI (30) boot: ESP-IDF v3.2.2-42-g4a9f33944-dirty 2nd stage bootloader[0m
[2019-08-20 14:22:26] [0;32mI (30) boot: compile time 12:12:46[0m
[2019-08-20 14:22:26] [0;32mI (30) boot: Enabling RNG early entropy source...[0m
[2019-08-20 14:22:26] [0;32mI (36) boot: SPI Speed      : 40MHz[0m
[2019-08-20 14:22:26] [0;32mI (41) boot: SPI Mode       : DIO[0m
[2019-08-20 14:22:26] [0;32mI (45) boot: SPI Flash Size : 4MB[0m
[2019-08-20 14:22:26] [0;32mI (49) boot: Partition Table:[0m
[2019-08-20 14:22:26] [0;32mI (52) boot: ## Label            Usage          Type ST Offset   Length[0m
[2019-08-20 14:22:26] [0;32mI (60) boot:  0 nvs              WiFi data        01 02 00009000 00004000[0m
[2019-08-20 14:22:26] [0;32mI (67) boot:  1 otadata          OTA data         01 00 0000d000 00002000[0m
[2019-08-20 14:22:26] [0;32mI (74) boot:  2 phy_init         RF data          01 01 0000f000 00001000[0m
[2019-08-20 14:22:26] [0;32mI (82) boot:  3 ota_0            OTA app          00 10 00010000 001e0000[0m
[2019-08-20 14:22:26] [0;32mI (89) boot:  4 ota_1            OTA app          00 11 001f0000 001e0000[0m
[2019-08-20 14:22:26] [0;32mI (97) boot:  5 coredump         Unknown data     01 03 003d0000 00010000[0m
[2019-08-20 14:22:26] [0;32mI (104) boot:  6 reserved         Unknown data     01 fe 003e0000 00020000[0m
[2019-08-20 14:22:26] [0;32mI (112) boot: End of partition table[0m
[2019-08-20 14:22:26] [0;32mI (116) boot: No factory image, trying OTA 0[0m
[2019-08-20 14:22:26] [0;32mI (121) esp_image: segment 0: paddr=0x00010020 vaddr=0x3f400020 size=0x29a1c (170524) map[0m
[2019-08-20 14:22:26] [0;32mI (190) esp_image: segment 1: paddr=0x00039a44 vaddr=0x3ffb0000 size=0x02c84 ( 11396) load[0m
[2019-08-20 14:22:26] [0;32mI (195) esp_image: segment 2: paddr=0x0003c6d0 vaddr=0x40080000 size=0x00400 (  1024) load[0m
[2019-08-20 14:22:26] [0;32mI (197) esp_image: segment 3: paddr=0x0003cad8 vaddr=0x40080400 size=0x03538 ( 13624) load[0m
[2019-08-20 14:22:26] [0;32mI (211) esp_image: segment 4: paddr=0x00040018 vaddr=0x400d0018 size=0xbf7e4 (784356) map[0m
[2019-08-20 14:22:26] [0;32mI (489) esp_image: segment 5: paddr=0x000ff804 vaddr=0x40083938 size=0x0c484 ( 50308) load[0m
[2019-08-20 14:22:26] [0;32mI (520) boot: Loaded app from partition at offset 0x10000[0m
[2019-08-20 14:22:26] [0;32mI (520) boot: Disabling RNG early entropy source...[0m
[2019-08-20 14:22:26] [0;32mI (520) cpu_start: Pro cpu up.[0m
[2019-08-20 14:22:26] [0;32mI (524) cpu_start: Single core mode[0m
[2019-08-20 14:22:26] [0;32mI (528) heap_init: Initializing. RAM available for dynamic allocation:[0m
[2019-08-20 14:22:26] [0;32mI (535) heap_init: At 3FFAE6E0 len 00001920 (6 KiB): DRAM[0m
[2019-08-20 14:22:26] [0;32mI (541) heap_init: At 3FFB9D78 len 00026288 (152 KiB): DRAM[0m
[2019-08-20 14:22:26] [0;32mI (547) heap_init: At 3FFE0440 len 0001FBC0 (126 KiB): D/IRAM[0m
[2019-08-20 14:22:26] [0;32mI (554) heap_init: At 40078000 len 00008000 (32 KiB): IRAM[0m
[2019-08-20 14:22:26] [0;32mI (560) heap_init: At 4008FDBC len 00010244 (64 KiB): IRAM[0m
[2019-08-20 14:22:26] [0;32mI (566) cpu_start: Pro cpu start user code[0m
[2019-08-20 14:22:26] D (248) [mupgrade_check, 142]: Add an identifier to the firmware: ** MUPGRADE_FIRMWARE_FLAG **[0m
[2019-08-20 14:22:26] [0;32mI (259) cpu_start: Starting scheduler on PRO CPU.[0m
[2019-08-20 14:22:26] [0;32mI (260) gpio: GPIO[4]| InputEn: 0| OutputEn: 1| OpenDrain: 0| Pullup: 0| Pulldown: 0| Intr:0 [0m
[2019-08-20 14:22:26] [0;32mI (263) gpio: GPIO[13]| InputEn: 0| OutputEn: 1| OpenDrain: 0| Pullup: 0| Pulldown: 0| Intr:0 [0m
[2019-08-20 14:22:26] [0;32mI (272) gpio: GPIO[21]| InputEn: 0| OutputEn: 1| OpenDrain: 0| Pullup: 0| Pulldown: 0| Intr:0 [0m
[2019-08-20 14:22:26] [0;32mI (282) gpio: GPIO[22]| InputEn: 0| OutputEn: 1| OpenDrain: 0| Pullup: 0| Pulldown: 0| Intr:0 [0m
[2019-08-20 14:22:26] [0;32mI (291) gpio: GPIO[23]| InputEn: 0| OutputEn: 1| OpenDrain: 0| Pullup: 0| Pulldown: 0| Intr:0 [0m
[2019-08-20 14:22:26] [0;32mI (300) gpio: GPIO[17]| InputEn: 0| OutputEn: 1| OpenDrain: 0| Pullup: 0| Pulldown: 0| Intr:0 [0m
[2019-08-20 14:22:26] [0;32mI (309) gpio: GPIO[5]| InputEn: 0| OutputEn: 1| OpenDrain: 0| Pullup: 0| Pulldown: 0| Intr:0 [0m
[2019-08-20 14:22:26] [0;32mI (319) gpio: GPIO[18]| InputEn: 0| OutputEn: 1| OpenDrain: 0| Pullup: 0| Pulldown: 0| Intr:0 [0m
[2019-08-20 14:22:26] [0;32mI (328) gpio: GPIO[19]| InputEn: 0| OutputEn: 1| OpenDrain: 0| Pullup: 0| Pulldown: 0| Intr:0 [0m
[2019-08-20 14:22:26] [0;32mI (337) gpio: GPIO[33]| InputEn: 1| OutputEn: 0| OpenDrain: 0| Pullup: 1| Pulldown: 0| Intr:3 [0m
[2019-08-20 14:22:26] [0;32mI (347) gpio: GPIO[32]| InputEn: 1| OutputEn: 0| OpenDrain: 0| Pullup: 1| Pulldown: 0| Intr:3 [0m
[2019-08-20 14:22:26] [0;32mI (356) gpio: GPIO[25]| InputEn: 1| OutputEn: 0| OpenDrain: 0| Pullup: 1| Pulldown: 0| Intr:3 [0m
[2019-08-20 14:22:26] [0;32mI (365) gpio: GPIO[26]| InputEn: 1| OutputEn: 0| OpenDrain: 0| Pullup: 1| Pulldown: 0| Intr:3 [0m
[2019-08-20 14:22:26] [0;32mI (375) [mupgrade_example, 357]: Starting OTA example ...[0m
[2019-08-20 14:22:26] I (384) wifi: wifi driver task: 3ffc2c74, prio:23, stack:3584, core=0
[2019-08-20 14:22:26] [0;32mI (387) system_api: Base MAC address is not set, read default base MAC address from BLK0 of EFUSE[0m
[2019-08-20 14:22:26] [0;32mI (396) system_api: Base MAC address is not set, read default base MAC address from BLK0 of EFUSE[0m
[2019-08-20 14:22:26] I (419) wifi: wifi firmware version: 0c3a77a
[2019-08-20 14:22:26] I (420) wifi: config NVS flash: enabled
[2019-08-20 14:22:26] I (420) wifi: config nano formating: disabled
[2019-08-20 14:22:26] I (420) wifi: Init dynamic tx buffer num: 32
[2019-08-20 14:22:26] I (424) wifi: Init data frame dynamic rx buffer num: 32
[2019-08-20 14:22:26] I (429) wifi: Init management frame dynamic rx buffer num: 32
[2019-08-20 14:22:26] I (435) wifi: Init management short buffer num: 32
[2019-08-20 14:22:26] I (439) wifi: Init static rx buffer size: 1600
[2019-08-20 14:22:26] I (443) wifi: Init static rx buffer num: 10
[2019-08-20 14:22:26] I (447) wifi: Init dynamic rx buffer num: 32
[2019-08-20 14:22:26] I (452) wifi: Set ps type: 0
[2019-08-20 14:22:26] 
[2019-08-20 14:22:26] [0;33mW (454) phy_init: failed to load RF calibration data (0x1102), falling back to full calibration[0m
[2019-08-20 14:22:26] 
[2019-08-20 14:22:27] Brownout detector was triggered
[2019-08-20 14:22:27] 
[2019-08-20 14:22:27] ets Jun  8 2016 00:22:57
[2019-08-20 14:22:27] 
[2019-08-20 14:22:27] rst:0xc (SW_CPU_RESET),boot:0x13 (SPI_FAST_FLASH_BOOT)
[2019-08-20 14:22:27] configsip: 0, SPIWP:0xee
[2019-08-20 14:22:27] clk_drv:0x00,q_drv:0x00,d_drv:0x00,cs0_drv:0x00,hd_drv:0x00,wp_drv:0x00
[2019-08-20 14:22:27] mode:DIO, clock div:2
[2019-08-20 14:22:27] load:0x3fff0018,len:4
[2019-08-20 14:22:27] load:0x3fff001c,len:6192
[2019-08-20 14:22:27] ho 0 tail 12 room 4
[2019-08-20 14:22:27] load:0x40078000,len:10272
[2019-08-20 14:22:27] load:0x40080400,len:6608
[2019-08-20 14:22:27] entry 0x40080764
[2019-08-20 14:22:27] [0;32mI (31) boot: ESP-IDF v3.2.2-42-g4a9f33944-dirty 2nd stage bootloader[0m
[2019-08-20 14:22:27] [0;32mI (31) boot: compile time 12:12:46[0m
[2019-08-20 14:22:27] [0;32mI (31) boot: Enabling RNG early entropy source...[0m
[2019-08-20 14:22:27] [0;32mI (37) boot: SPI Speed      : 40MHz[0m
[2019-08-20 14:22:27] [0;32mI (41) boot: SPI Mode       : DIO[0m
[2019-08-20 14:22:27] [0;32mI (45) boot: SPI Flash Size : 4MB[0m
[2019-08-20 14:22:27] [0;32mI (49) boot: Partition Table:[0m
[2019-08-20 14:22:27] [0;32mI (53) boot: ## Label            Usage          Type ST Offset   Length[0m
[2019-08-20 14:22:27] [0;32mI (60) boot:  0 nvs              WiFi data        01 02 00009000 00004000[0m
[2019-08-20 14:22:27] [0;32mI (68) boot:  1 otadata          OTA data         01 00 0000d000 00002000[0m
[2019-08-20 14:22:27] [0;32mI (75) boot:  2 phy_init         RF data          01 01 0000f000 00001000[0m
[2019-08-20 14:22:27] [0;32mI (83) boot:  3 ota_0            OTA app          00 10 00010000 001e0000[0m
[2019-08-20 14:22:27] [0;32mI (90) boot:  4 ota_1            OTA app          00 11 001f0000 001e0000[0m
[2019-08-20 14:22:27] [0;32mI (98) boot:  5 coredump         Unknown data     01 03 003d0000 00010000[0m
[2019-08-20 14:22:27] [0;32mI (105) boot:  6 reserved         Unknown data     01 fe 003e0000 00020000[0m
[2019-08-20 14:22:27] [0;32mI (113) boot: End of partition table[0m
[2019-08-20 14:22:27] [0;32mI (117) boot: No factory image, trying OTA 0[0m
[2019-08-20 14:22:27] [0;32mI (122) esp_image: segment 0: paddr=0x00010020 vaddr=0x3f400020 size=0x29a1c (170524) map[0m
[2019-08-20 14:22:27] [0;32mI (191) esp_image: segment 1: paddr=0x00039a44 vaddr=0x3ffb0000 size=0x02c84 ( 11396) load[0m
[2019-08-20 14:22:27] [0;32mI (195) esp_image: segment 2: paddr=0x0003c6d0 vaddr=0x40080000 size=0x00400 (  1024) load[0m
[2019-08-20 14:22:27] [0;32mI (198) esp_image: segment 3: paddr=0x0003cad8 vaddr=0x40080400 size=0x03538 ( 13624) load[0m
[2019-08-20 14:22:27] [0;32mI (212) esp_image: segment 4: paddr=0x00040018 vaddr=0x400d0018 size=0xbf7e4 (784356) map[0m
[2019-08-20 14:22:27] [0;32mI (490) esp_image: segment 5: paddr=0x000ff804 vaddr=0x40083938 size=0x0c484 ( 50308) load[0m
[2019-08-20 14:22:27] [0;32mI (520) boot: Loaded app from partition at offset 0x10000[0m
[2019-08-20 14:22:27] [0;32mI (520) boot: Disabling RNG early entropy source...[0m
[2019-08-20 14:22:27] [0;32mI (521) cpu_start: Pro cpu up.[0m
[2019-08-20 14:22:27] [0;32mI (524) cpu_start: Single core mode[0m
[2019-08-20 14:22:27] [0;32mI (529) heap_init: Initializing. RAM available for dynamic allocation:[0m
[2019-08-20 14:22:27] [0;32mI (536) heap_init: At 3FFAE6E0 len 00001920 (6 KiB): DRAM[0m
[2019-08-20 14:22:27] [0;32mI (542) heap_init: At 3FFB9D78 len 00026288 (152 KiB): DRAM[0m
[2019-08-20 14:22:27] [0;32mI (548) heap_init: At 3FFE0440 len 0001FBC0 (126 KiB): D/IRAM[0m
[2019-08-20 14:22:27] [0;32mI (555) heap_init: At 40078000 len 00008000 (32 KiB): IRAM[0m
[2019-08-20 14:22:27] [0;32mI (561) heap_init: At 4008FDBC len 00010244 (64 KiB): IRAM[0m
[2019-08-20 14:22:27] [0;32mI (567) cpu_start: Pro cpu start user code[0m
[2019-08-20 14:22:27] D (249) [mupgrade_check, 142]: Add an identifier to the firmware: ** MUPGRADE_FIRMWARE_FLAG **[0m
[2019-08-20 14:22:27] [0;33mW (262) [mupgrade_check, 96]: restart reason: 12, count: 2[0m
[2019-08-20 14:22:27] [0;32mI (265) cpu_start: Starting scheduler on PRO CPU.[0m
[2019-08-20 14:22:27] [0;32mI (265) gpio: GPIO[4]| InputEn: 0| OutputEn: 1| OpenDrain: 0| Pullup: 0| Pulldown: 0| Intr:0 [0m
[2019-08-20 14:22:27] [0;32mI (272) gpio: GPIO[13]| InputEn: 0| OutputEn: 1| OpenDrain: 0| Pullup: 0| Pulldown: 0| Intr:0 [0m
[2019-08-20 14:22:27] [0;32mI (281) gpio: GPIO[21]| InputEn: 0| OutputEn: 1| OpenDrain: 0| Pullup: 0| Pulldown: 0| Intr:0 [0m
[2019-08-20 14:22:27] [0;32mI (290) gpio: GPIO[22]| InputEn: 0| OutputEn: 1| OpenDrain: 0| Pullup: 0| Pulldown: 0| Intr:0 [0m
[2019-08-20 14:22:27] [0;32mI (300) gpio: GPIO[23]| InputEn: 0| OutputEn: 1| OpenDrain: 0| Pullup: 0| Pulldown: 0| Intr:0 [0m
[2019-08-20 14:22:27] [0;32mI (309) gpio: GPIO[17]| InputEn: 0| OutputEn: 1| OpenDrain: 0| Pullup: 0| Pulldown: 0| Intr:0 [0m
[2019-08-20 14:22:27] [0;32mI (318) gpio: GPIO[5]| InputEn: 0| OutputEn: 1| OpenDrain: 0| Pullup: 0| Pulldown: 0| Intr:0 [0m
[2019-08-20 14:22:27] [0;32mI (327) gpio: GPIO[18]| InputEn: 0| OutputEn: 1| OpenDrain: 0| Pullup: 0| Pulldown: 0| Intr:0 [0m
[2019-08-20 14:22:27] [0;32mI (337) gpio: GPIO[19]| InputEn: 0| OutputEn: 1| OpenDrain: 0| Pullup: 0| Pulldown: 0| Intr:0 [0m
[2019-08-20 14:22:27] [0;32mI (346) gpio: GPIO[33]| InputEn: 1| OutputEn: 0| OpenDrain: 0| Pullup: 1| Pulldown: 0| Intr:3 [0m
[2019-08-20 14:22:27] [0;32mI (355) gpio: GPIO[32]| InputEn: 1| OutputEn: 0| OpenDrain: 0| Pullup: 1| Pulldown: 0| Intr:3 [0m
[2019-08-20 14:22:27] [0;32mI (365) gpio: GPIO[25]| InputEn: 1| OutputEn: 0| OpenDrain: 0| Pullup: 1| Pulldown: 0| Intr:3 [0m
[2019-08-20 14:22:27] [0;32mI (374) gpio: GPIO[26]| InputEn: 1| OutputEn: 0| OpenDrain: 0| Pullup: 1| Pulldown: 0| Intr:3 [0m
[2019-08-20 14:22:27] [0;32mI (384) [mupgrade_example, 357]: Starting OTA example ...[0m
[2019-08-20 14:22:27] I (392) wifi: wifi driver task: 3ffc2cbc, prio:23, stack:3584, core=0
[2019-08-20 14:22:27] [0;32mI (396) system_api: Base MAC address is not set, read default base MAC address from BLK0 of EFUSE[0m
[2019-08-20 14:22:27] [0;32mI (405) system_api: Base MAC address is not set, read default base MAC address from BLK0 of EFUSE[0m
[2019-08-20 14:22:27] I (422) wifi: wifi firmware version: 0c3a77a
[2019-08-20 14:22:27] I (422) wifi: config NVS flash: enabled
[2019-08-20 14:22:27] I (422) wifi: config nano formating: disabled
[2019-08-20 14:22:27] I (426) wifi: Init dynamic tx buffer num: 32
[2019-08-20 14:22:27] I (430) wifi: Init data frame dynamic rx buffer num: 32
[2019-08-20 14:22:27] I (435) wifi: Init management frame dynamic rx buffer num: 32
[2019-08-20 14:22:27] I (441) wifi: Init management short buffer num: 32
[2019-08-20 14:22:27] I (445) wifi: Init static rx buffer size: 1600
[2019-08-20 14:22:27] I (449) wifi: Init static rx buffer num: 10
[2019-08-20 14:22:27] I (453) wifi: Init dynamic rx buffer num: 32
[2019-08-20 14:22:27] I (458) wifi: Set ps type: 0
[2019-08-20 14:22:27] 
[2019-08-20 14:22:27] [0;33mW (460) phy_init: failed to load RF calibration data (0x1102), falling back to full calibration[0m
[2019-08-20 14:22:27] [0;32mI (624) phy: phy_version: 4008, 544f89f, Jan 24 2019, 14:54:06, 0, 2[0m
[2019-08-20 14:22:28] I (633) wifi: mode : sta (3c:71:bf:0f:cd:e8)
[2019-08-20 14:22:28] [0;32mI (635) [mwifi, 177]: esp-mdf version: v1.0-beta1-dirty[0m
[2019-08-20 14:22:28] W (635) wifi: [beacon]interval:100ms
[2019-08-20 14:22:28] I (636) wifi: mode : sta (3c:71:bf:0f:cd:e8) + softAP (3c:71:bf:0f:cd:e9)
[2019-08-20 14:22:28] I (644) wifi: Total power save buffer number: 16
[2019-08-20 14:22:28] I (647) wifi: Init max length of beacon: 752/752
[2019-08-20 14:22:28] I (652) wifi: Init max length of beacon: 752/752
[2019-08-20 14:22:28] I (659) mesh: <nvs>read layer:0, err:0x1102
[2019-08-20 14:22:28] I (659) mesh: <nvs>read assoc:0, err:0x1102
[2019-08-20 14:22:28] W (664) wifi: [beacon]interval:100ms
[2019-08-20 14:22:28] I (673) wifi: Total power save buffer number: 16
[2019-08-20 14:22:28] I (1675) wifi: Set ps type: 0
[2019-08-20 14:22:29] 
[2019-08-20 14:22:29] I (1680) wifi: mode : sta (3c:71:bf:0f:cd:e8)
[2019-08-20 14:22:29] I (1683) mesh: <MESH_NWK_LOOK_FOR_NETWORK>need_scan:0x3, need_scan_router:0x0, look_for_nwk_count:1
[2019-08-20 14:22:29] [0;32mI (1684) [mwifi, 113]: MESH is started[0m
[2019-08-20 14:22:29] [0;32mI (4687) [get_started, 27]: heap free: 176352[0m
[2019-08-20 14:22:32] [0;32mI (5443) mesh-key: ÊåâÈîÆ1ÂçïÂáª[0m
[2019-08-20 14:22:32] I (5594) mesh: [S12]Mr.Hu, e0:dc:ff:64:03:71, channel:4, rssi:-46
[2019-08-20 14:22:32] I (5595) mesh: find router:[ssid_len:5]Mr.Hu, rssi:-46, e0:dc:ff:64:03:71(encrypted), new channel:4, old channel:0
[2019-08-20 14:22:32] I (5600) mesh: [FIND][ch:0]AP:27, otherID:0, MAP:0, idle:0, candidate:0, root:0[e0:dc:ff:64:03:71]router found
[2019-08-20 14:22:32] I (5609) mesh: [FIND:1]find a network, channel:4, cfg<channel:0, router:Mr.Hu, 00:00:00:00:00:00>
[2019-08-20 14:22:33] 
[2019-08-20 14:22:33] I (5619) wifi: mode : sta (3c:71:bf:0f:cd:e8) + softAP (3c:71:bf:0f:cd:e9)
[2019-08-20 14:22:33] W (5626) wifi: <MESH AP>adjust channel:1, secondary channel offset:1(40U)
[2019-08-20 14:22:33] I (5632) wifi: Total power save buffer number: 16
[2019-08-20 14:22:33] W (5643) wifi: <MESH AP>adjust channel:4, secondary channel offset:1(40U)
[2019-08-20 14:22:33] I (5644) wifi: Total power save buffer number: 16
[2019-08-20 14:22:33] I (5951) mesh: [SCAN][ch:4]AP:1, other(ID:0, RD:0), MAP:0, idle:0, candidate:1, root:0, topMAP:0[c:0,i:0][e0:dc:ff:64:03:71]router found<>
[2019-08-20 14:22:33] I (5954) mesh: 1212[SCAN]init rc[3c:71:bf:0f:cd:e9,-53], mine:0, voter:0
[2019-08-20 14:22:33] I (5960) mesh: 1250, vote myself, router rssi:-53 > voted rc_rssi:-120
[2019-08-20 14:22:33] I (5966) mesh: [SCAN:1/10]rc[128][3c:71:bf:0f:cd:e9,-53], self[3c:71:bf:0f:cd:e8,-53,reason:0,votes:1,idle][mine:1,voter:1(1.00)percent:0.90][128,1,3c:71:bf:0f:cd:e9]
[2019-08-20 14:22:33] 
[2019-08-20 14:22:33] I (6283) mesh: [SCAN][ch:4]AP:2, other(ID:0, RD:0), MAP:0, idle:0, candidate:1, root:0, topMAP:0[c:0,i:1][e0:dc:ff:64:03:71]router found<>
[2019-08-20 14:22:33] I (6285) mesh: 1212[SCAN]init rc[3c:71:bf:0f:cd:e9,-52], mine:0, voter:0
[2019-08-20 14:22:33] I (6292) mesh: [SCAN:2/10]rc[128][3c:71:bf:0f:cd:e9,-53], self[3c:71:bf:0f:cd:e8,-52,reason:0,votes:1,idle][mine:1,voter:1(1.00)percent:0.90][128,1,3c:71:bf:0f:cd:e9]
[2019-08-20 14:22:33] 
[2019-08-20 14:22:33] I (6608) mesh: [SCAN][ch:4]AP:2, other(ID:0, RD:0), MAP:0, idle:0, candidate:1, root:0, topMAP:0[c:0,i:1][e0:dc:ff:64:03:71]router found<>
[2019-08-20 14:22:34] I (6610) mesh: 1212[SCAN]init rc[3c:71:bf:0f:cd:e9,-52], mine:0, voter:0
[2019-08-20 14:22:34] I (6617) mesh: [SCAN:3/10]rc[128][3c:71:bf:0f:cd:e9,-53], self[3c:71:bf:0f:cd:e8,-52,reason:0,votes:1,idle][mine:1,voter:1(1.00)percent:0.90][128,1,3c:71:bf:0f:cd:e9]
[2019-08-20 14:22:34] 
[2019-08-20 14:22:34] [0;32mI (6861) mesh-key: ÊåâÈîÆ1ÂçïÂáª[0m
[2019-08-20 14:22:34] I (6933) mesh: [SCAN][ch:4]AP:1, other(ID:0, RD:0), MAP:0, idle:0, candidate:1, root:0, topMAP:0[c:0,i:1][e0:dc:ff:64:03:71]router found<>
[2019-08-20 14:22:34] I (6935) mesh: 1212[SCAN]init rc[3c:71:bf:0f:cd:e9,-53], mine:0, voter:0
[2019-08-20 14:22:34] I (6941) mesh: [SCAN:4/10]rc[128][3c:71:bf:0f:cd:e9,-53], self[3c:71:bf:0f:cd:e8,-53,reason:0,votes:1,idle][mine:1,voter:1(1.00)percent:0.90][128,1,3c:71:bf:0f:cd:e9]
[2019-08-20 14:22:34] 
[2019-08-20 14:22:34] I (7258) mesh: [SCAN][ch:4]AP:2, other(ID:0, RD:0), MAP:0, idle:0, candidate:1, root:0, topMAP:0[c:0,i:1][e0:dc:ff:64:03:71]router found<>
[2019-08-20 14:22:34] I (7260) mesh: 1212[SCAN]init rc[3c:71:bf:0f:cd:e9,-54], mine:0, voter:0
[2019-08-20 14:22:34] I (7267) mesh: [SCAN:5/10]rc[128][3c:71:bf:0f:cd:e9,-53], self[3c:71:bf:0f:cd:e8,-54,reason:0,votes:1,idle][mine:1,voter:1(1.00)percent:0.90][128,1,3c:71:bf:0f:cd:e9]
[2019-08-20 14:22:34] 
[2019-08-20 14:22:34] I (7584) mesh: [SCAN][ch:4]AP:2, other(ID:0, RD:0), MAP:0, idle:0, candidate:1, root:0, topMAP:0[c:0,i:1][e0:dc:ff:64:03:71]router found<>
[2019-08-20 14:22:34] I (7586) mesh: 1212[SCAN]init rc[3c:71:bf:0f:cd:e9,-56], mine:0, voter:0
[2019-08-20 14:22:34] I (7594) mesh: [SCAN:6/10]rc[128][3c:71:bf:0f:cd:e9,-53], self[3c:71:bf:0f:cd:e8,-56,reason:0,votes:1,idle][mine:1,voter:1(1.00)percent:0.90][128,1,3c:71:bf:0f:cd:e9]
[2019-08-20 14:22:34] 
[2019-08-20 14:22:34] [0;32mI (7687) [get_started, 27]: heap free: 176732[0m
[2019-08-20 14:22:35] I (7909) mesh: [SCAN][ch:4]AP:2, other(ID:0, RD:0), MAP:0, idle:0, candidate:1, root:0, topMAP:0[c:0,i:1][e0:dc:ff:64:03:71]router found<>
[2019-08-20 14:22:35] I (7911) mesh: 1212[SCAN]init rc[3c:71:bf:0f:cd:e9,-56], mine:0, voter:0
[2019-08-20 14:22:35] I (7918) mesh: [SCAN:7/10]rc[128][3c:71:bf:0f:cd:e9,-53], self[3c:71:bf:0f:cd:e8,-56,reason:0,votes:1,idle][mine:1,voter:1(1.00)percent:0.90][128,1,3c:71:bf:0f:cd:e9]
[2019-08-20 14:22:35] 
[2019-08-20 14:22:35] I (8234) mesh: [SCAN][ch:4]AP:2, other(ID:0, RD:0), MAP:0, idle:0, candidate:1, root:0, topMAP:0[c:0,i:1][e0:dc:ff:64:03:71]router found<>
[2019-08-20 14:22:35] I (8236) mesh: 1212[SCAN]init rc[3c:71:bf:0f:cd:e9,-69], mine:0, voter:0
[2019-08-20 14:22:35] I (8243) mesh: [SCAN:8/10]rc[128][3c:71:bf:0f:cd:e9,-53], self[3c:71:bf:0f:cd:e8,-69,reason:0,votes:1,idle][mine:1,voter:1(1.00)percent:0.90][128,1,3c:71:bf:0f:cd:e9]
[2019-08-20 14:22:35] 
[2019-08-20 14:22:35] I (8559) mesh: [SCAN][ch:4]AP:1, other(ID:0, RD:0), MAP:0, idle:0, candidate:1, root:0, topMAP:0[c:0,i:1][e0:dc:ff:64:03:71]router found<>
[2019-08-20 14:22:35] I (8562) mesh: 1212[SCAN]init rc[3c:71:bf:0f:cd:e9,-57], mine:0, voter:0
[2019-08-20 14:22:35] I (8568) mesh: [SCAN:9/10]rc[128][3c:71:bf:0f:cd:e9,-53], self[3c:71:bf:0f:cd:e8,-57,reason:0,votes:1,idle][mine:1,voter:1(1.00)percent:0.90][128,1,3c:71:bf:0f:cd:e9]
[2019-08-20 14:22:35] 
[2019-08-20 14:22:35] I (8885) mesh: [SCAN][ch:4]AP:1, other(ID:0, RD:0), MAP:0, idle:0, candidate:1, root:0, topMAP:0[c:0,i:1][e0:dc:ff:64:03:71]router found<>
[2019-08-20 14:22:36] I (8887) mesh: 1212[SCAN]init rc[3c:71:bf:0f:cd:e9,-55], mine:0, voter:0
[2019-08-20 14:22:36] I (8893) mesh: [SCAN:10/13+x+]rc[128][3c:71:bf:0f:cd:e9,-53], self[3c:71:bf:0f:cd:e8,-55,reason:0,votes:1,idle][mine:1,voter:1(1.00)percent:0.90][128,1,3c:71:bf:0f:cd:e9]
[2019-08-20 14:22:36] 
[2019-08-20 14:22:36] I (9210) mesh: [SCAN][ch:4]AP:2, other(ID:0, RD:0), MAP:0, idle:0, candidate:1, root:0, topMAP:0[c:0,i:1][e0:dc:ff:64:03:71]router found<>
[2019-08-20 14:22:36] I (9212) mesh: 1212[SCAN]init rc[3c:71:bf:0f:cd:e9,-55], mine:0, voter:0
[2019-08-20 14:22:36] I (9218) mesh: [SCAN:11/13+x+]rc[128][3c:71:bf:0f:cd:e9,-53], self[3c:71:bf:0f:cd:e8,-55,reason:0,votes:1,idle][mine:1,voter:1(1.00)percent:0.90][128,1,3c:71:bf:0f:cd:e9]
[2019-08-20 14:22:36] 
[2019-08-20 14:22:36] [0;32mI (9252) mesh-key: ÊåâÈîÆ1ÂçïÂáª[0m
[2019-08-20 14:22:36] I (9536) mesh: [SCAN][ch:4]AP:1, other(ID:0, RD:0), MAP:0, idle:0, candidate:1, root:0, topMAP:0[c:0,i:1][e0:dc:ff:64:03:71]router found<>
[2019-08-20 14:22:36] I (9538) mesh: 1212[SCAN]init rc[3c:71:bf:0f:cd:e9,-52], mine:0, voter:0
[2019-08-20 14:22:36] I (9544) mesh: [SCAN:12/13+x+]rc[128][3c:71:bf:0f:cd:e9,-53], self[3c:71:bf:0f:cd:e8,-52,reason:0,votes:1,idle][mine:1,voter:1(1.00)percent:0.90][128,1,3c:71:bf:0f:cd:e9]
[2019-08-20 14:22:36] 
[2019-08-20 14:22:36] I (9861) mesh: [SCAN][ch:4]AP:2, other(ID:0, RD:0), MAP:0, idle:0, candidate:1, root:0, topMAP:0[c:0,i:1][e0:dc:ff:64:03:71]router found<>
[2019-08-20 14:22:37] I (9864) mesh: 1212[SCAN]init rc[3c:71:bf:0f:cd:e9,-53], mine:0, voter:0
[2019-08-20 14:22:37] I (9870) mesh: [SCAN:13/13+x+]rc[128][3c:71:bf:0f:cd:e9,-53], self[3c:71:bf:0f:cd:e8,-53,reason:0,votes:1,idle][mine:1,voter:1(1.00)percent:0.90][128,1,3c:71:bf:0f:cd:e9]
[2019-08-20 14:22:37] 
[2019-08-20 14:22:37] W (9885) wifi: [beacon]interval:100ms
[2019-08-20 14:22:37] I (9889) mesh: [DONE]connect to router:Mr.Hu, channel:4, rssi:-53, e0:dc:ff:64:03:71[layer:0, assoc:0], my_vote_num:1/voter_num:1, rc[3c:71:bf:0f:cd:e9/-53/1]
[2019-08-20 14:22:37] I (10033) wifi: n:4 1, o:4 1, ap:4 1, sta:4 0, prof:4
[2019-08-20 14:22:37] I (11023) wifi: state: init -> auth (b0)
[2019-08-20 14:22:38] [0;32mI (11030) [get_started, 27]: heap free: 176564[0m
[2019-08-20 14:22:38] I (11089) wifi: state: auth -> assoc (0)
[2019-08-20 14:22:38] [0;32mI (11092) mesh-key: ÊåâÈîÆ1ÈïøÊåâ[0m
[2019-08-20 14:22:38] I (11102) wifi: state: assoc -> run (10)
[2019-08-20 14:22:38] I (11146) wpa: <EAPOL>state:6
[2019-08-20 14:22:38] I (11146) wpa: <EAPOL>receiving the 1/4 EAPOL-Key, state:6
[2019-08-20 14:22:38] I (11153) wpa: <EAPOL>state:7
[2019-08-20 14:22:38] I (11154) wpa: <EAPOL>receiving the 3/4 EAPOL-Key, state:7
[2019-08-20 14:22:38] I (11154) wifi: connected with Mr.Hu, channel 4, HT20
[2019-08-20 14:22:38] I (11159) wifi: pm start, type: 0
[2019-08-20 14:22:38] 
[2019-08-20 14:22:38] I (11163) mesh: [scan]new scanning time:600ms
[2019-08-20 14:22:38] W (11163) wifi: [beacon]new interval:300ms
[2019-08-20 14:22:38] I (11169) mesh: <nvs>write layer:1
[2019-08-20 14:22:38] [0;32mI (11170) [mwifi, 80]: Parent is connected[0m
[2019-08-20 14:22:38] [0;32mI (11175) [mupgrade_example, 287]: MDF_EVENT_PARENT_CONNECTED[0m
[2019-08-20 14:22:38] [0;32mI (11176) [mwifi, 149]: State represents: 0[0m
[2019-08-20 14:22:38] [0;32mI (11192) [mupgrade_example, 44]: Root read task is running[0m
[2019-08-20 14:22:38] [0;32mI (11192) [mupgrade_example, 84]: Node read task is running[0m
[2019-08-20 14:22:38] [0;32mI (11922) mesh-key: ÊåâÈîÆ3ÂçïÂáª[0m
[2019-08-20 14:22:39] [0;32mI (12474) mesh-key: ÊåâÈîÆ3ÂçïÂáª[0m
[2019-08-20 14:22:39] [0;32mI (12980) event: sta ip: 192.168.43.237, mask: 255.255.255.0, gw: 192.168.43.1[0m
[2019-08-20 14:22:40] [0;32mI (12981) [mupgrade_example, 299]: MDF_EVENT_MWIFI_ROOT_GOT_IP[0m
[2019-08-20 14:22:40] [0;32mI (13663) mesh-key: ÊåâÈîÆ2ÂçïÂáª[0m
[2019-08-20 14:22:41] [0;32mI (14031) [get_started, 27]: heap free: 155344[0m
[2019-08-20 14:22:41] [0;32mI (14143) mesh-key: ÊåâÈîÆ2ÂçïÂáª[0m
[2019-08-20 14:22:41] [0;32mI (15178) mesh-key: ÊåâÈîÆ4ÂçïÂáª[0m
[2019-08-20 14:22:42] [0;32mI (15623) mesh-key: ÊåâÈîÆ4ÂçïÂáª[0m
[2019-08-20 14:22:43] [0;32mI (16068) mesh-key: ÊåâÈîÆ4ÂçïÂáª[0m
[2019-08-20 14:22:43] [0;32mI (17031) [get_started, 27]: heap free: 155344[0m
[2019-08-20 14:22:44] 