0;3ets Jun  8 2016 00:22:57
[2019-08-22 14:47:52] 
[2019-08-22 14:47:52] rst:0x1 (POWERON_RESET),boot:0x13 (SPI_FAST_FLASH_BOOT)
[2019-08-22 14:47:52] configsip: 0, SPIWP:0xee
[2019-08-22 14:47:52] clk_drv:0x00,q_drv:0x00,d_drv:0x00,cs0_drv:0x00,hd_drv:0x00,wp_drv:0x00
[2019-08-22 14:47:52] mode:DIO, clock div:2
[2019-08-22 14:47:52] load:0x3fff0018,len:4
[2019-08-22 14:47:52] load:0x3fff001c,len:6192
[2019-08-22 14:47:52] ho 0 tail 12 room 4
[2019-08-22 14:47:52] load:0x40078000,len:10272
[2019-08-22 14:47:52] load:0x40080400,len:6608
[2019-08-22 14:47:52] entry 0x40080764
[2019-08-22 14:47:52] [0;32mI (30) boot: ESP-IDF v3.2.2-42-g4a9f33944-dirty 2nd stage bootloader[0m
[2019-08-22 14:47:52] [0;32mI (30) boot: compile time 14:30:17[0m
[2019-08-22 14:47:52] [0;32mI (30) boot: Enabling RNG early entropy source...[0m
[2019-08-22 14:47:52] [0;32mI (37) boot: SPI Speed      : 40MHz[0m
[2019-08-22 14:47:52] [0;32mI (41) boot: SPI Mode       : DIO[0m
[2019-08-22 14:47:52] [0;32mI (45) boot: SPI Flash Size : 4MB[0m
[2019-08-22 14:47:52] [0;32mI (49) boot: Partition Table:[0m
[2019-08-22 14:47:52] [0;32mI (52) boot: ## Label            Usage          Type ST Offset   Length[0m
[2019-08-22 14:47:52] [0;32mI (60) boot:  0 nvs              WiFi data        01 02 00009000 00004000[0m
[2019-08-22 14:47:52] [0;32mI (67) boot:  1 otadata          OTA data         01 00 0000d000 00002000[0m
[2019-08-22 14:47:52] [0;32mI (75) boot:  2 phy_init         RF data          01 01 0000f000 00001000[0m
[2019-08-22 14:47:52] [0;32mI (82) boot:  3 ota_0            OTA app          00 10 00010000 001e0000[0m
[2019-08-22 14:47:52] [0;32mI (89) boot:  4 ota_1            OTA app          00 11 001f0000 001e0000[0m
[2019-08-22 14:47:52] [0;32mI (97) boot:  5 coredump         Unknown data     01 03 003d0000 00010000[0m
[2019-08-22 14:47:52] [0;32mI (104) boot:  6 reserved         Unknown data     01 fe 003e0000 00020000[0m
[2019-08-22 14:47:52] [0;32mI (112) boot: End of partition table[0m
[2019-08-22 14:47:52] [0;32mI (116) boot: No factory image, trying OTA 0[0m
[2019-08-22 14:47:52] [0;32mI (121) esp_image: segment 0: paddr=0x00010020 vaddr=0x3f400020 size=0x2c1a0 (180640) map[0m
[2019-08-22 14:47:52] [0;32mI (193) esp_image: segment 1: paddr=0x0003c1c8 vaddr=0x3ffb0000 size=0x02cbc ( 11452) load[0m
[2019-08-22 14:47:52] [0;32mI (198) esp_image: segment 2: paddr=0x0003ee8c vaddr=0x40080000 size=0x00400 (  1024) load[0m
[2019-08-22 14:47:52] [0;32mI (201) esp_image: segment 3: paddr=0x0003f294 vaddr=0x40080400 size=0x00d7c (  3452) load[0m
[2019-08-22 14:47:52] [0;32mI (211) esp_image: segment 4: paddr=0x00040018 vaddr=0x400d0018 size=0xca338 (828216) map[0m
[2019-08-22 14:47:52] [0;32mI (508) esp_image: segment 5: paddr=0x0010a358 vaddr=0x4008117c size=0x0ec40 ( 60480) load[0m
[2019-08-22 14:47:53] [0;32mI (543) boot: Loaded app from partition at offset 0x10000[0m
[2019-08-22 14:47:53] [0;32mI (543) boot: Disabling RNG early entropy source...[0m
[2019-08-22 14:47:53] [0;32mI (543) cpu_start: Pro cpu up.[0m
[2019-08-22 14:47:53] [0;32mI (547) cpu_start: Single core mode[0m
[2019-08-22 14:47:53] [0;32mI (551) heap_init: Initializing. RAM available for dynamic allocation:[0m
[2019-08-22 14:47:53] [0;32mI (558) heap_init: At 3FFAE6E0 len 00001920 (6 KiB): DRAM[0m
[2019-08-22 14:47:53] [0;32mI (564) heap_init: At 3FFBA018 len 00025FE8 (151 KiB): DRAM[0m
[2019-08-22 14:47:53] [0;32mI (571) heap_init: At 3FFE0440 len 0001FBC0 (126 KiB): D/IRAM[0m
[2019-08-22 14:47:53] [0;32mI (577) heap_init: At 40078000 len 00008000 (32 KiB): IRAM[0m
[2019-08-22 14:47:53] [0;32mI (583) heap_init: At 4008FDBC len 00010244 (64 KiB): IRAM[0m
[2019-08-22 14:47:53] [0;32mI (589) cpu_start: Pro cpu start user code[0m
[2019-08-22 14:47:53] D (271) [mupgrade_check, 142]: Add an identifier to the firmware: ** MUPGRADE_FIRMWARE_FLAG **[0m
[2019-08-22 14:47:53] [0;32mI (282) cpu_start: Starting scheduler on PRO CPU.[0m
[2019-08-22 14:47:53] [0;32mI (283) sc: START GET WIFI INFO...[0m
[2019-08-22 14:47:53] [0;32mI (283) sc: TRY LOAD WIFI INFO[0m
[2019-08-22 14:47:53] [0;32mI (285) sc: WIFI SSID PASSWD LOAD ERR[0m
[2019-08-22 14:47:53] [0;32mI (289) sc: START initialise_wifi...[0m
[2019-08-22 14:47:53] I (297) wifi: wifi driver task: 3ffc1060, prio:23, stack:3584, core=0
[2019-08-22 14:47:53] [0;32mI (300) system_api: Base MAC address is not set, read default base MAC address from BLK0 of EFUSE[0m
[2019-08-22 14:47:53] [0;32mI (309) system_api: Base MAC address is not set, read default base MAC address from BLK0 of EFUSE[0m
[2019-08-22 14:47:53] I (330) wifi: wifi firmware version: 0c3a77a
[2019-08-22 14:47:53] I (330) wifi: config NVS flash: enabled
[2019-08-22 14:47:53] I (330) wifi: config nano formating: disabled
[2019-08-22 14:47:53] I (333) wifi: Init dynamic tx buffer num: 32
[2019-08-22 14:47:53] I (336) wifi: Init data frame dynamic rx buffer num: 32
[2019-08-22 14:47:53] I (341) wifi: Init management frame dynamic rx buffer num: 32
[2019-08-22 14:47:53] I (347) wifi: Init management short buffer num: 32
[2019-08-22 14:47:53] I (352) wifi: Init static rx buffer size: 1600
[2019-08-22 14:47:53] I (356) wifi: Init static rx buffer num: 10
[2019-08-22 14:47:53] I (359) wifi: Init dynamic rx buffer num: 32
[2019-08-22 14:47:53] [0;33mW (365) phy_init: failed to load RF calibration data (0x1102), falling back to full calibration[0m
[2019-08-22 14:47:53] 
[2019-08-22 14:47:53] Brownout detector was triggered
[2019-08-22 14:47:53] 
[2019-08-22 14:47:53] ets Jun  8 2016 00:22:57
[2019-08-22 14:47:53] 
[2019-08-22 14:47:53] rst:0xc (SW_CPU_RESET),boot:0x13 (SPI_FAST_FLASH_BOOT)
[2019-08-22 14:47:53] configsip: 0, SPIWP:0xee
[2019-08-22 14:47:53] clk_drv:0x00,q_drv:0x00,d_drv:0x00,cs0_drv:0x00,hd_drv:0x00,wp_drv:0x00
[2019-08-22 14:47:53] mode:DIO, clock div:2
[2019-08-22 14:47:53] load:0x3fff0018,len:4
[2019-08-22 14:47:53] load:0x3fff001c,len:6192
[2019-08-22 14:47:53] ho 0 tail 12 room 4
[2019-08-22 14:47:53] load:0x40078000,len:10272
[2019-08-22 14:47:53] load:0x40080400,len:6608
[2019-08-22 14:47:53] entry 0x40080764
[2019-08-22 14:47:53] [0;32mI (31) boot: ESP-IDF v3.2.2-42-g4a9f33944-dirty 2nd stage bootloader[0m
[2019-08-22 14:47:53] [0;32mI (31) boot: compile time 14:30:17[0m
[2019-08-22 14:47:53] [0;32mI (31) boot: Enabling RNG early entropy source...[0m
[2019-08-22 14:47:53] [0;32mI (37) boot: SPI Speed      : 40MHz[0m
[2019-08-22 14:47:53] [0;32mI (41) boot: SPI Mode       : DIO[0m
[2019-08-22 14:47:53] [0;32mI (45) boot: SPI Flash Size : 4MB[0m
[2019-08-22 14:47:53] [0;32mI (49) boot: Partition Table:[0m
[2019-08-22 14:47:53] [0;32mI (53) boot: ## Label            Usage          Type ST Offset   Length[0m
[2019-08-22 14:47:53] [0;32mI (60) boot:  0 nvs              WiFi data        01 02 00009000 00004000[0m
[2019-08-22 14:47:53] [0;32mI (68) boot:  1 otadata          OTA data         01 00 0000d000 00002000[0m
[2019-08-22 14:47:53] [0;32mI (75) boot:  2 phy_init         RF data          01 01 0000f000 00001000[0m
[2019-08-22 14:47:53] [0;32mI (83) boot:  3 ota_0            OTA app          00 10 00010000 001e0000[0m
[2019-08-22 14:47:53] [0;32mI (90) boot:  4 ota_1            OTA app          00 11 001f0000 001e0000[0m
[2019-08-22 14:47:53] [0;32mI (98) boot:  5 coredump         Unknown data     01 03 003d0000 00010000[0m
[2019-08-22 14:47:53] [0;32mI (105) boot:  6 reserved         Unknown data     01 fe 003e0000 00020000[0m
[2019-08-22 14:47:53] [0;32mI (113) boot: End of partition table[0m
[2019-08-22 14:47:53] [0;32mI (117) boot: No factory image, trying OTA 0[0m
[2019-08-22 14:47:53] [0;32mI (122) esp_image: segment 0: paddr=0x00010020 vaddr=0x3f400020 size=0x2c1a0 (180640) map[0m
[2019-08-22 14:47:53] [0;32mI (194) esp_image: segment 1: paddr=0x0003c1c8 vaddr=0x3ffb0000 size=0x02cbc ( 11452) load[0m
[2019-08-22 14:47:53] [0;32mI (199) esp_image: segment 2: paddr=0x0003ee8c vaddr=0x40080000 size=0x00400 (  1024) load[0m
[2019-08-22 14:47:53] [0;32mI (201) esp_image: segment 3: paddr=0x0003f294 vaddr=0x40080400 size=0x00d7c (  3452) load[0m
[2019-08-22 14:47:53] [0;32mI (211) esp_image: segment 4: paddr=0x00040018 vaddr=0x400d0018 size=0xca338 (828216) map[0m
[2019-08-22 14:47:53] [0;32mI (509) esp_image: segment 5: paddr=0x0010a358 vaddr=0x4008117c size=0x0ec40 ( 60480) load[0m
[2019-08-22 14:47:53] [0;32mI (543) boot: Loaded app from partition at offset 0x10000[0m
[2019-08-22 14:47:53] [0;32mI (543) boot: Disabling RNG early entropy source...[0m
[2019-08-22 14:47:53] [0;32mI (544) cpu_start: Pro cpu up.[0m
[2019-08-22 14:47:53] [0;32mI (548) cpu_start: Single core mode[0m
[2019-08-22 14:47:53] [0;32mI (552) heap_init: Initializing. RAM available for dynamic allocation:[0m
[2019-08-22 14:47:53] [0;32mI (559) heap_init: At 3FFAE6E0 len 00001920 (6 KiB): DRAM[0m
[2019-08-22 14:47:54] [0;32mI (565) heap_init: At 3FFBA018 len 00025FE8 (151 KiB): DRAM[0m
[2019-08-22 14:47:54] [0;32mI (571) heap_init: At 3FFE0440 len 0001FBC0 (126 KiB): D/IRAM[0m
[2019-08-22 14:47:54] [0;32mI (578) heap_init: At 40078000 len 00008000 (32 KiB): IRAM[0m
[2019-08-22 14:47:54] [0;32mI (584) heap_init: At 4008FDBC len 00010244 (64 KiB): IRAM[0m
[2019-08-22 14:47:54] [0;32mI (590) cpu_start: Pro cpu start user code[0m
[2019-08-22 14:47:54] D (272) [mupgrade_check, 142]: Add an identifier to the firmware: ** MUPGRADE_FIRMWARE_FLAG **[0m
[2019-08-22 14:47:54] [0;33mW (285) [mupgrade_check, 96]: restart reason: 12, count: 2[0m
[2019-08-22 14:47:54] [0;32mI (288) cpu_start: Starting scheduler on PRO CPU.[0m
[2019-08-22 14:47:54] [0;32mI (288) sc: START GET WIFI INFO...[0m
[2019-08-22 14:47:54] [0;32mI (290) sc: TRY LOAD WIFI INFO[0m
[2019-08-22 14:47:54] [0;32mI (294) sc: WIFI SSID PASSWD LOAD ERR[0m
[2019-08-22 14:47:54] [0;32mI (298) sc: START initialise_wifi...[0m
[2019-08-22 14:47:54] I (305) wifi: wifi driver task: 3ffc10a8, prio:23, stack:3584, core=0
[2019-08-22 14:47:54] [0;32mI (309) system_api: Base MAC address is not set, read default base MAC address from BLK0 of EFUSE[0m
[2019-08-22 14:47:54] [0;32mI (318) system_api: Base MAC address is not set, read default base MAC address from BLK0 of EFUSE[0m
[2019-08-22 14:47:54] I (335) wifi: wifi firmware version: 0c3a77a
[2019-08-22 14:47:54] I (335) wifi: config NVS flash: enabled
[2019-08-22 14:47:54] I (335) wifi: config nano formating: disabled
[2019-08-22 14:47:54] I (339) wifi: Init dynamic tx buffer num: 32
[2019-08-22 14:47:54] I (343) wifi: Init data frame dynamic rx buffer num: 32
[2019-08-22 14:47:54] I (348) wifi: Init management frame dynamic rx buffer num: 32
[2019-08-22 14:47:54] I (353) wifi: Init management short buffer num: 32
[2019-08-22 14:47:54] I (358) wifi: Init static rx buffer size: 1600
[2019-08-22 14:47:54] I (362) wifi: Init static rx buffer num: 10
[2019-08-22 14:47:54] I (366) wifi: Init dynamic rx buffer num: 32
[2019-08-22 14:47:54] [0;33mW (371) phy_init: failed to load RF calibration data (0x1102), falling back to full calibration[0m
[2019-08-22 14:47:54] 
[2019-08-22 14:47:54] Brownout detector was triggered
[2019-08-22 14:47:54] 
[2019-08-22 14:47:54] ets Jun  8 2016 00:22:57
[2019-08-22 14:47:54] 
[2019-08-22 14:47:54] rst:0xc (SW_CPU_RESET),boot:0x13 (SPI_FAST_FLASH_BOOT)
[2019-08-22 14:47:54] configsip: 0, SPIWP:0xee
[2019-08-22 14:47:54] clk_drv:0x00,q_drv:0x00,d_drv:0x00,cs0_drv:0x00,hd_drv:0x00,wp_drv:0x00
[2019-08-22 14:47:54] mode:DIO, clock div:2
[2019-08-22 14:47:54] load:0x3fff0018,len:4
[2019-08-22 14:47:54] load:0x3fff001c,len:6192
[2019-08-22 14:47:54] ho 0 tail 12 room 4
[2019-08-22 14:47:54] load:0x40078000,len:10272
[2019-08-22 14:47:54] load:0x40080400,len:6608
[2019-08-22 14:47:54] entry 0x40080764
[2019-08-22 14:47:54] [0;32mI (31) boot: ESP-IDF v3.2.2-42-g4a9f33944-dirty 2nd stage bootloader[0m
[2019-08-22 14:47:54] [0;32mI (31) boot: compile time 14:30:17[0m
[2019-08-22 14:47:54] [0;32mI (31) boot: Enabling RNG early entropy source...[0m
[2019-08-22 14:47:54] [0;32mI (37) boot: SPI Speed      : 40MHz[0m
[2019-08-22 14:47:54] [0;32mI (41) boot: SPI Mode       : DIO[0m
[2019-08-22 14:47:54] [0;32mI (45) boot: SPI Flash Size : 4MB[0m
[2019-08-22 14:47:54] [0;32mI (49) boot: Partition Table:[0m
[2019-08-22 14:47:54] [0;32mI (53) boot: ## Label            Usage          Type ST Offset   Length[0m
[2019-08-22 14:47:54] [0;32mI (60) boot:  0 nvs              WiFi data        01 02 00009000 00004000[0m
[2019-08-22 14:47:54] [0;32mI (68) boot:  1 otadata          OTA data         01 00 0000d000 00002000[0m
[2019-08-22 14:47:54] [0;32mI (75) boot:  2 phy_init         RF data          01 01 0000f000 00001000[0m
[2019-08-22 14:47:54] [0;32mI (83) boot:  3 ota_0            OTA app          00 10 00010000 001e0000[0m
[2019-08-22 14:47:54] [0;32mI (90) boot:  4 ota_1            OTA app          00 11 001f0000 001e0000[0m
[2019-08-22 14:47:54] [0;32mI (98) boot:  5 coredump         Unknown data     01 03 003d0000 00010000[0m
[2019-08-22 14:47:54] [0;32mI (105) boot:  6 reserved         Unknown data     01 fe 003e0000 00020000[0m
[2019-08-22 14:47:54] [0;32mI (113) boot: End of partition table[0m
[2019-08-22 14:47:54] [0;32mI (117) boot: No factory image, trying OTA 0[0m
[2019-08-22 14:47:54] [0;32mI (122) esp_image: segment 0: paddr=0x00010020 vaddr=0x3f400020 size=0x2c1a0 (180640) map[0m
[2019-08-22 14:47:54] [0;32mI (194) esp_image: segment 1: paddr=0x0003c1c8 vaddr=0x3ffb0000 size=0x02cbc ( 11452) load[0m
[2019-08-22 14:47:54] [0;32mI (199) esp_image: segment 2: paddr=0x0003ee8c vaddr=0x40080000 size=0x00400 (  1024) load[0m
[2019-08-22 14:47:54] [0;32mI (201) esp_image: segment 3: paddr=0x0003f294 vaddr=0x40080400 size=0x00d7c (  3452) load[0m
[2019-08-22 14:47:54] [0;32mI (211) esp_image: segment 4: paddr=0x00040018 vaddr=0x400d0018 size=0xca338 (828216) map[0m
[2019-08-22 14:47:54] [0;32mI (509) esp_image: segment 5: paddr=0x0010a358 vaddr=0x4008117c size=0x0ec40 ( 60480) load[0m
[2019-08-22 14:47:54] [0;32mI (543) boot: Loaded app from partition at offset 0x10000[0m
[2019-08-22 14:47:54] [0;32mI (543) boot: Disabling RNG early entropy source...[0m
[2019-08-22 14:47:54] [0;32mI (544) cpu_start: Pro cpu up.[0m
[2019-08-22 14:47:54] [0;32mI (548) cpu_start: Single core mode[0m
[2019-08-22 14:47:54] [0;32mI (552) heap_init: Initializing. RAM available for dynamic allocation:[0m
[2019-08-22 14:47:54] [0;32mI (559) heap_init: At 3FFAE6E0 len 00001920 (6 KiB): DRAM[0m
[2019-08-22 14:47:54] [0;32mI (565) heap_init: At 3FFBA018 len 00025FE8 (151 KiB): DRAM[0m
[2019-08-22 14:47:54] [0;32mI (571) heap_init: At 3FFE0440 len 0001FBC0 (126 KiB): D/IRAM[0m
[2019-08-22 14:47:54] [0;32mI (578) heap_init: At 40078000 len 00008000 (32 KiB): IRAM[0m
[2019-08-22 14:47:54] [0;32mI (584) heap_init: At 4008FDBC len 00010244 (64 KiB): IRAM[0m
[2019-08-22 14:47:54] [0;32mI (590) cpu_start: Pro cpu start user code[0m
[2019-08-22 14:47:54] D (272) [mupgrade_check, 142]: Add an identifier to the firmware: ** MUPGRADE_FIRMWARE_FLAG **[0m
[2019-08-22 14:47:54] [0;33mW (285) [mupgrade_check, 96]: restart reason: 12, count: 3[0m
[2019-08-22 14:47:54] [0;32mI (288) cpu_start: Starting scheduler on PRO CPU.[0m
[2019-08-22 14:47:54] [0;32mI (288) sc: START GET WIFI INFO...[0m
[2019-08-22 14:47:54] [0;32mI (290) sc: TRY LOAD WIFI INFO[0m
[2019-08-22 14:47:54] [0;32mI (293) sc: WIFI SSID PASSWD LOAD ERR[0m
[2019-08-22 14:47:54] [0;32mI (298) sc: START initialise_wifi...[0m
[2019-08-22 14:47:54] I (305) wifi: wifi driver task: 3ffc10a8, prio:23, stack:3584, core=0
[2019-08-22 14:47:54] [0;32mI (308) system_api: Base MAC address is not set, read default base MAC address from BLK0 of EFUSE[0m
[2019-08-22 14:47:54] [0;32mI (318) system_api: Base MAC address is not set, read default base MAC address from BLK0 of EFUSE[0m
[2019-08-22 14:47:54] I (335) wifi: wifi firmware version: 0c3a77a
[2019-08-22 14:47:54] I (335) wifi: config NVS flash: enabled
[2019-08-22 14:47:54] I (335) wifi: config nano formating: disabled
[2019-08-22 14:47:54] I (339) wifi: Init dynamic tx buffer num: 32
[2019-08-22 14:47:54] I (343) wifi: Init data frame dynamic rx buffer num: 32
[2019-08-22 14:47:54] I (348) wifi: Init management frame dynamic rx buffer num: 32
[2019-08-22 14:47:54] I (353) wifi: Init management short buffer num: 32
[2019-08-22 14:47:54] I (358) wifi: Init static rx buffer size: 1600
[2019-08-22 14:47:54] I (362) wifi: Init static rx buffer num: 10
[2019-08-22 14:47:54] I (366) wifi: Init dynamic rx buffer num: 32
[2019-08-22 14:47:54] [0;33mW (371) phy_init: failed to load RF calibration data (0x1102), falling back to full calibration[0m
[2019-08-22 14:47:54] 
[2019-08-22 14:47:54] Brownout detector was triggered
[2019-08-22 14:47:54] 
[2019-08-22 14:47:54] ets Jun  8 2016 00:22:57
[2019-08-22 14:47:54] 
[2019-08-22 14:47:54] rst:0xc (SW_CPU_RESET),boot:0x13 (SPI_FAST_FLASH_BOOT)
[2019-08-22 14:47:54] configsip: 0, SPIWP:0xee
[2019-08-22 14:47:54] clk_drv:0x00,q_drv:0x00,d_drv:0x00,cs0_drv:0x00,hd_drv:0x00,wp_drv:0x00
[2019-08-22 14:47:54] mode:DIO, clock div:2
[2019-08-22 14:47:54] load:0x3fff0018,len:4
[2019-08-22 14:47:54] load:0x3fff001c,len:6192
[2019-08-22 14:47:54] ho 0 tail 12 room 4
[2019-08-22 14:47:54] load:0x40078000,len:10272
[2019-08-22 14:47:54] load:0x40080400,len:6608
[2019-08-22 14:47:54] entry 0x40080764
[2019-08-22 14:47:54] [0;32mI (31) boot: ESP-IDF v3.2.2-42-g4a9f33944-dirty 2nd stage bootloader[0m
[2019-08-22 14:47:54] [0;32mI (31) boot: compile time 14:30:17[0m
[2019-08-22 14:47:54] [0;32mI (31) boot: Enabling RNG early entropy source...[0m
[2019-08-22 14:47:54] [0;32mI (37) boot: SPI Speed      : 40MHz[0m
[2019-08-22 14:47:54] [0;32mI (41) boot: SPI Mode       : DIO[0m
[2019-08-22 14:47:54] [0;32mI (45) boot: SPI Flash Size : 4MB[0m
[2019-08-22 14:47:54] [0;32mI (49) boot: Partition Table:[0m
[2019-08-22 14:47:54] [0;32mI (53) boot: ## Label            Usage          Type ST Offset   Length[0m
[2019-08-22 14:47:55] [0;32mI (60) boot:  0 nvs              WiFi data        01 02 00009000 00004000[0m
[2019-08-22 14:47:55] [0;32mI (68) boot:  1 otadata          OTA data         01 00 0000d000 00002000[0m
[2019-08-22 14:47:55] [0;32mI (75) boot:  2 phy_init         RF data          01 01 0000f000 00001000[0m
[2019-08-22 14:47:55] [0;32mI (83) boot:  3 ota_0            OTA app          00 10 00010000 001e0000[0m
[2019-08-22 14:47:55] [0;32mI (90) boot:  4 ota_1            OTA app          00 11 001f0000 001e0000[0m
[2019-08-22 14:47:55] [0;32mI (98) boot:  5 coredump         Unknown data     01 03 003d0000 00010000[0m
[2019-08-22 14:47:55] [0;32mI (105) boot:  6 reserved         Unknown data     01 fe 003e0000 00020000[0m
[2019-08-22 14:47:55] [0;32mI (113) boot: End of partition table[0m
[2019-08-22 14:47:55] [0;32mI (117) boot: No factory image, trying OTA 0[0m
[2019-08-22 14:47:55] [0;32mI (122) esp_image: segment 0: paddr=0x00010020 vaddr=0x3f400020 size=0x2c1a0 (180640) map[0m
[2019-08-22 14:47:55] [0;32mI (194) esp_image: segment 1: paddr=0x0003c1c8 vaddr=0x3ffb0000 size=0x02cbc ( 11452) load[0m
[2019-08-22 14:47:55] [0;32mI (199) esp_image: segment 2: paddr=0x0003ee8c vaddr=0x40080000 size=0x00400 (  1024) load[0m
[2019-08-22 14:47:55] [0;32mI (201) esp_image: segment 3: paddr=0x0003f294 vaddr=0x40080400 size=0x00d7c (  3452) load[0m
[2019-08-22 14:47:55] [0;32mI (211) esp_image: segment 4: paddr=0x00040018 vaddr=0x400d0018 size=0xca338 (828216) map[0m
[2019-08-22 14:47:55] [0;32mI (509) esp_image: segment 5: paddr=0x0010a358 vaddr=0x4008117c size=0x0ec40 ( 60480) load[0m
[2019-08-22 14:47:55] [0;32mI (543) boot: Loaded app from partition at offset 0x10000[0m
[2019-08-22 14:47:55] [0;32mI (543) boot: Disabling RNG early entropy source...[0m
[2019-08-22 14:47:55] [0;32mI (544) cpu_start: Pro cpu up.[0m
[2019-08-22 14:47:55] [0;32mI (548) cpu_start: Single core mode[0m
[2019-08-22 14:47:55] [0;32mI (552) heap_init: Initializing. RAM available for dynamic allocation:[0m
[2019-08-22 14:47:55] [0;32mI (559) heap_init: At 3FFAE6E0 len 00001920 (6 KiB): DRAM[0m
[2019-08-22 14:47:55] [0;32mI (565) heap_init: At 3FFBA018 len 00025FE8 (151 KiB): DRAM[0m
[2019-08-22 14:47:55] [0;32mI (571) heap_init: At 3FFE0440 len 0001FBC0 (126 KiB): D/IRAM[0m
[2019-08-22 14:47:55] [0;32mI (578) heap_init: At 40078000 len 00008000 (32 KiB): IRAM[0m
[2019-08-22 14:47:55] [0;32mI (584) heap_init: At 4008FDBC len 00010244 (64 KiB): IRAM[0m
[2019-08-22 14:47:55] [0;32mI (590) cpu_start: Pro cpu start user code[0m
[2019-08-22 14:47:55] D (272) [mupgrade_check, 142]: Add an identifier to the firmware: ** MUPGRADE_FIRMWARE_FLAG **[0m
[2019-08-22 14:47:55] [0;33mW (285) [mupgrade_check, 96]: restart reason: 12, count: 4[0m
[2019-08-22 14:47:55] [0;32mI (288) cpu_start: Starting scheduler on PRO CPU.[0m
[2019-08-22 14:47:55] [0;32mI (288) sc: START GET WIFI INFO...[0m
[2019-08-22 14:47:55] [0;32mI (290) sc: TRY LOAD WIFI INFO[0m
[2019-08-22 14:47:55] [0;32mI (293) sc: WIFI SSID PASSWD LOAD ERR[0m
[2019-08-22 14:47:55] [0;32mI (298) sc: START initialise_wifi...[0m
[2019-08-22 14:47:55] I (305) wifi: wifi driver task: 3ffc10a8, prio:23, stack:3584, core=0
[2019-08-22 14:47:55] [0;32mI (308) system_api: Base MAC address is not set, read default base MAC address from BLK0 of EFUSE[0m
[2019-08-22 14:47:55] [0;32mI (318) system_api: Base MAC address is not set, read default base MAC address from BLK0 of EFUSE[0m
[2019-08-22 14:47:55] I (335) wifi: wifi firmware version: 0c3a77a
[2019-08-22 14:47:55] I (335) wifi: config NVS flash: enabled
[2019-08-22 14:47:55] I (335) wifi: config nano formating: disabled
[2019-08-22 14:47:55] I (339) wifi: Init dynamic tx buffer num: 32
[2019-08-22 14:47:55] I (343) wifi: Init data frame dynamic rx buffer num: 32
[2019-08-22 14:47:55] I (348) wifi: Init management frame dynamic rx buffer num: 32
[2019-08-22 14:47:55] I (353) wifi: Init management short buffer num: 32
[2019-08-22 14:47:55] I (358) wifi: Init static rx buffer size: 1600
[2019-08-22 14:47:55] I (362) wifi: Init static rx buffer num: 10
[2019-08-22 14:47:55] I (366) wifi: Init dynamic rx buffer num: 32
[2019-08-22 14:47:55] [0;33mW (371) phy_init: failed to load RF calibration data (0x1102), falling back to full calibration[0m
[2019-08-22 14:47:55] 
[2019-08-22 14:47:55] Brownout detector was triggered
[2019-08-22 14:47:55] 
[2019-08-22 14:47:55] ets Jun  8 2016 00:22:57
[2019-08-22 14:47:55] 
[2019-08-22 14:47:55] rst:0xc (SW_CPU_RESET),boot:0x13 (SPI_FAST_FLASH_BOOT)
[2019-08-22 14:47:55] configsip: 0, SPIWP:0xee
[2019-08-22 14:47:55] clk_drv:0x00,q_drv:0x00,d_drv:0x00,cs0_drv:0x00,hd_drv:0x00,wp_drv:0x00
[2019-08-22 14:47:55] mode:DIO, clock div:2
[2019-08-22 14:47:55] load:0x3fff0018,len:4
[2019-08-22 14:47:55] load:0x3fff001c,len:6192
[2019-08-22 14:47:55] ho 0 tail 12 room 4
[2019-08-22 14:47:55] load:0x40078000,len:10272
[2019-08-22 14:47:55] load:0x40080400,len:6608
[2019-08-22 14:47:55] entry 0x40080764
[2019-08-22 14:47:55] [0;32mI (31) boot: ESP-IDF v3.2.2-42-g4a9f33944-dirty 2nd stage bootloader[0m
[2019-08-22 14:47:55] [0;32mI (31) boot: compile time 14:30:17[0m
[2019-08-22 14:47:55] [0;32mI (31) boot: Enabling RNG early entropy source...[0m
[2019-08-22 14:47:55] [0;32mI (37) boot: SPI Speed      : 40MHz[0m
[2019-08-22 14:47:55] [0;32mI (41) boot: SPI Mode       : DIO[0m
[2019-08-22 14:47:55] [0;32mI (45) boot: SPI Flash Size : 4MB[0m
[2019-08-22 14:47:55] [0;32mI (49) boot: Partition Table:[0m
[2019-08-22 14:47:55] [0;32mI (53) boot: ## Label            Usage          Type ST Offset   Length[0m
[2019-08-22 14:47:55] [0;32mI (60) boot:  0 nvs              WiFi data        01 02 00009000 00004000[0m
[2019-08-22 14:47:55] [0;32mI (68) boot:  1 otadata          OTA data         01 00 0000d000 00002000[0m
[2019-08-22 14:47:55] [0;32mI (75) boot:  2 phy_init         RF data          01 01 0000f000 00001000[0m
[2019-08-22 14:47:55] [0;32mI (83) boot:  3 ota_0            OTA app          00 10 00010000 001e0000[0m
[2019-08-22 14:47:55] [0;32mI (90) boot:  4 ota_1            OTA app          00 11 001f0000 001e0000[0m
[2019-08-22 14:47:55] [0;32mI (98) boot:  5 coredump         Unknown data     01 03 003d0000 00010000[0m
[2019-08-22 14:47:55] [0;32mI (105) boot:  6 reserved         Unknown data     01 fe 003e0000 00020000[0m
[2019-08-22 14:47:55] [0;32mI (113) boot: End of partition table[0m
[2019-08-22 14:47:55] [0;32mI (117) boot: No factory image, trying OTA 0[0m
[2019-08-22 14:47:55] [0;32mI (122) esp_image: segment 0: paddr=0x00010020 vaddr=0x3f400020 size=0x2c1a0 (180640) map[0m
[2019-08-22 14:47:55] [0;32mI (194) esp_image: segment 1: paddr=0x0003c1c8 vaddr=0x3ffb0000 size=0x02cbc ( 11452) load[0m
[2019-08-22 14:47:55] [0;32mI (199) esp_image: segment 2: paddr=0x0003ee8c vaddr=0x40080000 size=0x00400 (  1024) load[0m
[2019-08-22 14:47:55] [0;32mI (201) esp_image: segment 3: paddr=0x0003f294 vaddr=0x40080400 size=0x00d7c (  3452) load[0m
[2019-08-22 14:47:55] [0;32mI (211) esp_image: segment 4: paddr=0x00040018 vaddr=0x400d0018 size=0xca338 (828216) map[0m
[2019-08-22 14:47:55] [0;32mI (509) esp_image: segment 5: paddr=0x0010a358 vaddr=0x4008117c size=0x0ec40 ( 60480) load[0m
[2019-08-22 14:47:56] [0;32mI (543) boot: Loaded app from partition at offset 0x10000[0m
[2019-08-22 14:47:56] [0;32mI (543) boot: Disabling RNG early entropy source...[0m
[2019-08-22 14:47:56] [0;32mI (544) cpu_start: Pro cpu up.[0m
[2019-08-22 14:47:56] [0;32mI (548) cpu_start: Single core mode[0m
[2019-08-22 14:47:56] [0;32mI (552) heap_init: Initializing. RAM available for dynamic allocation:[0m
[2019-08-22 14:47:56] [0;32mI (559) heap_init: At 3FFAE6E0 len 00001920 (6 KiB): DRAM[0m
[2019-08-22 14:47:56] [0;32mI (565) heap_init: At 3FFBA018 len 00025FE8 (151 KiB): DRAM[0m
[2019-08-22 14:47:56] [0;32mI (571) heap_init: At 3FFE0440 len 0001FBC0 (126 KiB): D/IRAM[0m
[2019-08-22 14:47:56] [0;32mI (578) heap_init: At 40078000 len 00008000 (32 KiB): IRAM[0m
[2019-08-22 14:47:56] [0;32mI (584) heap_init: At 4008FDBC len 00010244 (64 KiB): IRAM[0m
[2019-08-22 14:47:56] [0;32mI (590) cpu_start: Pro cpu start user code[0m
[2019-08-22 14:47:56] D (272) [mupgrade_check, 142]: Add an identifier to the firmware: ** MUPGRADE_FIRMWARE_FLAG **[0m
[2019-08-22 14:47:56] [0;33mW (285) [mupgrade_check, 96]: restart reason: 12, count: 5[0m
[2019-08-22 14:47:56] [0;32mI (288) cpu_start: Starting scheduler on PRO CPU.[0m
[2019-08-22 14:47:56] [0;32mI (289) sc: START GET WIFI INFO...[0m
[2019-08-22 14:47:56] [0;32mI (291) sc: TRY LOAD WIFI INFO[0m
[2019-08-22 14:47:56] [0;32mI (294) sc: WIFI SSID PASSWD LOAD ERR[0m
[2019-08-22 14:47:56] [0;32mI (299) sc: START initialise_wifi...[0m
[2019-08-22 14:47:56] I (306) wifi: wifi driver task: 3ffc1130, prio:23, stack:3584, core=0
[2019-08-22 14:47:56] [0;32mI (309) system_api: Base MAC address is not set, read default base MAC address from BLK0 of EFUSE[0m
[2019-08-22 14:47:56] [0;32mI (319) system_api: Base MAC address is not set, read default base MAC address from BLK0 of EFUSE[0m
[2019-08-22 14:47:56] I (335) wifi: wifi firmware version: 0c3a77a
[2019-08-22 14:47:56] I (336) wifi: config NVS flash: enabled
[2019-08-22 14:47:56] I (336) wifi: config nano formating: disabled
[2019-08-22 14:47:56] I (340) wifi: Init dynamic tx buffer num: 32
[2019-08-22 14:47:56] I (344) wifi: Init data frame dynamic rx buffer num: 32
[2019-08-22 14:47:56] I (349) wifi: Init management frame dynamic rx buffer num: 32
[2019-08-22 14:47:56] I (354) wifi: Init management short buffer num: 32
[2019-08-22 14:47:56] I (359) wifi: Init static rx buffer size: 1600
[2019-08-22 14:47:56] I (363) wifi: Init static rx buffer num: 10
[2019-08-22 14:47:56] I (367) wifi: Init dynamic rx buffer num: 32
[2019-08-22 14:47:56] [0;33mW (372) phy_init: failed to load RF calibration data (0x1102), falling back to full calibration[0m
[2019-08-22 14:47:56] 
[2019-08-22 14:47:56] Brownout detector was triggered
[2019-08-22 14:47:56] 
[2019-08-22 14:47:56] ets Jun  8 2016 00:22:57
[2019-08-22 14:47:56] 
[2019-08-22 14:47:56] rst:0xc (SW_CPU_RESET),boot:0x13 (SPI_FAST_FLASH_BOOT)
[2019-08-22 14:47:56] configsip: 0, SPIWP:0xee
[2019-08-22 14:47:56] clk_drv:0x00,q_drv:0x00,d_drv:0x00,cs0_drv:0x00,hd_drv:0x00,wp_drv:0x00
[2019-08-22 14:47:56] mode:DIO, clock div:2
[2019-08-22 14:47:56] load:0x3fff0018,len:4
[2019-08-22 14:47:56] load:0x3fff001c,len:6192
[2019-08-22 14:47:56] ho 0 tail 12 room 4
[2019-08-22 14:47:56] load:0x40078000,len:10272
[2019-08-22 14:47:56] load:0x40080400,len:6608
[2019-08-22 14:47:56] entry 0x40080764
[2019-08-22 14:47:56] [0;32mI (31) boot: ESP-IDF v3.2.2-42-g4a9f33944-dirty 2nd stage bootloader[0m
[2019-08-22 14:47:56] [0;32mI (31) boot: compile time 14:30:17[0m
[2019-08-22 14:47:56] [0;32mI (31) boot: Enabling RNG early entropy source...[0m
[2019-08-22 14:47:56] [0;32mI (37) boot: SPI Speed      : 40MHz[0m
[2019-08-22 14:47:56] [0;32mI (41) boot: SPI Mode       : DIO[0m
[2019-08-22 14:47:56] [0;32mI (45) boot: SPI Flash Size : 4MB[0m
[2019-08-22 14:47:56] [0;32mI (49) boot: Partition Table:[0m
[2019-08-22 14:47:56] [0;32mI (53) boot: ## Label            Usage          Type ST Offset   Length[0m
[2019-08-22 14:47:56] [0;32mI (60) boot:  0 nvs              WiFi data        01 02 00009000 00004000[0m
[2019-08-22 14:47:56] [0;32mI (68) boot:  1 otadata          OTA data         01 00 0000d000 00002000[0m
[2019-08-22 14:47:56] [0;32mI (75) boot:  2 phy_init         RF data          01 01 0000f000 00001000[0m
[2019-08-22 14:47:56] [0;32mI (83) boot:  3 ota_0            OTA app          00 10 00010000 001e0000[0m
[2019-08-22 14:47:56] [0;32mI (90) boot:  4 ota_1            OTA app          00 11 001f0000 001e0000[0m
[2019-08-22 14:47:56] [0;32mI (98) boot:  5 coredump         Unknown data     01 03 003d0000 00010000[0m
[2019-08-22 14:47:56] [0;32mI (105) boot:  6 reserved         Unknown data     01 fe 003e0000 00020000[0m
[2019-08-22 14:47:56] [0;32mI (113) boot: End of partition table[0m
[2019-08-22 14:47:56] [0;32mI (117) boot: No factory image, trying OTA 0[0m
[2019-08-22 14:47:56] [0;32mI (122) esp_image: segment 0: paddr=0x00010020 vaddr=0x3f400020 size=0x2c1a0 (180640) map[0m
[2019-08-22 14:47:56] [0;32mI (194) esp_image: segment 1: paddr=0x0003c1c8 vaddr=0x3ffb0000 size=0x02cbc ( 11452) load[0m
[2019-08-22 14:47:56] [0;32mI (199) esp_image: segment 2: paddr=0x0003ee8c vaddr=0x40080000 size=0x00400 (  1024) load[0m
[2019-08-22 14:47:56] [0;32mI (201) esp_image: segment 3: paddr=0x0003f294 vaddr=0x40080400 size=0x00d7c (  3452) load[0m
[2019-08-22 14:47:56] [0;32mI (211) esp_image: segment 4: paddr=0x00040018 vaddr=0x400d0018 size=0xca338 (828216) map[0m
[2019-08-22 14:47:56] [0;32mI (509) esp_image: segment 5: paddr=0x0010a358 vaddr=0x4008117c size=0x0ec40 ( 60480) load[0m
[2019-08-22 14:47:56] [0;32mI (543) boot: Loaded app from partition at offset 0x10000[0m
[2019-08-22 14:47:57] [0;32mI (543) boot: Disabling RNG early entropy source...[0m
[2019-08-22 14:47:57] [0;32mI (544) cpu_start: Pro cpu up.[0m
[2019-08-22 14:47:57] [0;32mI (548) cpu_start: Single core mode[0m
[2019-08-22 14:47:57] [0;32mI (552) heap_init: Initializing. RAM available for dynamic allocation:[0m
[2019-08-22 14:47:57] [0;32mI (559) heap_init: At 3FFAE6E0 len 00001920 (6 KiB): DRAM[0m
[2019-08-22 14:47:57] [0;32mI (565) heap_init: At 3FFBA018 len 00025FE8 (151 KiB): DRAM[0m
[2019-08-22 14:47:57] [0;32mI (571) heap_init: At 3FFE0440 len 0001FBC0 (126 KiB): D/IRAM[0m
[2019-08-22 14:47:57] [0;32mI (578) heap_init: At 40078000 len 00008000 (32 KiB): IRAM[0m
[2019-08-22 14:47:57] [0;32mI (584) heap_init: At 4008FDBC len 00010244 (64 KiB): IRAM[0m
[2019-08-22 14:47:57] [0;32mI (590) cpu_start: Pro cpu start user code[0m
[2019-08-22 14:47:57] D (272) [mupgrade_check, 142]: Add an identifier to the firmware: ** MUPGRADE_FIRMWARE_FLAG **[0m
[2019-08-22 14:47:57] [0;33mW (282) [mupgrade_check, 96]: restart reason: 12, count: 6[0m
[2019-08-22 14:47:57] [0;32mI (285) cpu_start: Starting scheduler on PRO CPU.[0m
[2019-08-22 14:47:57] [0;32mI (286) sc: START GET WIFI INFO...[0m
[2019-08-22 14:47:57] [0;32mI (288) sc: TRY LOAD WIFI INFO[0m
[2019-08-22 14:47:57] [0;32mI (292) sc: WIFI SSID PASSWD LOAD ERR[0m
[2019-08-22 14:47:57] [0;32mI (296) sc: START initialise_wifi...[0m
[2019-08-22 14:47:57] I (304) wifi: wifi driver task: 3ffc112c, prio:23, stack:3584, core=0
[2019-08-22 14:47:57] [0;32mI (307) system_api: Base MAC address is not set, read default base MAC address from BLK0 of EFUSE[0m
[2019-08-22 14:47:57] [0;32mI (316) system_api: Base MAC address is not set, read default base MAC address from BLK0 of EFUSE[0m
[2019-08-22 14:47:57] I (333) wifi: wifi firmware version: 0c3a77a
[2019-08-22 14:47:57] I (334) wifi: config NVS flash: enabled
[2019-08-22 14:47:57] I (334) wifi: config nano formating: disabled
[2019-08-22 14:47:57] I (338) wifi: Init dynamic tx buffer num: 32
[2019-08-22 14:47:57] I (342) wifi: Init data frame dynamic rx buffer num: 32
[2019-08-22 14:47:57] I (346) wifi: Init management frame dynamic rx buffer num: 32
[2019-08-22 14:47:57] I (352) wifi: Init management short buffer num: 32
[2019-08-22 14:47:57] I (357) wifi: Init static rx buffer size: 1600
[2019-08-22 14:47:57] I (361) wifi: Init static rx buffer num: 10
[2019-08-22 14:47:57] I (365) wifi: Init dynamic rx buffer num: 32
[2019-08-22 14:47:57] [0;33mW (370) phy_init: failed to load RF calibration data (0x1102), falling back to full calibration[0m
[2019-08-22 14:47:57] 
[2019-08-22 14:47:57] Brownout detector was triggered
[2019-08-22 14:47:57] 
[2019-08-22 14:47:57] ets Jun  8 2016 00:22:57
[2019-08-22 14:47:57] 
[2019-08-22 14:47:57] rst:0xc (SW_CPU_RESET),boot:0x13 (SPI_FAST_FLASH_BOOT)
[2019-08-22 14:47:57] configsip: 0, SPIWP:0xee
[2019-08-22 14:47:57] clk_drv:0x00,q_drv:0x00,d_drv:0x00,cs0_drv:0x00,hd_drv:0x00,wp_drv:0x00
[2019-08-22 14:47:57] mode:DIO, clock div:2
[2019-08-22 14:47:57] load:0x3fff0018,len:4
[2019-08-22 14:47:57] load:0x3fff001c,len:6192
[2019-08-22 14:47:57] ho 0 tail 12 room 4
[2019-08-22 14:47:57] load:0x40078000,len:10272
[2019-08-22 14:47:57] load:0x40080400,len:6608
[2019-08-22 14:47:57] entry 0x40080764
[2019-08-22 14:47:57] [0;32mI (31) boot: ESP-IDF v3.2.2-42-g4a9f33944-dirty 2nd stage bootloader[0m
[2019-08-22 14:47:57] [0;32mI (31) boot: compile time 14:30:17[0m
[2019-08-22 14:47:57] [0;32mI (31) boot: Enabling RNG early entropy source...[0m
[2019-08-22 14:47:57] [0;32mI (37) boot: SPI Speed      : 40MHz[0m
[2019-08-22 14:47:57] [0;32mI (41) boot: SPI Mode       : DIO[0m
[2019-08-22 14:47:57] [0;32mI (45) boot: SPI Flash Size : 4MB[0m
[2019-08-22 14:47:57] [0;32mI (49) boot: Partition Table:[0m
[2019-08-22 14:47:57] [0;32mI (53) boot: ## Label            Usage          Type ST Offset   Length[0m
[2019-08-22 14:47:57] [0;32mI (60) boot:  0 nvs              WiFi data        01 02 00009000 00004000[0m
[2019-08-22 14:47:57] [0;32mI (68) boot:  1 otadata          OTA data         01 00 0000d000 00002000[0m
[2019-08-22 14:47:57] [0;32mI (75) boot:  2 phy_init         RF data          01 01 0000f000 00001000[0m
[2019-08-22 14:47:57] [0;32mI (83) boot:  3 ota_0            OTA app          00 10 00010000 001e0000[0m
[2019-08-22 14:47:57] [0;32mI (90) boot:  4 ota_1            OTA app          00 11 001f0000 001e0000[0m
[2019-08-22 14:47:57] [0;32mI (98) boot:  5 coredump         Unknown data     01 03 003d0000 00010000[0m
[2019-08-22 14:47:57] [0;32mI (105) boot:  6 reserved         Unknown data     01 fe 003e0000 00020000[0m
[2019-08-22 14:47:57] [0;32mI (113) boot: End of partition table[0m
[2019-08-22 14:47:57] [0;32mI (117) boot: No factory image, trying OTA 0[0m
[2019-08-22 14:47:57] [0;32mI (122) esp_image: segment 0: paddr=0x00010020 vaddr=0x3f400020 size=0x2c1a0 (180640) map[0m
[2019-08-22 14:47:57] [0;32mI (194) esp_image: segment 1: paddr=0x0003c1c8 vaddr=0x3ffb0000 size=0x02cbc ( 11452) load[0m
[2019-08-22 14:47:57] [0;32mI (199) esp_image: segment 2: paddr=0x0003ee8c vaddr=0x40080000 size=0x00400 (  1024) load[0m
[2019-08-22 14:47:57] [0;32mI (201) esp_image: segment 3: paddr=0x0003f294 vaddr=0x40080400 size=0x00d7c (  3452) load[0m
[2019-08-22 14:47:57] [0;32mI (211) esp_image: segment 4: paddr=0x00040018 vaddr=0x400d0018 size=0xca338 (828216) map[0m
[2019-08-22 14:47:57] [0;32mI (509) esp_image: segment 5: paddr=0x0010a358 vaddr=0x4008117c size=0x0ec40 ( 60480) load[0m
[2019-08-22 14:47:57] [0;32mI (543) boot: Loaded app from partition at offset 0x10000[0m
[2019-08-22 14:47:57] [0;32mI (543) boot: Disabling RNG early entropy source...[0m
[2019-08-22 14:47:57] [0;32mI (544) cpu_start: Pro cpu up.[0m
[2019-08-22 14:47:57] [0;32mI (548) cpu_start: Single core mode[0m
[2019-08-22 14:47:57] [0;32mI (552) heap_init: Initializing. RAM available for dynamic allocation:[0m
[2019-08-22 14:47:57] [0;32mI (559) heap_init: At 3FFAE6E0 len 00001920 (6 KiB): DRAM[0m
[2019-08-22 14:47:57] [0;32mI (565) heap_init: At 3FFBA018 len 00025FE8 (151 KiB): DRAM[0m
[2019-08-22 14:47:57] [0;32mI (571) heap_init: At 3FFE0440 len 0001FBC0 (126 KiB): D/IRAM[0m
[2019-08-22 14:47:57] [0;32mI (578) heap_init: At 40078000 len 00008000 (32 KiB): IRAM[0m
[2019-08-22 14:47:57] [0;32mI (584) heap_init: At 4008FDBC len 00010244 (64 KiB): IRAM[0m
[2019-08-22 14:47:57] [0;32mI (590) cpu_start: Pro cpu start user code[0m
[2019-08-22 14:47:57] D (272) [mupgrade_check, 142]: Add an identifier to the firmware: ** MUPGRADE_FIRMWARE_FLAG **[0m
[2019-08-22 14:47:57] [0;33mW (282) [mupgrade_check, 96]: restart reason: 12, count: 7[0m
[2019-08-22 14:47:57] [0;32mI (285) cpu_start: Starting scheduler on PRO CPU.[0m
[2019-08-22 14:47:57] [0;32mI (286) sc: START GET WIFI INFO...[0m
[2019-08-22 14:47:57] [0;32mI (288) sc: TRY LOAD WIFI INFO[0m
[2019-08-22 14:47:57] [0;32mI (292) sc: WIFI SSID PASSWD LOAD ERR[0m
[2019-08-22 14:47:57] [0;32mI (296) sc: START initialise_wifi...[0m
[2019-08-22 14:47:57] I (304) wifi: wifi driver task: 3ffc112c, prio:23, stack:3584, core=0
[2019-08-22 14:47:57] [0;32mI (307) system_api: Base MAC address is not set, read default base MAC address from BLK0 of EFUSE[0m
[2019-08-22 14:47:57] [0;32mI (316) system_api: Base MAC address is not set, read default base MAC address from BLK0 of EFUSE[0m
[2019-08-22 14:47:57] I (333) wifi: wifi firmware version: 0c3a77a
[2019-08-22 14:47:57] I (334) wifi: config NVS flash: enabled
[2019-08-22 14:47:57] I (334) wifi: config nano formating: disabled
[2019-08-22 14:47:57] I (338) wifi: Init dynamic tx buffer num: 32
[2019-08-22 14:47:57] I (342) wifi: Init data frame dynamic rx buffer num: 32
[2019-08-22 14:47:57] I (346) wifi: Init management frame dynamic rx buffer num: 32
[2019-08-22 14:47:57] I (352) wifi: Init management short buffer num: 32
[2019-08-22 14:47:57] I (357) wifi: Init static rx buffer size: 1600
[2019-08-22 14:47:57] I (361) wifi: Init static rx buffer num: 10
[2019-08-22 14:47:57] I (365) wifi: Init dynamic rx buffer num: 32
[2019-08-22 14:47:57] [0;33mW (370) phy_init: failed to load RF calibration data (0x1102), falling back to full calibration[0m
[2019-08-22 14:47:57] 
[2019-08-22 14:47:57] Brownout detector was triggered
[2019-08-22 14:47:57] 
[2019-08-22 14:47:57] ets Jun  8 2016 00:22:57
[2019-08-22 14:47:57] 
[2019-08-22 14:47:57] rst:0xc (SW_CPU_RESET),boot:0x13 (SPI_FAST_FLASH_BOOT)
[2019-08-22 14:47:57] configsip: 0, SPIWP:0xee
[2019-08-22 14:47:57] clk_drv:0x00,q_drv:0x00,d_drv:0x00,cs0_drv:0x00,hd_drv:0x00,wp_drv:0x00
[2019-08-22 14:47:57] mode:DIO, clock div:2
[2019-08-22 14:47:57] load:0x3fff0018,len:4
[2019-08-22 14:47:57] load:0x3fff001c,len:6192
[2019-08-22 14:47:57] ho 0 tail 12 room 4
[2019-08-22 14:47:58] load:0x40078000,len:10272
[2019-08-22 14:47:58] load:0x40080400,len:6608
[2019-08-22 14:47:58] entry 0x40080764
[2019-08-22 14:47:58] [0;32mI (31) boot: ESP-IDF v3.2.2-42-g4a9f33944-dirty 2nd stage bootloader[0m
[2019-08-22 14:47:58] [0;32mI (31) boot: compile time 14:30:17[0m
[2019-08-22 14:47:58] [0;32mI (31) boot: Enabling RNG early entropy source...[0m
[2019-08-22 14:47:58] [0;32mI (37) boot: SPI Speed      : 40MHz[0m
[2019-08-22 14:47:58] [0;32mI (41) boot: SPI Mode       : DIO[0m
[2019-08-22 14:47:58] [0;32mI (45) boot: SPI Flash Size : 4MB[0m
[2019-08-22 14:47:58] [0;32mI (49) boot: Partition Table:[0m
[2019-08-22 14:47:58] [0;32mI (53) boot: ## Label            Usage          Type ST Offset   Length[0m
[2019-08-22 14:47:58] [0;32mI (60) boot:  0 nvs              WiFi data        01 02 00009000 00004000[0m
[2019-08-22 14:47:58] [0;32mI (68) boot:  1 otadata          OTA data         01 00 0000d000 00002000[0m
[2019-08-22 14:47:58] [0;32mI (75) boot:  2 phy_init         RF data          01 01 0000f000 00001000[0m
[2019-08-22 14:47:58] [0;32mI (83) boot:  3 ota_0            OTA app          00 10 00010000 001e0000[0m
[2019-08-22 14:47:58] [0;32mI (90) boot:  4 ota_1            OTA app          00 11 001f0000 001e0000[0m
[2019-08-22 14:47:58] [0;32mI (98) boot:  5 coredump         Unknown data     01 03 003d0000 00010000[0m
[2019-08-22 14:47:58] [0;32mI (105) boot:  6 reserved         Unknown data     01 fe 003e0000 00020000[0m
[2019-08-22 14:47:58] [0;32mI (113) boot: End of partition table[0m
[2019-08-22 14:47:58] [0;32mI (117) boot: No factory image, trying OTA 0[0m
[2019-08-22 14:47:58] [0;32mI (122) esp_image: segment 0: paddr=0x00010020 vaddr=0x3f400020 size=0x2c1a0 (180640) map[0m
[2019-08-22 14:47:58] [0;32mI (194) esp_image: segment 1: paddr=0x0003c1c8 vaddr=0x3ffb0000 size=0x02cbc ( 11452) load[0m
[2019-08-22 14:47:58] [0;32mI (199) esp_image: segment 2: paddr=0x0003ee8c vaddr=0x40080000 size=0x00400 (  1024) load[0m
[2019-08-22 14:47:58] [0;32mI (201) esp_image: segment 3: paddr=0x0003f294 vaddr=0x40080400 size=0x00d7c (  3452) load[0m
[2019-08-22 14:47:58] [0;32mI (211) esp_image: segment 4: paddr=0x00040018 vaddr=0x400d0018 size=0xca338 (828216) map[0m
[2019-08-22 14:47:58] [0;32mI (509) esp_image: segment 5: paddr=0x0010a358 vaddr=0x4008117c size=0x0ec40 ( 60480) load[0m
[2019-08-22 14:47:58] [0;32mI (543) boot: Loaded app from partition at offset 0x10000[0m
[2019-08-22 14:47:58] [0;32mI (543) boot: Disabling RNG early entropy source...[0m
[2019-08-22 14:47:58] [0;32mI (544) cpu_start: Pro cpu up.[0m
[2019-08-22 14:47:58] [0;32mI (548) cpu_start: Single core mode[0m
[2019-08-22 14:47:58] [0;32mI (552) heap_init: Initializing. RAM available for dynamic allocation:[0m
[2019-08-22 14:47:58] [0;32mI (559) heap_init: At 3FFAE6E0 len 00001920 (6 KiB): DRAM[0m
[2019-08-22 14:47:58] [0;32mI (565) heap_init: At 3FFBA018 len 00025FE8 (151 KiB): DRAM[0m
[2019-08-22 14:47:58] [0;32mI (571) heap_init: At 3FFE0440 len 0001FBC0 (126 KiB): D/IRAM[0m
[2019-08-22 14:47:58] [0;32mI (578) heap_init: At 40078000 len 00008000 (32 KiB): IRAM[0m
[2019-08-22 14:47:58] [0;32mI (584) heap_init: At 4008FDBC len 00010244 (64 KiB): IRAM[0m
[2019-08-22 14:47:58] [0;32mI (590) cpu_start: Pro cpu start user code[0m
[2019-08-22 14:47:58] D (272) [mupgrade_check, 142]: Add an identifier to the firmware: ** MUPGRADE_FIRMWARE_FLAG **[0m
[2019-08-22 14:47:58] [0;33mW (282) [mupgrade_check, 96]: restart reason: 12, count: 8[0m
[2019-08-22 14:47:58] [0;32mI (285) cpu_start: Starting scheduler on PRO CPU.[0m
[2019-08-22 14:47:58] [0;32mI (286) sc: START GET WIFI INFO...[0m
[2019-08-22 14:47:58] [0;32mI (288) sc: TRY LOAD WIFI INFO[0m
[2019-08-22 14:47:58] [0;32mI (292) sc: WIFI SSID PASSWD LOAD ERR[0m
[2019-08-22 14:47:58] [0;32mI (296) sc: START initialise_wifi...[0m
[2019-08-22 14:47:58] I (304) wifi: wifi driver task: 3ffc112c, prio:23, stack:3584, core=0
[2019-08-22 14:47:58] [0;32mI (307) system_api: Base MAC address is not set, read default base MAC address from BLK0 of EFUSE[0m
[2019-08-22 14:47:58] [0;32mI (316) system_api: Base MAC address is not set, read default base MAC address from BLK0 of EFUSE[0m
[2019-08-22 14:47:58] I (333) wifi: wifi firmware version: 0c3a77a
[2019-08-22 14:47:58] I (334) wifi: config NVS flash: enabled
[2019-08-22 14:47:58] I (334) wifi: config nano formating: disabled
[2019-08-22 14:47:58] I (338) wifi: Init dynamic tx buffer num: 32
[2019-08-22 14:47:58] I (342) wifi: Init data frame dynamic rx buffer num: 32
[2019-08-22 14:47:58] I (346) wifi: Init management frame dynamic rx buffer num: 32
[2019-08-22 14:47:58] I (352) wifi: Init management short buffer num: 32
[2019-08-22 14:47:58] I (357) wifi: Init static rx buffer size: 1600
[2019-08-22 14:47:58] I (361) wifi: Init static rx buffer num: 10
[2019-08-22 14:47:58] I (365) wifi: Init dynamic rx buffer num: 32
[2019-08-22 14:47:58] [0;33mW (370) phy_init: failed to load RF calibration data (0x1102), falling back to full calibration[0m
[2019-08-22 14:47:58] 
[2019-08-22 14:47:58] Brownout detector was triggered
[2019-08-22 14:47:58] 
[2019-08-22 14:47:58] ets Jun  8 2016 00:22:57
[2019-08-22 14:47:58] 
[2019-08-22 14:47:58] rst:0xc (SW_CPU_RESET),boot:0x13 (SPI_FAST_FLASH_BOOT)
[2019-08-22 14:47:58] configsip: 0, SPIWP:0xee
[2019-08-22 14:47:58] clk_drv:0x00,q_drv:0x00,d_drv:0x00,cs0_drv:0x00,hd_drv:0x00,wp_drv:0x00
[2019-08-22 14:47:58] mode:DIO, clock div:2
[2019-08-22 14:47:58] load:0x3fff0018,len:4
[2019-08-22 14:47:58] load:0x3fff001c,len:6192
[2019-08-22 14:47:58] ho 0 tail 12 room 4
[2019-08-22 14:47:58] load:0x40078000,len:10272
[2019-08-22 14:47:58] load:0x40080400,len:6608
[2019-08-22 14:47:58] entry 0x40080764
[2019-08-22 14:47:58] [0;32mI (31) boot: ESP-IDF v3.2.2-42-g4a9f33944-dirty 2nd stage bootloader[0m
[2019-08-22 14:47:58] [0;32mI (31) boot: compile time 14:30:17[0m
[2019-08-22 14:47:58] [0;32mI (31) boot: Enabling RNG early entropy source...[0m
[2019-08-22 14:47:58] [0;32mI (37) boot: SPI Speed      : 40MHz[0m
[2019-08-22 14:47:58] [0;32mI (41) boot: SPI Mode       : DIO[0m
[2019-08-22 14:47:58] [0;32mI (45) boot: SPI Flash Size : 4MB[0m
[2019-08-22 14:47:58] [0;32mI (49) boot: Partition Table:[0m
[2019-08-22 14:47:58] [0;32mI (53) boot: ## Label            Usage          Type ST Offset   Length[0m
[2019-08-22 14:47:58] [0;32mI (60) boot:  0 nvs              WiFi data        01 02 00009000 00004000[0m
[2019-08-22 14:47:58] [0;32mI (68) boot:  1 otadata          OTA data         01 00 0000d000 00002000[0m
[2019-08-22 14:47:58] [0;32mI (75) boot:  2 phy_init         RF data          01 01 0000f000 00001000[0m
[2019-08-22 14:47:58] [0;32mI (83) boot:  3 ota_0            OTA app          00 10 00010000 001e0000[0m
[2019-08-22 14:47:58] [0;32mI (90) boot:  4 ota_1            OTA app          00 11 001f0000 001e0000[0m
[2019-08-22 14:47:58] [0;32mI (98) boot:  5 coredump         Unknown data     01 03 003d0000 00010000[0m
[2019-08-22 14:47:58] [0;32mI (105) boot:  6 reserved         Unknown data     01 fe 003e0000 00020000[0m
[2019-08-22 14:47:58] [0;32mI (113) boot: End of partition table[0m
[2019-08-22 14:47:58] [0;32mI (117) boot: No factory image, trying OTA 0[0m
[2019-08-22 14:47:58] [0;32mI (122) esp_image: segment 0: paddr=0x00010020 vaddr=0x3f400020 size=0x2c1a0 (180640) map[0m
[2019-08-22 14:47:58] [0;32mI (194) esp_image: segment 1: paddr=0x0003c1c8 vaddr=0x3ffb0000 size=0x02cbc ( 11452) load[0m
[2019-08-22 14:47:58] [0;32mI (199) esp_image: segment 2: paddr=0x0003ee8c vaddr=0x40080000 size=0x00400 (  1024) load[0m
[2019-08-22 14:47:58] [0;32mI (201) esp_image: segment 3: paddr=0x0003f294 vaddr=0x40080400 size=0x00d7c (  3452) load[0m
[2019-08-22 14:47:58] [0;32mI (211) esp_image: segment 4: paddr=0x00040018 vaddr=0x400d0018 size=0xca338 (828216) map[0m
[2019-08-22 14:47:58] [0;32mI (509) esp_image: segment 5: paddr=0x0010a358 vaddr=0x4008117c size=0x0ec40 ( 60480) load[0m
[2019-08-22 14:47:59] [0;32mI (543) boot: Loaded app from partition at offset 0x10000[0m
[2019-08-22 14:47:59] [0;32mI (543) boot: Disabling RNG early entropy source...[0m
[2019-08-22 14:47:59] [0;32mI (544) cpu_start: Pro cpu up.[0m
[2019-08-22 14:47:59] [0;32mI (548) cpu_start: Single core mode[0m
[2019-08-22 14:47:59] [0;32mI (552) heap_init: Initializing. RAM available for dynamic allocation:[0m
[2019-08-22 14:47:59] [0;32mI (559) heap_init: At 3FFAE6E0 len 00001920 (6 KiB): DRAM[0m
[2019-08-22 14:47:59] [0;32mI (565) heap_init: At 3FFBA018 len 00025FE8 (151 KiB): DRAM[0m
[2019-08-22 14:47:59] [0;32mI (571) heap_init: At 3FFE0440 len 0001FBC0 (126 KiB): D/IRAM[0m
[2019-08-22 14:47:59] [0;32mI (578) heap_init: At 40078000 len 00008000 (32 KiB): IRAM[0m
[2019-08-22 14:47:59] [0;32mI (584) heap_init: At 4008FDBC len 00010244 (64 KiB): IRAM[0m
[2019-08-22 14:47:59] [0;32mI (590) cpu_start: Pro cpu start user code[0m
[2019-08-22 14:47:59] D (272) [mupgrade_check, 142]: Add an identifier to the firmware: ** MUPGRADE_FIRMWARE_FLAG **[0m
[2019-08-22 14:47:59] [0;33mW (282) [mupgrade_check, 96]: restart reason: 12, count: 9[0m
[2019-08-22 14:47:59] [0;32mI (285) cpu_start: Starting scheduler on PRO CPU.[0m
[2019-08-22 14:47:59] [0;32mI (286) sc: START GET WIFI INFO...[0m
[2019-08-22 14:47:59] [0;32mI (288) sc: TRY LOAD WIFI INFO[0m
[2019-08-22 14:47:59] [0;32mI (292) sc: WIFI SSID PASSWD LOAD ERR[0m
[2019-08-22 14:47:59] [0;32mI (296) sc: START initialise_wifi...[0m
[2019-08-22 14:47:59] I (304) wifi: wifi driver task: 3ffc112c, prio:23, stack:3584, core=0
[2019-08-22 14:47:59] [0;32mI (307) system_api: Base MAC address is not set, read default base MAC address from BLK0 of EFUSE[0m
[2019-08-22 14:47:59] [0;32mI (316) system_api: Base MAC address is not set, read default base MAC address from BLK0 of EFUSE[0m
[2019-08-22 14:47:59] I (333) wifi: wifi firmware version: 0c3a77a
[2019-08-22 14:47:59] I (334) wifi: config NVS flash: enabled
[2019-08-22 14:47:59] I (334) wifi: config nano formating: disabled
[2019-08-22 14:47:59] I (338) wifi: Init dynamic tx buffer num: 32
[2019-08-22 14:47:59] I (342) wifi: Init data frame dynamic rx buffer num: 32
[2019-08-22 14:47:59] I (346) wifi: Init management frame dynamic rx buffer num: 32
[2019-08-22 14:47:59] I (352) wifi: Init management short buffer num: 32
[2019-08-22 14:47:59] I (357) wifi: Init static rx buffer size: 1600
[2019-08-22 14:47:59] I (361) wifi: Init static rx buffer num: 10
[2019-08-22 14:47:59] I (365) wifi: Init dynamic rx buffer num: 32
[2019-08-22 14:47:59] [0;33mW (370) phy_init: failed to load RF calibration data (0x1102), falling back to full calibration[0m
[2019-08-22 14:47:59] 
[2019-08-22 14:47:59] Brownout detector was triggered
[2019-08-22 14:47:59] 
[2019-08-22 14:47:59] ets Jun  8 2016 00:22:57
[2019-08-22 14:47:59] 
[2019-08-22 14:47:59] rst:0xc (SW_CPU_RESET),boot:0x13 (SPI_FAST_FLASH_BOOT)
[2019-08-22 14:47:59] configsip: 0, SPIWP:0xee
[2019-08-22 14:47:59] clk_drv:0x00,q_drv:0x00,d_drv:0x00,cs0_drv:0x00,hd_drv:0x00,wp_drv:0x00
[2019-08-22 14:47:59] mode:DIO, clock div:2
[2019-08-22 14:47:59] load:0x3fff0018,len:4
[2019-08-22 14:47:59] load:0x3fff001c,len:6192
[2019-08-22 14:47:59] ho 0 tail 12 room 4
[2019-08-22 14:47:59] load:0x40078000,len:10272
[2019-08-22 14:47:59] load:0x40080400,len:6608
[2019-08-22 14:47:59] entry 0x40080764
[2019-08-22 14:47:59] [0;32mI (31) boot: ESP-IDF v3.2.2-42-g4a9f33944-dirty 2nd stage bootloader[0m
[2019-08-22 14:47:59] [0;32mI (31) boot: compile time 14:30:17[0m
[2019-08-22 14:47:59] [0;32mI (31) boot: Enabling RNG early entropy source...[0m
[2019-08-22 14:47:59] [0;32mI (37) boot: SPI Speed      : 40MHz[0m
[2019-08-22 14:47:59] [0;32mI (41) boot: SPI Mode       : DIO[0m
[2019-08-22 14:47:59] [0;32mI (45) boot: SPI Flash Size : 4MB[0m
[2019-08-22 14:47:59] [0;32mI (49) boot: Partition Table:[0m
[2019-08-22 14:47:59] [0;32mI (53) boot: ## Label            Usage          Type ST Offset   Length[0m
[2019-08-22 14:47:59] [0;32mI (60) boot:  0 nvs              WiFi data        01 02 00009000 00004000[0m
[2019-08-22 14:47:59] [0;32mI (68) boot:  1 otadata          OTA data         01 00 0000d000 00002000[0m
[2019-08-22 14:47:59] [0;32mI (75) boot:  2 phy_init         RF data          01 01 0000f000 00001000[0m
[2019-08-22 14:47:59] [0;32mI (83) boot:  3 ota_0            OTA app          00 10 00010000 001e0000[0m
[2019-08-22 14:47:59] [0;32mI (90) boot:  4 ota_1            OTA app          00 11 001f0000 001e0000[0m
[2019-08-22 14:47:59] [0;32mI (98) boot:  5 coredump         Unknown data     01 03 003d0000 00010000[0m
[2019-08-22 14:47:59] [0;32mI (105) boot:  6 reserved         Unknown data     01 fe 003e0000 00020000[0m
[2019-08-22 14:47:59] [0;32mI (113) boot: End of partition table[0m
[2019-08-22 14:47:59] [0;32mI (117) boot: No factory image, trying OTA 0[0m
[2019-08-22 14:47:59] [0;32mI (122) esp_image: segment 0: paddr=0x00010020 vaddr=0x3f400020 size=0x2c1a0 (180640) map[0m
[2019-08-22 14:47:59] [0;32mI (194) esp_image: segment 1: paddr=0x0003c1c8 vaddr=0x3ffb0000 size=0x02cbc ( 11452) load[0m
[2019-08-22 14:47:59] [0;32mI (199) esp_image: segment 2: paddr=0x0003ee8c vaddr=0x40080000 size=0x00400 (  1024) load[0m
[2019-08-22 14:47:59] [0;32mI (201) esp_image: segment 3: paddr=0x0003f294 vaddr=0x40080400 size=0x00d7c (  3452) load[0m
[2019-08-22 14:47:59] [0;32mI (211) esp_image: segment 4: paddr=0x00040018 vaddr=0x400d0018 size=0xca338 (828216) map[0m
[2019-08-22 14:47:59] [0;32mI (509) esp_image: segment 5: paddr=0x0010a358 vaddr=0x4008117c size=0x0ec40 ( 60480) load[0m
[2019-08-22 14:48:00] [0;32mI (543) boot: Loaded app from partition at offset 0x10000[0m
[2019-08-22 14:48:00] [0;32mI (543) boot: Disabling RNG early entropy source...[0m
[2019-08-22 14:48:00] [0;32mI (544) cpu_start: Pro cpu up.[0m
[2019-08-22 14:48:00] [0;32mI (548) cpu_start: Single core mode[0m
[2019-08-22 14:48:00] [0;32mI (552) heap_init: Initializing. RAM available for dynamic allocation:[0m
[2019-08-22 14:48:00] [0;32mI (559) heap_init: At 3FFAE6E0 len 00001920 (6 KiB): DRAM[0m
[2019-08-22 14:48:00] [0;32mI (565) heap_init: At 3FFBA018 len 00025FE8 (151 KiB): DRAM[0m
[2019-08-22 14:48:00] [0;32mI (571) heap_init: At 3FFE0440 len 0001FBC0 (126 KiB): D/IRAM[0m
[2019-08-22 14:48:00] [0;32mI (578) heap_init: At 40078000 len 00008000 (32 KiB): IRAM[0m
[2019-08-22 14:48:00] [0;32mI (584) heap_init: At 4008FDBC len 00010244 (64 KiB): IRAM[0m
[2019-08-22 14:48:00] [0;32mI (590) cpu_start: Pro cpu start user code[0m
[2019-08-22 14:48:00] D (272) [mupgrade_check, 142]: Add an identifier to the firmware: ** MUPGRADE_FIRMWARE_FLAG **[0m
[2019-08-22 14:48:00] [0;33mW (282) [mupgrade_check, 96]: restart reason: 12, count: 10[0m
[2019-08-22 14:48:00] [0;31mE (286) esp_image: image at 0x1f0000 has invalid magic byte[0m
[2019-08-22 14:48:00] [0;33mW (286) esp_image: image at 0x1f0000 has invalid SPI mode 255[0m
[2019-08-22 14:48:00] [0;33mW (291) esp_image: image at 0x1f0000 has invalid SPI size 15[0m
[2019-08-22 14:48:00] [0;33mW (298) [mupgrade_check, 59]: <ESP_ERR_OTA_VALIDATE_FAILED> esp_ota_set_boot_partition failed![0m
[2019-08-22 14:48:00] [0;33mW (307) [mupgrade_check, 151]: <ESP_ERR_OTA_VALIDATE_FAILED> esp_ota_set_boot_partition failed![0m
[2019-08-22 14:48:00] [0;32mI (317) cpu_start: Starting scheduler on PRO CPU.[0m
[2019-08-22 14:48:00] [0;32mI (322) sc: START GET WIFI INFO...[0m
[2019-08-22 14:48:00] [0;32mI (326) sc: TRY LOAD WIFI INFO[0m
[2019-08-22 14:48:00] [0;32mI (329) sc: WIFI SSID PASSWD LOAD ERR[0m
[2019-08-22 14:48:00] [0;32mI (334) sc: START initialise_wifi...[0m
[2019-08-22 14:48:00] I (341) wifi: wifi driver task: 3ffc112c, prio:23, stack:3584, core=0
[2019-08-22 14:48:00] [0;32mI (344) system_api: Base MAC address is not set, read default base MAC address from BLK0 of EFUSE[0m
[2019-08-22 14:48:00] [0;32mI (354) system_api: Base MAC address is not set, read default base MAC address from BLK0 of EFUSE[0m
[2019-08-22 14:48:00] I (370) wifi: wifi firmware version: 0c3a77a
[2019-08-22 14:48:00] I (371) wifi: config NVS flash: enabled
[2019-08-22 14:48:00] I (371) wifi: config nano formating: disabled
[2019-08-22 14:48:00] I (375) wifi: Init dynamic tx buffer num: 32
[2019-08-22 14:48:00] I (379) wifi: Init data frame dynamic rx buffer num: 32
[2019-08-22 14:48:00] I (384) wifi: Init management frame dynamic rx buffer num: 32
[2019-08-22 14:48:00] I (389) wifi: Init management short buffer num: 32
[2019-08-22 14:48:00] I (394) wifi: Init static rx buffer size: 1600
[2019-08-22 14:48:00] I (398) wifi: Init static rx buffer num: 10
[2019-08-22 14:48:00] I (402) wifi: Init dynamic rx buffer num: 32
[2019-08-22 14:48:00] [0;33mW (407) phy_init: failed to load RF calibration data (0x1102), falling back to full calibration[0m
[2019-08-22 14:48:00] 
[2019-08-22 14:48:00] Brownout detector was triggered
[2019-08-22 14:48:00] 
[2019-08-22 14:48:00] ets Jun  8 2016 00:22:57
[2019-08-22 14:48:00] 
[2019-08-22 14:48:00] rst:0xc (SW_CPU_RESET),boot:0x13 (SPI_FAST_FLASH_BOOT)
[2019-08-22 14:48:00] configsip: 0, SPIWP:0xee
[2019-08-22 14:48:00] clk_drv:0x00,q_drv:0x00,d_drv:0x00,cs0_drv:0x00,hd_drv:0x00,wp_drv:0x00
[2019-08-22 14:48:00] mode:DIO, clock div:2
[2019-08-22 14:48:00] load:0x3fff0018,len:4
[2019-08-22 14:48:00] load:0x3fff001c,len:6192
[2019-08-22 14:48:00] ho 0 tail 12 room 4
[2019-08-22 14:48:00] load:0x40078000,len:10272
[2019-08-22 14:48:00] load:0x40080400,len:6608
[2019-08-22 14:48:00] entry 0x40080764
[2019-08-22 14:48:00] [0;32mI (31) boot: ESP-IDF v3.2.2-42-g4a9f33944-dirty 2nd stage bootloader[0m
[2019-08-22 14:48:00] [0;32mI (31) boot: compile time 14:30:17[0m
[2019-08-22 14:48:00] [0;32mI (31) boot: Enabling RNG early entropy source...[0m
[2019-08-22 14:48:00] [0;32mI (37) boot: SPI Speed      : 40MHz[0m
[2019-08-22 14:48:00] [0;32mI (41) boot: SPI Mode       : DIO[0m
[2019-08-22 14:48:00] [0;32mI (45) boot: SPI Flash Size : 4MB[0m
[2019-08-22 14:48:00] [0;32mI (49) boot: Partition Table:[0m
[2019-08-22 14:48:00] [0;32mI (53) boot: ## Label            Usage          Type ST Offset   Length[0m
[2019-08-22 14:48:00] [0;32mI (60) boot:  0 nvs              WiFi data        01 02 00009000 00004000[0m
[2019-08-22 14:48:00] [0;32mI (68) boot:  1 otadata          OTA data         01 00 0000d000 00002000[0m
[2019-08-22 14:48:00] [0;32mI (75) boot:  2 phy_init         RF data          01 01 0000f000 00001000[0m
[2019-08-22 14:48:00] [0;32mI (83) boot:  3 ota_0            OTA app          00 10 00010000 001e0000[0m
[2019-08-22 14:48:00] [0;32mI (90) boot:  4 ota_1            OTA app          00 11 001f0000 001e0000[0m
[2019-08-22 14:48:00] [0;32mI (98) boot:  5 coredump         Unknown data     01 03 003d0000 00010000[0m
[2019-08-22 14:48:00] [0;32mI (105) boot:  6 reserved         Unknown data     01 fe 003e0000 00020000[0m
[2019-08-22 14:48:00] [0;32mI (113) boot: End of partition table[0m
[2019-08-22 14:48:00] [0;32mI (117) boot: No factory image, trying OTA 0[0m
[2019-08-22 14:48:00] [0;32mI (122) esp_image: segment 0: paddr=0x00010020 vaddr=0x3f400020 size=0x2c1a0 (180640) map[0m
[2019-08-22 14:48:00] [0;32mI (194) esp_image: segment 1: paddr=0x0003c1c8 vaddr=0x3ffb0000 size=0x02cbc ( 11452) load[0m
[2019-08-22 14:48:00] [0;32mI (199) esp_image: segment 2: paddr=0x0003ee8c vaddr=0x40080000 size=0x00400 (  1024) load[0m
[2019-08-22 14:48:00] [0;32mI (201) esp_image: segment 3: paddr=0x0003f294 vaddr=0x40080400 size=0x00d7c (  3452) load[0m
[2019-08-22 14:48:00] [0;32mI (211) esp_image: segment 4: paddr=0x00040018 vaddr=0x400d0018 size=0xca338 (828216) map[0m
[2019-08-22 14:48:00] [0;32mI (509) esp_image: segment 5: paddr=0x0010a358 vaddr=0x4008117c size=0x0ec40 ( 60480) load[0m
[2019-08-22 14:48:00] [0;32mI (543) boot: Loaded app from partition at offset 0x10000[0m
[2019-08-22 14:48:00] [0;32mI (543) boot: Disabling RNG early entropy source...[0m
[2019-08-22 14:48:00] [0;32mI (544) cpu_start: Pro cpu up.[0m
[2019-08-22 14:48:00] [0;32mI (548) cpu_start: Single core mode[0m
[2019-08-22 14:48:00] [0;32mI (552) heap_init: Initializing. RAM available for dynamic allocation:[0m
[2019-08-22 14:48:00] [0;32mI (559) heap_init: At 3FFAE6E0 len 00001920 (6 KiB): DRAM[0m
[2019-08-22 14:48:00] [0;32mI (565) heap_init: At 3FFBA018 len 00025FE8 (151 KiB): DRAM[0m
[2019-08-22 14:48:00] [0;32mI (571) heap_init: At 3FFE0440 len 0001FBC0 (126 KiB): D/IRAM[0m
[2019-08-22 14:48:00] [0;32mI (578) heap_init: At 40078000 len 00008000 (32 KiB): IRAM[0m
[2019-08-22 14:48:00] [0;32mI (584) heap_init: At 4008FDBC len 00010244 (64 KiB): IRAM[0m
[2019-08-22 14:48:00] [0;32mI (590) cpu_start: Pro cpu start user code[0m
[2019-08-22 14:48:00] D (272) [mupgrade_check, 142]: Add an identifier to the firmware: ** MUPGRADE_FIRMWARE_FLAG **[0m
[2019-08-22 14:48:00] D (282) [mdf_info_store, 153]: <ESP_ERR_NVS_NOT_FOUND> Get value for given key, key: mupgrade_count[0m
[2019-08-22 14:48:00] [0;33mW (282) [mupgrade_check, 96]: restart reason: 12, count: 1[0m
[2019-08-22 14:48:00] [0;32mI (289) cpu_start: Starting scheduler on PRO CPU.[0m
[2019-08-22 14:48:00] [0;32mI (293) sc: START GET WIFI INFO...[0m
[2019-08-22 14:48:00] [0;32mI (297) sc: TRY LOAD WIFI INFO[0m
[2019-08-22 14:48:00] [0;32mI (300) sc: WIFI SSID PASSWD LOAD ERR[0m
[2019-08-22 14:48:00] [0;32mI (305) sc: START initialise_wifi...[0m
[2019-08-22 14:48:00] I (312) wifi: wifi driver task: 3ffc112c, prio:23, stack:3584, core=0
[2019-08-22 14:48:00] [0;32mI (315) system_api: Base MAC address is not set, read default base MAC address from BLK0 of EFUSE[0m
[2019-08-22 14:48:00] [0;32mI (325) system_api: Base MAC address is not set, read default base MAC address from BLK0 of EFUSE[0m
[2019-08-22 14:48:00] I (341) wifi: wifi firmware version: 0c3a77a
[2019-08-22 14:48:00] I (342) wifi: config NVS flash: enabled
[2019-08-22 14:48:00] I (342) wifi: config nano formating: disabled
[2019-08-22 14:48:00] I (346) wifi: Init dynamic tx buffer num: 32
[2019-08-22 14:48:00] I (350) wifi: Init data frame dynamic rx buffer num: 32
[2019-08-22 14:48:00] I (355) wifi: Init management frame dynamic rx buffer num: 32
[2019-08-22 14:48:00] I (360) wifi: Init management short buffer num: 32
[2019-08-22 14:48:00] I (365) wifi: Init static rx buffer size: 1600
[2019-08-22 14:48:00] I (369) wifi: Init static rx buffer num: 10
[2019-08-22 14:48:01] I (373) wifi: Init dynamic rx buffer num: 32
[2019-08-22 14:48:01] [0;33mW (378) phy_init: failed to load RF calibration data (0x1102), falling back to full calibration[0m
[2019-08-22 14:48:01] 
[2019-08-22 14:48:01] Brownout detector was triggered
[2019-08-22 14:48:01] 
[2019-08-22 14:48:01] ets Jun  8 2016 00:22:57
[2019-08-22 14:48:01] 
[2019-08-22 14:48:01] rst:0xc (SW_CPU_RESET),boot:0x13 (SPI_FAST_FLASH_BOOT)
[2019-08-22 14:48:01] configsip: 0, SPIWP:0xee
[2019-08-22 14:48:01] clk_drv:0x00,q_drv:0x00,d_drv:0x00,cs0_drv:0x00,hd_drv:0x00,wp_drv:0x00
[2019-08-22 14:48:01] mode:DIO, clock div:2
[2019-08-22 14:48:01] load:0x3fff0018,len:4
[2019-08-22 14:48:01] load:0x3fff001c,len:6192
[2019-08-22 14:48:01] ho 0 tail 12 room 4
[2019-08-22 14:48:01] load:0x40078000,len:10272
[2019-08-22 14:48:01] load:0x40080400,len:6608
[2019-08-22 14:48:01] entry 0x40080764
[2019-08-22 14:48:01] [0;32mI (31) boot: ESP-IDF v3.2.2-42-g4a9f33944-dirty 2nd stage bootloader[0m
[2019-08-22 14:48:01] [0;32mI (31) boot: compile time 14:30:17[0m
[2019-08-22 14:48:01] [0;32mI (31) boot: Enabling RNG early entropy source...[0m
[2019-08-22 14:48:01] [0;32mI (37) boot: SPI Speed      : 40MHz[0m
[2019-08-22 14:48:01] [0;32mI (41) boot: SPI Mode       : DIO[0m
[2019-08-22 14:48:01] [0;32mI (45) boot: SPI Flash Size : 4MB[0m
[2019-08-22 14:48:01] [0;32mI (49) boot: Partition Table:[0m
[2019-08-22 14:48:01] [0;32mI (53) boot: ## Label            Usage          Type ST Offset   Length[0m
[2019-08-22 14:48:01] [0;32mI (60) boot:  0 nvs              WiFi data        01 02 00009000 00004000[0m
[2019-08-22 14:48:01] [0;32mI (68) boot:  1 otadata          OTA data         01 00 0000d000 00002000[0m
[2019-08-22 14:48:01] [0;32mI (75) boot:  2 phy_init         RF data          01 01 0000f000 00001000[0m
[2019-08-22 14:48:01] [0;32mI (83) boot:  3 ota_0            OTA app          00 10 00010000 001e0000[0m
[2019-08-22 14:48:01] [0;32mI (90) boot:  4 ota_1            OTA app          00 11 001f0000 001e0000[0m
[2019-08-22 14:48:01] [0;32mI (98) boot:  5 coredump         Unknown data     01 03 003d0000 00010000[0m
[2019-08-22 14:48:01] [0;32mI (105) boot:  6 reserved         Unknown data     01 fe 003e0000 00020000[0m
[2019-08-22 14:48:01] [0;32mI (113) boot: End of partition table[0m
[2019-08-22 14:48:01] [0;32mI (117) boot: No factory image, trying OTA 0[0m
[2019-08-22 14:48:01] [0;32mI (122) esp_image: segment 0: paddr=0x00010020 vaddr=0x3f400020 size=0x2c1a0 (180640) map[0m
[2019-08-22 14:48:01] [0;32mI (194) esp_image: segment 1: paddr=0x0003c1c8 vaddr=0x3ffb0000 size=0x02cbc ( 11452) load[0m
[2019-08-22 14:48:01] [0;32mI (199) esp_image: segment 2: paddr=0x0003ee8c vaddr=0x40080000 size=0x00400 (  1024) load[0m
[2019-08-22 14:48:01] [0;32mI (201) esp_image: segment 3: paddr=0x0003f294 vaddr=0x40080400 size=0x00d7c (  3452) load[0m
[2019-08-22 14:48:01] [0;32mI (211) esp_image: segment 4: paddr=0x00040018 vaddr=0x400d0018 size=0xca338 (828216) map[0m
[2019-08-22 14:48:01] [0;32mI (509) esp_image: segment 5: paddr=0x0010a358 vaddr=0x4008117c size=0x0ec40 ( 60480) load[0m
[2019-08-22 14:48:01] [0;32mI (543) boot: Loaded app from partition at offset 0x10000[0m
[2019-08-22 14:48:01] [0;32mI (543) boot: Disabling RNG early entropy source...[0m
[2019-08-22 14:48:01] [0;32mI (544) cpu_start: Pro cpu up.[0m
[2019-08-22 14:48:01] [0;32mI (548) cpu_start: Single core mode[0m
[2019-08-22 14:48:01] [0;32mI (552) heap_init: Initializing. RAM available for dynamic allocation:[0m
[2019-08-22 14:48:01] [0;32mI (559) heap_init: At 3FFAE6E0 len 00001920 (6 KiB): DRAM[0m
[2019-08-22 14:48:01] [0;32mI (565) heap_init: At 3FFBA018 len 00025FE8 (151 KiB): DRAM[0m
[2019-08-22 14:48:01] [0;32mI (571) heap_init: At 3FFE0440 len 0001FBC0 (126 KiB): D/IRAM[0m
[2019-08-22 14:48:01] [0;32mI (578) heap_init: At 40078000 len 00008000 (32 KiB): IRAM[0m
[2019-08-22 14:48:01] [0;32mI (584) heap_init: At 4008FDBC len 00010244 (64 KiB): IRAM[0m
[2019-08-22 14:48:01] [0;32mI (590) cpu_start: Pro cpu start user code[0m
[2019-08-22 14:48:01] D (272) [mupgrade_check, 142]: Add an identifier to the firmware: ** MUPGRADE_FIRMWARE_FLAG **[0m
[2019-08-22 14:48:01] [0;33mW (282) [mupgrade_check, 96]: restart reason: 12, count: 2[0m
[2019-08-22 14:48:01] [0;32mI (285) cpu_start: Starting scheduler on PRO CPU.[0m
[2019-08-22 14:48:01] [0;32mI (286) sc: START GET WIFI INFO...[0m
[2019-08-22 14:48:01] [0;32mI (288) sc: TRY LOAD WIFI INFO[0m
[2019-08-22 14:48:01] [0;32mI (292) sc: WIFI SSID PASSWD LOAD ERR[0m
[2019-08-22 14:48:01] [0;32mI (296) sc: START initialise_wifi...[0m
[2019-08-22 14:48:01] I (304) wifi: wifi driver task: 3ffc112c, prio:23, stack:3584, core=0
[2019-08-22 14:48:01] [0;32mI (307) system_api: Base MAC address is not set, read default base MAC address from BLK0 of EFUSE[0m
[2019-08-22 14:48:01] [0;32mI (316) system_api: Base MAC address is not set, read default base MAC address from BLK0 of EFUSE[0m
[2019-08-22 14:48:01] I (333) wifi: wifi firmware version: 0c3a77a
[2019-08-22 14:48:01] I (334) wifi: config NVS flash: enabled
[2019-08-22 14:48:01] I (334) wifi: config nano formating: disabled
[2019-08-22 14:48:01] I (338) wifi: Init dynamic tx buffer num: 32
[2019-08-22 14:48:01] I (342) wifi: Init data frame dynamic rx buffer num: 32
[2019-08-22 14:48:01] I (346) wifi: Init management frame dynamic rx buffer num: 32
[2019-08-22 14:48:01] I (352) wifi: Init management short buffer num: 32
[2019-08-22 14:48:01] I (357) wifi: Init static rx buffer size: 1600
[2019-08-22 14:48:01] I (361) wifi: Init static rx buffer num: 10
[2019-08-22 14:48:01] I (365) wifi: Init dynamic rx buffer num: 32
[2019-08-22 14:48:01] [0;33mW (370) phy_init: failed to load RF calibration data (0x1102), falling back to full calibration[0m
[2019-08-22 14:48:01] 
[2019-08-22 14:48:01] Brownout detector was triggered
[2019-08-22 14:48:01] 
[2019-08-22 14:48:01] ets Jun  8 2016 00:22:57
[2019-08-22 14:48:01] 
[2019-08-22 14:48:01] rst:0xc (SW_CPU_RESET),boot:0x13 (SPI_FAST_FLASH_BOOT)
[2019-08-22 14:48:01] configsip: 0, SPIWP:0xee
[2019-08-22 14:48:01] clk_drv:0x00,q_drv:0x00,d_drv:0x00,cs0_drv:0x00,hd_drv:0x00,wp_drv:0x00
[2019-08-22 14:48:01] mode:DIO, clock div:2
[2019-08-22 14:48:01] load:0x3fff0018,len:4
[2019-08-22 14:48:01] load:0x3fff001c,len:6192
[2019-08-22 14:48:01] ho 0 tail 12 room 4
[2019-08-22 14:48:01] load:0x40078000,len:10272
[2019-08-22 14:48:01] load:0x40080400,len:6608
[2019-08-22 14:48:01] entry 0x40080764
[2019-08-22 14:48:01] [0;32mI (31) boot: ESP-IDF v3.2.2-42-g4a9f33944-dirty 2nd stage bootloader[0m
[2019-08-22 14:48:01] [0;32mI (31) boot: compile time 14:30:17[0m
[2019-08-22 14:48:01] [0;32mI (31) boot: Enabling RNG early entropy source...[0m
[2019-08-22 14:48:01] [0;32mI (37) boot: SPI Speed      : 40MHz[0m
[2019-08-22 14:48:01] [0;32mI (41) boot: SPI Mode       : DIO[0m
[2019-08-22 14:48:01] [0;32mI (45) boot: SPI Flash Size : 4MB[0m
[2019-08-22 14:48:01] [0;32mI (49) boot: Partition Table:[0m
[2019-08-22 14:48:01] [0;32mI (53) boot: ## Label            Usage          Type ST Offset   Length[0m
[2019-08-22 14:48:01] [0;32mI (60) boot:  0 nvs              WiFi data        01 02 00009000 00004000[0m
[2019-08-22 14:48:01] [0;32mI (68) boot:  1 otadata          OTA data         01 00 0000d000 00002000[0m
[2019-08-22 14:48:01] [0;32mI (75) boot:  2 phy_init         RF data          01 01 0000f000 00001000[0m
[2019-08-22 14:48:01] [0;32mI (83) boot:  3 ota_0            OTA app          00 10 00010000 001e0000[0m
[2019-08-22 14:48:01] [0;32mI (90) boot:  4 ota_1            OTA app          00 11 001f0000 001e0000[0m
[2019-08-22 14:48:01] [0;32mI (98) boot:  5 coredump         Unknown data     01 03 003d0000 00010000[0m
[2019-08-22 14:48:01] [0;32mI (105) boot:  6 reserved         Unknown data     01 fe 003e0000 00020000[0m
[2019-08-22 14:48:01] [0;32mI (113) boot: End of partition table[0m
[2019-08-22 14:48:01] [0;32mI (117) boot: No factory image, trying OTA 0[0m
[2019-08-22 14:48:01] [0;32mI (122) esp_image: segment 0: paddr=0x00010020 vaddr=0x3f400020 size=0x2c1a0 (180640) map[0m
[2019-08-22 14:48:01] [0;32mI (194) esp_image: segment 1: paddr=0x0003c1c8 vaddr=0x3ffb0000 size=0x02cbc ( 11452) load[0m
[2019-08-22 14:48:02] [0;32mI (199) esp_image: segment 2: paddr=0x0003ee8c vaddr=0x40080000 size=0x00400 (  1024) load[0m
[2019-08-22 14:48:02] [0;32mI (201) esp_image: segment 3: paddr=0x0003f294 vaddr=0x40080400 size=0x00d7c (  3452) load[0m
[2019-08-22 14:48:02] [0;32mI (211) esp_image: segment 4: paddr=0x00040018 vaddr=0x400d0018 size=0xca338 (828216) map[0m
[2019-08-22 14:48:02] [0;32mI (509) esp_image: segment 5: paddr=0x0010a358 vaddr=0x4008117c size=0x0ec40 ( 60480) load[0m
[2019-08-22 14:48:02] [0;32mI (543) boot: Loaded app from partition at offset 0x10000[0m
[2019-08-22 14:48:02] [0;32mI (543) boot: Disabling RNG early entropy source...[0m
[2019-08-22 14:48:02] [0;32mI (544) cpu_start: Pro cpu up.[0m
[2019-08-22 14:48:02] [0;32mI (548) cpu_start: Single core mode[0m
[2019-08-22 14:48:02] [0;32mI (552) heap_init: Initializing. RAM available for dynamic allocation:[0m
[2019-08-22 14:48:02] [0;32mI (559) heap_init: At 3FFAE6E0 len 00001920 (6 KiB): DRAM[0m
[2019-08-22 14:48:02] [0;32mI (565) heap_init: At 3FFBA018 len 00025FE8 (151 KiB): DRAM[0m
[2019-08-22 14:48:02] [0;32mI (571) heap_init: At 3FFE0440 len 0001FBC0 (126 KiB): D/IRAM[0m
[2019-08-22 14:48:02] [0;32mI (578) heap_init: At 40078000 len 00008000 (32 KiB): IRAM[0m
[2019-08-22 14:48:02] [0;32mI (584) heap_init: At 4008FDBC len 00010244 (64 KiB): IRAM[0m
[2019-08-22 14:48:02] [0;32mI (590) cpu_start: Pro cpu start user code[0m
[2019-08-22 14:48:02] D (272) [mupgrade_check, 142]: Add an identifier to the firmware: ** MUPGRADE_FIRMWARE_FLAG **[0m
[2019-08-22 14:48:02] [0;33mW (282) [mupgrade_check, 96]: restart reason: 12, count: 3[0m
[2019-08-22 14:48:02] [0;32mI (285) cpu_start: Starting scheduler on PRO CPU.[0m
[2019-08-22 14:48:02] [0;32mI (286) sc: START GET WIFI INFO...[0m
[2019-08-22 14:48:02] [0;32mI (288) sc: TRY LOAD WIFI INFO[0m
[2019-08-22 14:48:02] [0;32mI (292) sc: WIFI SSID PASSWD LOAD ERR[0m
[2019-08-22 14:48:02] [0;32mI (296) sc: START initialise_wifi...[0m
[2019-08-22 14:48:02] I (304) wifi: wifi driver task: 3ffc112c, prio:23, stack:3584, core=0
[2019-08-22 14:48:02] [0;32mI (307) system_api: Base MAC address is not set, read default base MAC address from BLK0 of EFUSE[0m
[2019-08-22 14:48:02] [0;32mI (316) system_api: Base MAC address is not set, read default base MAC address from BLK0 of EFUSE[0m
[2019-08-22 14:48:02] I (333) wifi: wifi firmware version: 0c3a77a
[2019-08-22 14:48:02] I (333) wifi: config NVS flash: enabled
[2019-08-22 14:48:02] I (334) wifi: config nano formating: disabled
[2019-08-22 14:48:02] I (338) wifi: Init dynamic tx buffer num: 32
[2019-08-22 14:48:02] I (342) wifi: Init data frame dynamic rx buffer num: 32
[2019-08-22 14:48:02] I (346) wifi: Init management frame dynamic rx buffer num: 32
[2019-08-22 14:48:02] I (352) wifi: Init management short buffer num: 32
[2019-08-22 14:48:02] I (357) wifi: Init static rx buffer size: 1600
[2019-08-22 14:48:02] I (361) wifi: Init static rx buffer num: 10
[2019-08-22 14:48:02] I (365) wifi: Init dynamic rx buffer num: 32
[2019-08-22 14:48:02] [0;33mW (369) phy_init: failed to load RF calibration data (0x1102), falling back to full calibration[0m
[2019-08-22 14:48:02] 
[2019-08-22 14:48:02] Brownout detector was triggered
[2019-08-22 14:48:02] 
[2019-08-22 14:48:02] ets Jun  8 2016 00:22:57
[2019-08-22 14:48:02] 
[2019-08-22 14:48:02] rst:0xc (SW_CPU_RESET),boot:0x13 (SPI_FAST_FLASH_BOOT)
[2019-08-22 14:48:02] configsip: 0, SPIWP:0xee
[2019-08-22 14:48:02] clk_drv:0x00,q_drv:0x00,d_drv:0x00,cs0_drv:0x00,hd_drv:0x00,wp_drv:0x00
[2019-08-22 14:48:02] mode:DIO, clock div:2
[2019-08-22 14:48:02] load:0x3fff0018,len:4
[2019-08-22 14:48:02] load:0x3fff001c,len:6192
[2019-08-22 14:48:02] ho 0 tail 12 room 4
[2019-08-22 14:48:02] load:0x40078000,len:10272
[2019-08-22 14:48:02] load:0x40080400,len:6608
[2019-08-22 14:48:02] entry 0x40080764
[2019-08-22 14:48:02] [0;32mI (31) boot: ESP-IDF v3.2.2-42-g4a9f33944-dirty 2nd stage bootloader[0m
[2019-08-22 14:48:02] [0;32mI (31) boot: compile time 14:30:17[0m
[2019-08-22 14:48:02] [0;32mI (31) boot: Enabling RNG early entropy source...[0m
[2019-08-22 14:48:02] [0;32mI (37) boot: SPI Speed      : 40MHz[0m
[2019-08-22 14:48:02] [0;32mI (41) boot: SPI Mode       : DIO[0m
[2019-08-22 14:48:02] [0;32mI (45) boot: SPI Flash Size : 4MB[0m
[2019-08-22 14:48:02] [0;32mI (49) boot: Partition Table:[0m
[2019-08-22 14:48:02] [0;32mI (53) boot: ## Label            Usage          Type ST Offset   Length[0m
[2019-08-22 14:48:02] [0;32mI (60) boot:  0 nvs              WiFi data        01 02 00009000 00004000[0m
[2019-08-22 14:48:02] [0;32mI (68) boot:  1 otadata          OTA data         01 00 0000d000 00002000[0m
[2019-08-22 14:48:02] [0;32mI (75) boot:  2 phy_init         RF data          01 01 0000f000 00001000[0m
[2019-08-22 14:48:02] [0;32mI (83) boot:  3 ota_0            OTA app          00 10 00010000 001e0000[0m
[2019-08-22 14:48:02] [0;32mI (90) boot:  4 ota_1            OTA app          00 11 001f0000 001e0000[0m
[2019-08-22 14:48:02] [0;32mI (98) boot:  5 coredump         Unknown data     01 03 003d0000 00010000[0m
[2019-08-22 14:48:02] [0;32mI (105) boot:  6 reserved         Unknown data     01 fe 003e0000 00020000[0m
[2019-08-22 14:48:02] [0;32mI (113) boot: End of partition table[0m
[2019-08-22 14:48:02] [0;32mI (117) boot: No factory image, trying OTA 0[0m
[2019-08-22 14:48:02] [0;32mI (122) esp_image: segment 0: paddr=0x00010020 vaddr=0x3f400020 size=0x2c1a0 (180640) map[0m
[2019-08-22 14:48:02] [0;32mI (194) esp_image: segment 1: paddr=0x0003c1c8 vaddr=0x3ffb0000 size=0x02cbc ( 11452) load[0m
[2019-08-22 14:48:02] [0;32mI (199) esp_image: segment 2: paddr=0x0003ee8c vaddr=0x40080000 size=0x00400 (  1024) load[0m
[2019-08-22 14:48:02] [0;32mI (201) esp_image: segment 3: paddr=0x0003f294 vaddr=0x40080400 size=0x00d7c (  3452) load[0m
[2019-08-22 14:48:02] [0;32mI (211) esp_image: segment 4: paddr=0x00040018 vaddr=0x400d0018 size=0xca338 (828216) map[0m
[2019-08-22 14:48:02] [0;32mI (509) esp_image: segment 5: paddr=0x0010a358 vaddr=0x4008117c size=0x0ec40 ( 60480) load[0m
[2019-08-22 14:48:03] [0;32mI (543) boot: Loaded app from partition at offset 0x10000[0m
[2019-08-22 14:48:03] [0;32mI (543) boot: Disabling RNG early entropy source...[0m
[2019-08-22 14:48:03] [0;32mI (544) cpu_start: Pro cpu up.[0m
[2019-08-22 14:48:03] [0;32mI (548) cpu_start: Single core mode[0m
[2019-08-22 14:48:03] [0;32mI (552) heap_init: Initializing. RAM available for dynamic allocation:[0m
[2019-08-22 14:48:03] [0;32mI (559) heap_init: At 3FFAE6E0 len 00001920 (6 KiB): DRAM[0m
[2019-08-22 14:48:03] [0;32mI (565) heap_init: At 3FFBA018 len 00025FE8 (151 KiB): DRAM[0m
[2019-08-22 14:48:03] [0;32mI (571) heap_init: At 3FFE0440 len 0001FBC0 (126 KiB): D/IRAM[0m
[2019-08-22 14:48:03] [0;32mI (578) heap_init: At 40078000 len 00008000 (32 KiB): IRAM[0m
[2019-08-22 14:48:03] [0;32mI (584) heap_init: At 4008FDBC len 00010244 (64 KiB): IRAM[0m
[2019-08-22 14:48:03] [0;32mI (590) cpu_start: Pro cpu start user code[0m
[2019-08-22 14:48:03] D (272) [mupgrade_check, 142]: Add an identifier to the firmware: ** MUPGRADE_FIRMWARE_FLAG **[0m
[2019-08-22 14:48:03] [0;33mW (282) [mupgrade_check, 96]: restart reason: 12, count: 4[0m
[2019-08-22 14:48:03] [0;32mI (285) cpu_start: Starting scheduler on PRO CPU.[0m
[2019-08-22 14:48:03] [0;32mI (286) sc: START GET WIFI INFO...[0m
[2019-08-22 14:48:03] [0;32mI (288) sc: TRY LOAD WIFI INFO[0m
[2019-08-22 14:48:03] [0;32mI (292) sc: WIFI SSID PASSWD LOAD ERR[0m
[2019-08-22 14:48:03] [0;32mI (296) sc: START initialise_wifi...[0m
[2019-08-22 14:48:03] I (304) wifi: wifi driver task: 3ffc112c, prio:23, stack:3584, core=0
[2019-08-22 14:48:03] [0;32mI (307) system_api: Base MAC address is not set, read default base MAC address from BLK0 of EFUSE[0m
[2019-08-22 14:48:03] [0;32mI (316) system_api: Base MAC address is not set, read default base MAC address from BLK0 of EFUSE[0m
[2019-08-22 14:48:03] I (333) wifi: wifi firmware version: 0c3a77a
[2019-08-22 14:48:03] I (334) wifi: config NVS flash: enabled
[2019-08-22 14:48:03] I (334) wifi: config nano formating: disabled
[2019-08-22 14:48:03] I (338) wifi: Init dynamic tx buffer num: 32
[2019-08-22 14:48:03] I (342) wifi: Init data frame dynamic rx buffer num: 32
[2019-08-22 14:48:03] I (346) wifi: Init management frame dynamic rx buffer num: 32
[2019-08-22 14:48:03] I (352) wifi: Init management short buffer num: 32
[2019-08-22 14:48:03] I (357) wifi: Init static rx buffer size: 1600
[2019-08-22 14:48:03] I (361) wifi: Init static rx buffer num: 10
[2019-08-22 14:48:03] I (365) wifi: Init dynamic rx buffer num: 32
[2019-08-22 14:48:03] [0;33mW (370) phy_init: failed to load RF calibration data (0x1102), falling back to full calibration[0m
[2019-08-22 14:48:03] 
[2019-08-22 14:48:03] Brownout detector was triggered
[2019-08-22 14:48:03] 
[2019-08-22 14:48:03] ets Jun  8 2016 00:22:57
[2019-08-22 14:48:03] 
[2019-08-22 14:48:03] rst:0xc (SW_CPU_RESET),boot:0x13 (SPI_FAST_FLASH_BOOT)
[2019-08-22 14:48:03] configsip: 0, SPIWP:0xee
[2019-08-22 14:48:03] clk_drv:0x00,q_drv:0x00,d_drv:0x00,cs0_drv:0x00,hd_drv:0x00,wp_drv:0x00
[2019-08-22 14:48:03] mode:DIO, clock div:2
[2019-08-22 14:48:03] load:0x3fff0018,len:4
[2019-08-22 14:48:03] load:0x3fff001c,len:6192
[2019-08-22 14:48:03] ho 0 tail 12 room 4
[2019-08-22 14:48:03] load:0x40078000,len:10272
[2019-08-22 14:48:03] load:0x40080400,len:6608
[2019-08-22 14:48:03] entry 0x40080764
[2019-08-22 14:48:03] [0;32mI (31) boot: ESP-IDF v3.2.2-42-g4a9f33944-dirty 2nd stage bootloader[0m
[2019-08-22 14:48:03] [0;32mI (31) boot: compile time 14:30:17[0m
[2019-08-22 14:48:03] [0;32mI (31) boot: Enabling RNG early entropy source...[0m
[2019-08-22 14:48:03] [0;32mI (37) boot: SPI Speed      : 40MHz[0m
[2019-08-22 14:48:03] [0;32mI (41) boot: SPI Mode       : DIO[0m
[2019-08-22 14:48:03] [0;32mI (45) boot: SPI Flash Size : 4MB[0m
[2019-08-22 14:48:03] [0;32mI (49) boot: Partition Table:[0m
[2019-08-22 14:48:03] [0;32mI (53) boot: ## Label            Usage          Type ST Offset   Length[0m
[2019-08-22 14:48:03] [0;32mI (60) boot:  0 nvs              WiFi data        01 02 00009000 00004000[0m
[2019-08-22 14:48:03] [0;32mI (68) boot:  1 otadata          OTA data         01 00 0000d000 00002000[0m
[2019-08-22 14:48:03] [0;32mI (75) boot:  2 phy_init         RF data          01 01 0000f000 00001000[0m
[2019-08-22 14:48:03] [0;32mI (83) boot:  3 ota_0            OTA app          00 10 00010000 001e0000[0m
[2019-08-22 14:48:03] [0;32mI (90) boot:  4 ota_1            OTA app          00 11 001f0000 001e0000[0m
[2019-08-22 14:48:03] [0;32mI (98) boot:  5 coredump         Unknown data     01 03 003d0000 00010000[0m
[2019-08-22 14:48:03] [0;32mI (105) boot:  6 reserved         Unknown data     01 fe 003e0000 00020000[0m
[2019-08-22 14:48:03] [0;32mI (113) boot: End of partition table[0m
[2019-08-22 14:48:03] [0;32mI (117) boot: No factory image, trying OTA 0[0m
[2019-08-22 14:48:03] [0;32mI (122) esp_image: segment 0: paddr=0x00010020 vaddr=0x3f400020 size=0x2c1a0 (180640) map[0m
[2019-08-22 14:48:03] [0;32mI (194) esp_image: segment 1: paddr=0x0003c1c8 vaddr=0x3ffb0000 size=0x02cbc ( 11452) load[0m
[2019-08-22 14:48:03] [0;32mI (199) esp_image: segment 2: paddr=0x0003ee8c vaddr=0x40080000 size=0x00400 (  1024) load[0m
[2019-08-22 14:48:03] [0;32mI (201) esp_image: segment 3: paddr=0x0003f294 vaddr=0x40080400 size=0x00d7c (  3452) load[0m
[2019-08-22 14:48:03] [0;32mI (211) esp_image: segment 4: paddr=0x00040018 vaddr=0x400d0018 size=0xca338 (828216) map[0m
[2019-08-22 14:48:03] [0;32mI (509) esp_image: segment 5: paddr=0x0010a358 vaddr=0x4008117c size=0x0ec40 ( 60480) load[0m
[2019-08-22 14:48:03] [0;32mI (543) boot: Loaded app from partition at offset 0x10000[0m
[2019-08-22 14:48:03] [0;32mI (543) boot: Disabling RNG early entropy source...[0m
[2019-08-22 14:48:03] [0;32mI (544) cpu_start: Pro cpu up.[0m
[2019-08-22 14:48:03] [0;32mI (548) cpu_start: Single core mode[0m
[2019-08-22 14:48:03] [0;32mI (552) heap_init: Initializing. RAM available for dynamic allocation:[0m
[2019-08-22 14:48:03] [0;32mI (559) heap_init: At 3FFAE6E0 len 00001920 (6 KiB): DRAM[0m
[2019-08-22 14:48:03] [0;32mI (565) heap_init: At 3FFBA018 len 00025FE8 (151 KiB): DRAM[0m
[2019-08-22 14:48:03] [0;32mI (571) heap_init: At 3FFE0440 len 0001FBC0 (126 KiB): D/IRAM[0m
[2019-08-22 14:48:03] [0;32mI (578) heap_init: At 40078000 len 00008000 (32 KiB): IRAM[0m
[2019-08-22 14:48:03] [0;32mI (584) heap_init: At 4008FDBC len 00010244 (64 KiB): IRAM[0m
[2019-08-22 14:48:03] [0;32mI (590) cpu_start: Pro cpu start user code[0m
[2019-08-22 14:48:03] D (272) [mupgrade_check, 142]: Add an identifier to the firmware: ** MUPGRADE_FIRMWARE_FLAG **[0m
[2019-08-22 14:48:03] [0;33mW (282) [mupgrade_check, 96]: restart reason: 12, count: 5[0m
[2019-08-22 14:48:03] [0;32mI (285) cpu_start: Starting scheduler on PRO CPU.[0m
[2019-08-22 14:48:03] [0;32mI (286) sc: START GET WIFI INFO...[0m
[2019-08-22 14:48:03] [0;32mI (288) sc: TRY LOAD WIFI INFO[0m
[2019-08-22 14:48:03] [0;32mI (292) sc: WIFI SSID PASSWD LOAD ERR[0m
[2019-08-22 14:48:03] [0;32mI (296) sc: START initialise_wifi...[0m
[2019-08-22 14:48:03] I (304) wifi: wifi driver task: 3ffc112c, prio:23, stack:3584, core=0
[2019-08-22 14:48:03] [0;32mI (307) system_api: Base MAC address is not set, read default base MAC address from BLK0 of EFUSE[0m
[2019-08-22 14:48:04] [0;32mI (316) system_api: Base MAC address is not set, read default base MAC address from BLK0 of EFUSE[0m
[2019-08-22 14:48:04] I (333) wifi: wifi firmware version: 0c3a77a
[2019-08-22 14:48:04] I (334) wifi: config NVS flash: enabled
[2019-08-22 14:48:04] I (334) wifi: config nano formating: disabled
[2019-08-22 14:48:04] I (338) wifi: Init dynamic tx buffer num: 32
[2019-08-22 14:48:04] I (342) wifi: Init data frame dynamic rx buffer num: 32
[2019-08-22 14:48:04] I (346) wifi: Init management frame dynamic rx buffer num: 32
[2019-08-22 14:48:04] I (352) wifi: Init management short buffer num: 32
[2019-08-22 14:48:04] I (357) wifi: Init static rx buffer size: 1600
[2019-08-22 14:48:04] I (361) wifi: Init static rx buffer num: 10
[2019-08-22 14:48:04] I (365) wifi: Init dynamic rx buffer num: 32
[2019-08-22 14:48:04] [0;33mW (369) phy_init: failed to load RF calibration data (0x1102), falling back to full calibration[0m
[2019-08-22 14:48:04] 
[2019-08-22 14:48:04] Brownout detector was triggered
[2019-08-22 14:48:04] 
[2019-08-22 14:48:04] ets Jun  8 2016 00:22:57
[2019-08-22 14:48:04] 
[2019-08-22 14:48:04] rst:0xc (SW_CPU_RESET),boot:0x13 (SPI_FAST_FLASH_BOOT)
[2019-08-22 14:48:04] configsip: 0, SPIWP:0xee
[2019-08-22 14:48:04] clk_drv:0x00,q_drv:0x00,d_drv:0x00,cs0_drv:0x00,hd_drv:0x00,wp_drv:0x00
[2019-08-22 14:48:04] mode:DIO, clock div:2
[2019-08-22 14:48:04] load:0x3fff0018,len:4
[2019-08-22 14:48:04] load:0x3fff001c,len:6192
[2019-08-22 14:48:04] ho 0 tail 12 room 4
[2019-08-22 14:48:04] load:0x40078000,len:10272
[2019-08-22 14:48:04] load:0x40080400,len:6608
[2019-08-22 14:48:04] entry 0x40080764
[2019-08-22 14:48:04] [0;32mI (31) boot: ESP-IDF v3.2.2-42-g4a9f33944-dirty 2nd stage bootloader[0m
[2019-08-22 14:48:04] [0;32mI (31) boot: compile time 14:30:17[0m
[2019-08-22 14:48:04] [0;32mI (31) boot: Enabling RNG early entropy source...[0m
[2019-08-22 14:48:04] [0;32mI (37) boot: SPI Speed      : 40MHz[0m
[2019-08-22 14:48:04] [0;32mI (41) boot: SPI Mode       : DIO[0m
[2019-08-22 14:48:04] [0;32mI (45) boot: SPI Flash Size : 4MB[0m
[2019-08-22 14:48:04] [0;32mI (49) boot: Partition Table:[0m
[2019-08-22 14:48:04] [0;32mI (53) boot: ## Label            Usage          Type ST Offset   Length[0m
[2019-08-22 14:48:04] [0;32mI (60) boot:  0 nvs              WiFi data        01 02 00009000 00004000[0m
[2019-08-22 14:48:04] [0;32mI (68) boot:  1 otadata          OTA data         01 00 0000d000 00002000[0m
[2019-08-22 14:48:04] [0;32mI (75) boot:  2 phy_init         RF data          01 01 0000f000 00001000[0m
[2019-08-22 14:48:04] [0;32mI (83) boot:  3 ota_0            OTA app          00 10 00010000 001e0000[0m
[2019-08-22 14:48:04] [0;32mI (90) boot:  4 ota_1            OTA app          00 11 001f0000 001e0000[0m
[2019-08-22 14:48:04] [0;32mI (98) boot:  5 coredump         Unknown data     01 03 003d0000 00010000[0m
[2019-08-22 14:48:04] [0;32mI (105) boot:  6 reserved         Unknown data     01 fe 003e0000 00020000[0m
[2019-08-22 14:48:04] [0;32mI (113) boot: End of partition table[0m
[2019-08-22 14:48:04] [0;32mI (117) boot: No factory image, trying OTA 0[0m
[2019-08-22 14:48:04] [0;32mI (122) esp_image: segment 0: paddr=0x00010020 vaddr=0x3f400020 size=0x2c1a0 (180640) map[0m
[2019-08-22 14:48:04] [0;32mI (194) esp_image: segment 1: paddr=0x0003c1c8 vaddr=0x3ffb0000 size=0x02cbc ( 11452) load[0m
[2019-08-22 14:48:04] [0;32mI (199) esp_image: segment 2: paddr=0x0003ee8c vaddr=0x40080000 size=0x00400 (  1024) load[0m
[2019-08-22 14:48:04] [0;32mI (201) esp_image: segment 3: paddr=0x0003f294 vaddr=0x40080400 size=0x00d7c (  3452) load[0m
[2019-08-22 14:48:04] [0;32mI (211) esp_image: segment 4: paddr=0x00040018 vaddr=0x400d0018 size=0xca338 (828216) map[0m
[2019-08-22 14:48:04] [0;32mI (509) esp_image: segment 5: paddr=0x0010a358 vaddr=0x4008117c size=0x0ec40 ( 60480) load[0m
[2019-08-22 14:48:04] [0;32mI (543) boot: Loaded app from partition at offset 0x10000[0m
[2019-08-22 14:48:04] [0;32mI (543) boot: Disabling RNG early entropy source...[0m
[2019-08-22 14:48:04] [0;32mI (544) cpu_start: Pro cpu up.[0m
[2019-08-22 14:48:04] [0;32mI (548) cpu_start: Single core mode[0m
[2019-08-22 14:48:04] [0;32mI (552) heap_init: Initializing. RAM available for dynamic allocation:[0m
[2019-08-22 14:48:04] [0;32mI (559) heap_init: At 3FFAE6E0 len 00001920 (6 KiB): DRAM[0m
[2019-08-22 14:48:04] [0;32mI (565) heap_init: At 3FFBA018 len 00025FE8 (151 KiB): DRAM[0m
[2019-08-22 14:48:04] [0;32mI (571) heap_init: At 3FFE0440 len 0001FBC0 (126 KiB): D/IRAM[0m
[2019-08-22 14:48:04] [0;32mI (578) heap_init: At 40078000 len 00008000 (32 KiB): IRAM[0m
[2019-08-22 14:48:04] [0;32mI (584) heap_init: At 4008FDBC len 00010244 (64 KiB): IRAM[0m
[2019-08-22 14:48:04] [0;32mI (590) cpu_start: Pro cpu start user code[0m
[2019-08-22 14:48:04] D (272) [mupgrade_check, 142]: Add an identifier to the firmware: ** MUPGRADE_FIRMWARE_FLAG **[0m
[2019-08-22 14:48:04] [0;33mW (282) [mupgrade_check, 96]: restart reason: 12, count: 6[0m
[2019-08-22 14:48:04] [0;32mI (285) cpu_start: Starting scheduler on PRO CPU.[0m
[2019-08-22 14:48:04] [0;32mI (286) sc: START GET WIFI INFO...[0m
[2019-08-22 14:48:04] [0;32mI (288) sc: TRY LOAD WIFI INFO[0m
[2019-08-22 14:48:04] [0;32mI (292) sc: WIFI SSID PASSWD LOAD ERR[0m
[2019-08-22 14:48:04] [0;32mI (296) sc: START initialise_wifi...[0m
[2019-08-22 14:48:04] I (304) wifi: wifi driver task: 3ffc112c, prio:23, stack:3584, core=0
[2019-08-22 14:48:04] [0;32mI (307) system_api: Base MAC address is not set, read default base MAC address from BLK0 of EFUSE[0m
[2019-08-22 14:48:04] [0;32mI (316) system_api: Base MAC address is not set, read default base MAC address from BLK0 of EFUSE[0m
[2019-08-22 14:48:04] I (333) wifi: wifi firmware version: 0c3a77a
[2019-08-22 14:48:04] I (334) wifi: config NVS flash: enabled
[2019-08-22 14:48:04] I (334) wifi: config nano formating: disabled
[2019-08-22 14:48:04] I (338) wifi: Init dynamic tx buffer num: 32
[2019-08-22 14:48:04] I (342) wifi: Init data frame dynamic rx buffer num: 32
[2019-08-22 14:48:04] I (346) wifi: Init management frame dynamic rx buffer num: 32
[2019-08-22 14:48:04] I (352) wifi: Init management short buffer num: 32
[2019-08-22 14:48:04] I (357) wifi: Init static rx buffer size: 1600
[2019-08-22 14:48:04] I (361) wifi: Init static rx buffer num: 10
[2019-08-22 14:48:04] I (365) wifi: Init dynamic rx buffer num: 32
[2019-08-22 14:48:04] [0;33mW (369) phy_init: failed to load RF calibration data (0x1102), falling back to full calibration[0m
[2019-08-22 14:48:04] 
[2019-08-22 14:48:04] Brownout detector was triggered
[2019-08-22 14:48:04] 
[2019-08-22 14:48:04] ets Jun  8 2016 00:22:57
[2019-08-22 14:48:04] 
[2019-08-22 14:48:04] rst:0xc (SW_CPU_RESET),boot:0x13 (SPI_FAST_FLASH_BOOT)
[2019-08-22 14:48:04] configsip: 0, SPIWP:0xee
[2019-08-22 14:48:04] clk_drv:0x00,q_drv:0x00,d_drv:0x00,cs0_drv:0x00,hd_drv:0x00,wp_drv:0x00
[2019-08-22 14:48:04] mode:DIO, clock div:2
[2019-08-22 14:48:04] load:0x3fff0018,len:4
[2019-08-22 14:48:04] load:0x3fff001c,len:6192
[2019-08-22 14:48:04] ho 0 tail 12 room 4
[2019-08-22 14:48:04] load:0x40078000,len:10272
[2019-08-22 14:48:04] load:0x40080400,len:6608
[2019-08-22 14:48:04] entry 0x40080764
[2019-08-22 14:48:04] [0;32mI (31) boot: ESP-IDF v3.2.2-42-g4a9f33944-dirty 2nd stage bootloader[0m
[2019-08-22 14:48:04] [0;32mI (31) boot: compile time 14:30:17[0m
[2019-08-22 14:48:04] [0;32mI (31) boot: Enabling RNG early entropy source...[0m
[2019-08-22 14:48:04] [0;32mI (37) boot: SPI Speed      : 40MHz[0m
[2019-08-22 14:48:04] [0;32mI (41) boot: SPI Mode       : DIO[0m
[2019-08-22 14:48:04] [0;32mI (45) boot: SPI Flash Size : 4MB[0m
[2019-08-22 14:48:04] [0;32mI (49) boot: Partition Table:[0m
[2019-08-22 14:48:04] [0;32mI (53) boot: ## Label            Usage          Type ST Offset   Length[0m
[2019-08-22 14:48:04] [0;32mI (60) boot:  0 nvs              WiFi data        01 02 00009000 00004000[0m
[2019-08-22 14:48:04] [0;32mI (68) boot:  1 otadata          OTA data         01 00 0000d000 00002000[0m
[2019-08-22 14:48:04] [0;32mI (75) boot:  2 phy_init         RF data          01 01 0000f000 00001000[0m
[2019-08-22 14:48:04] [0;32mI (83) boot:  3 ota_0            OTA app          00 10 00010000 001e0000[0m
[2019-08-22 14:48:04] [0;32mI (90) boot:  4 ota_1            OTA app          00 11 001f0000 001e0000[0m
[2019-08-22 14:48:04] [0;32mI (98) boot:  5 coredump         Unknown data     01 03 003d0000 00010000[0m
[2019-08-22 14:48:04] [0;32mI (105) boot:  6 reserved         Unknown data     01 fe 003e0000 00020000[0m
[2019-08-22 14:48:04] [0;32mI (113) boot: End of partition table[0m
[2019-08-22 14:48:04] [0;32mI (117) boot: No factory image, trying OTA 0[0m
[2019-08-22 14:48:04] [0;32mI (122) esp_image: segment 0: paddr=0x00010020 vaddr=0x3f400020 size=0x2c1a0 (180640) map[0m
[2019-08-22 14:48:04] [0;32mI (194) esp_image: segment 1: paddr=0x0003c1c8 vaddr=0x3ffb0000 size=0x02cbc ( 11452) load[0m
[2019-08-22 14:48:05] [0;32mI (199) esp_image: segment 2: paddr=0x0003ee8c vaddr=0x40080000 size=0x00400 (  1024) load[0m
[2019-08-22 14:48:05] [0;32mI (201) esp_image: segment 3: paddr=0x0003f294 vaddr=0x40080400 size=0x00d7c (  3452) load[0m
[2019-08-22 14:48:05] [0;32mI (211) esp_image: segment 4: paddr=0x00040018 vaddr=0x400d0018 size=0xca338 (828216) map[0m
[2019-08-22 14:48:05] [0;32mI (509) esp_image: segment 5: paddr=0x0010a358 vaddr=0x4008117c size=0x0ec40 ( 60480) load[0m
[2019-08-22 14:48:05] [0;32mI (543) boot: Loaded app from partition at offset 0x10000[0m
[2019-08-22 14:48:05] [0;32mI (543) boot: Disabling RNG early entropy source...[0m
[2019-08-22 14:48:05] [0;32mI (544) cpu_start: Pro cpu up.[0m
[2019-08-22 14:48:05] [0;32mI (548) cpu_start: Single core mode[0m
[2019-08-22 14:48:05] [0;32mI (552) heap_init: Initializing. RAM available for dynamic allocation:[0m
[2019-08-22 14:48:05] [0;32mI (559) heap_init: At 3FFAE6E0 len 00001920 (6 KiB): DRAM[0m
[2019-08-22 14:48:05] [0;32mI (565) heap_init: At 3FFBA018 len 00025FE8 (151 KiB): DRAM[0m
[2019-08-22 14:48:05] [0;32mI (571) heap_init: At 3FFE0440 len 0001FBC0 (126 KiB): D/IRAM[0m
[2019-08-22 14:48:05] [0;32mI (578) heap_init: At 40078000 len 00008000 (32 KiB): IRAM[0m
[2019-08-22 14:48:05] [0;32mI (584) heap_init: At 4008FDBC len 00010244 (64 KiB): IRAM[0m
[2019-08-22 14:48:05] [0;32mI (590) cpu_start: Pro cpu start user code[0m
[2019-08-22 14:48:05] D (272) [mupgrade_check, 142]: Add an identifier to the firmware: ** MUPGRADE_FIRMWARE_FLAG **[0m
[2019-08-22 14:48:05] [0;33mW (282) [mupgrade_check, 96]: restart reason: 12, count: 7[0m
[2019-08-22 14:48:05] [0;32mI (285) cpu_start: Starting scheduler on PRO CPU.[0m
[2019-08-22 14:48:05] [0;32mI (286) sc: START GET WIFI INFO...[0m
[2019-08-22 14:48:05] [0;32mI (288) sc: TRY LOAD WIFI INFO[0m
[2019-08-22 14:48:05] [0;32mI (292) sc: WIFI SSID PASSWD LOAD ERR[0m
[2019-08-22 14:48:05] [0;32mI (296) sc: START initialise_wifi...[0m
[2019-08-22 14:48:05] I (304) wifi: wifi driver task: 3ffc112c, prio:23, stack:3584, core=0
[2019-08-22 14:48:05] [0;32mI (307) system_api: Base MAC address is not set, read default base MAC address from BLK0 of EFUSE[0m
[2019-08-22 14:48:05] [0;32mI (316) system_api: Base MAC address is not set, read default base MAC address from BLK0 of EFUSE[0m
[2019-08-22 14:48:05] I (333) wifi: wifi firmware version: 0c3a77a
[2019-08-22 14:48:05] I (334) wifi: config NVS flash: enabled
[2019-08-22 14:48:05] I (334) wifi: config nano formating: disabled
[2019-08-22 14:48:05] I (338) wifi: Init dynamic tx buffer num: 32
[2019-08-22 14:48:05] I (342) wifi: Init data frame dynamic rx buffer num: 32
[2019-08-22 14:48:05] I (346) wifi: Init management frame dynamic rx buffer num: 32
[2019-08-22 14:48:05] I (352) wifi: Init management short buffer num: 32
[2019-08-22 14:48:05] I (357) wifi: Init static rx buffer size: 1600
[2019-08-22 14:48:05] I (361) wifi: Init static rx buffer num: 10
[2019-08-22 14:48:05] I (364) wifi: Init dynamic rx buffer num: 32
[2019-08-22 14:48:05] [0;33mW (369) phy_init: failed to load RF calibration data (0x1102), falling back to full calibration[0m
[2019-08-22 14:48:05] 
[2019-08-22 14:48:05] Brownout detector was triggered
[2019-08-22 14:48:05] 
[2019-08-22 14:48:05] ets Jun  8 2016 00:22:57
[2019-08-22 14:48:05] 
[2019-08-22 14:48:05] rst:0xc (SW_CPU_RESET),boot:0x13 (SPI_FAST_FLASH_BOOT)
[2019-08-22 14:48:05] configsip: 0, SPIWP:0xee
[2019-08-22 14:48:05] clk_drv:0x00,q_drv:0x00,d_drv:0x00,cs0_drv:0x00,hd_drv:0x00,wp_drv:0x00
[2019-08-22 14:48:05] mode:DIO, clock div:2
[2019-08-22 14:48:05] load:0x3fff0018,len:4
[2019-08-22 14:48:05] load:0x3fff001c,len:6192
[2019-08-22 14:48:05] ho 0 tail 12 room 4
[2019-08-22 14:48:05] load:0x40078000,len:10272
[2019-08-22 14:48:05] load:0x40080400,len:6608
[2019-08-22 14:48:05] entry 0x40080764
[2019-08-22 14:48:05] [0;32mI (31) boot: ESP-IDF v3.2.2-42-g4a9f33944-dirty 2nd stage bootloader[0m
[2019-08-22 14:48:05] [0;32mI (31) boot: compile time 14:30:17[0m
[2019-08-22 14:48:05] [0;32mI (31 boot: Eets Jun  8 2016 00:22:57
[2019-08-22 14:48:05] 
[2019-08-22 14:48:05] rst:0xc (SW_CPU_RESET),boot:0x13 (SPI_FAST_FLASH_BOOT)
[2019-08-22 14:48:05] configsip: 0, SPIWP:0xee
[2019-08-22 14:48:05] clk_drv:0x00,q_drv:0x00,d_drv:0x00,cs0_drv:0x00,hd_drv:0x00,wp_drv:0x00
[2019-08-22 14:48:05] mode:DIO, clock div:2
[2019-08-22 14:48:05] load:0x3fff0018,len:4
[2019-08-22 14:48:05] load:0x3fff001c,len:6192
[2019-08-22 14:48:05] ho 0 tail 12 room 4
[2019-08-22 14:48:05] load:0x40078000,len:10272
[2019-08-22 14:48:05] load:0x40080400,len:6608
[2019-08-22 14:48:05] entry 0x40080764
[2019-08-22 14:48:05] [0;32mI (30) boot: ESP-IDF v3.2.2-42-g4a9f33944-dirty 2nd stage bootloader[0m
[2019-08-22 14:48:05] [0;32mI (30) boot: compile time 14:30:17[0m
[2019-08-22 14:48:05] [0;32mI (30) boot: Enabling RNG early entropy source...[0m
[2019-08-22 14:48:05] [0;32mI (36) boot: SPI Speed      : 40MHz[0m
[2019-08-22 14:48:05] [0;32mI (40) boot: SPI Mode       : DIO[0m
[2019-08-22 14:48:05] [0;32mI (44) boot: SPI Flash Size : 4MB[0m
